Archive member included because of file (symbol)

/home/hansung/ndsdev/devkitPro/libnds/lib/libnds9.a(keys.o)
                              main.o (scanKeys)
/home/hansung/ndsdev/devkitPro/libnds/lib/libnds9.a(sprite.o)
                              main.o (oamInit)
/home/hansung/ndsdev/devkitPro/libnds/lib/libnds9.a(sprite_alloc.o)
                              /home/hansung/ndsdev/devkitPro/libnds/lib/libnds9.a(sprite.o) (oamAllocReset)
/home/hansung/ndsdev/devkitPro/libnds/lib/libnds9.a(trig.o)
                              /home/hansung/ndsdev/devkitPro/libnds/lib/libnds9.a(sprite.o) (sinLerp)
/home/hansung/ndsdev/devkitPro/libnds/lib/libnds9.a(initSystem.o)
                              /home/hansung/ndsdev/devkitPro/devkitARM/bin/../lib/gcc/arm-none-eabi/4.7.1/../../../../arm-none-eabi/lib/thumb/ds_arm9_crt0.o (initSystem)
/home/hansung/ndsdev/devkitPro/libnds/lib/libnds9.a(fifosystem.o)
                              /home/hansung/ndsdev/devkitPro/libnds/lib/libnds9.a(initSystem.o) (fifoSendValue32)
/home/hansung/ndsdev/devkitPro/libnds/lib/libnds9.a(interrupts.o)
                              /home/hansung/ndsdev/devkitPro/libnds/lib/libnds9.a(fifosystem.o) (irqSet)
/home/hansung/ndsdev/devkitPro/libnds/lib/libnds9.a(libnds_exit.arm.o)
                              /home/hansung/ndsdev/devkitPro/devkitARM/bin/../lib/gcc/arm-none-eabi/4.7.1/../../../../arm-none-eabi/lib/thumb/ds_arm9_crt0.o (__libnds_exit)
/home/hansung/ndsdev/devkitPro/libnds/lib/libnds9.a(dcache.o)
                              /home/hansung/ndsdev/devkitPro/libnds/lib/libnds9.a(sprite.o) (DC_FlushRange)
/home/hansung/ndsdev/devkitPro/libnds/lib/libnds9.a(mpu_setup.o)
                              /home/hansung/ndsdev/devkitPro/devkitARM/bin/../lib/gcc/arm-none-eabi/4.7.1/../../../../arm-none-eabi/lib/thumb/ds_arm9_crt0.o (__libnds_mpu_setup)
/home/hansung/ndsdev/devkitPro/libnds/lib/libnds9.a(biosCalls.o)
                              /home/hansung/ndsdev/devkitPro/libnds/lib/libnds9.a(fifosystem.o) (swiIntrWait)
/home/hansung/ndsdev/devkitPro/libnds/lib/libnds9.a(interruptDispatcher.o)
                              /home/hansung/ndsdev/devkitPro/libnds/lib/libnds9.a(interrupts.o) (IntrMain)
/home/hansung/ndsdev/devkitPro/libnds/lib/libnds9.a(swiSoftReset.o)
                              /home/hansung/ndsdev/devkitPro/libnds/lib/libnds9.a(fifosystem.o) (swiSoftReset)
/home/hansung/ndsdev/devkitPro/libnds/lib/libnds9.a(system.o)
                              /home/hansung/ndsdev/devkitPro/libnds/lib/libnds9.a(initSystem.o) (systemMsgHandler)
/home/hansung/ndsdev/devkitPro/libnds/lib/libnds9.a(video.o)
                              /home/hansung/ndsdev/devkitPro/libnds/lib/libnds9.a(initSystem.o) (vramDefault)
/home/hansung/ndsdev/devkitPro/devkitARM/bin/../lib/gcc/arm-none-eabi/4.7.1/../../../../arm-none-eabi/lib/thumb/libg.a(lib_a-bsearch.o)
                              /home/hansung/ndsdev/devkitPro/libnds/lib/libnds9.a(trig.o) (bsearch)
/home/hansung/ndsdev/devkitPro/devkitARM/bin/../lib/gcc/arm-none-eabi/4.7.1/../../../../arm-none-eabi/lib/thumb/libg.a(lib_a-init.o)
                              /home/hansung/ndsdev/devkitPro/devkitARM/bin/../lib/gcc/arm-none-eabi/4.7.1/../../../../arm-none-eabi/lib/thumb/ds_arm9_crt0.o (__libc_init_array)
/home/hansung/ndsdev/devkitPro/devkitARM/bin/../lib/gcc/arm-none-eabi/4.7.1/../../../../arm-none-eabi/lib/thumb/libg.a(lib_a-malloc.o)
                              /home/hansung/ndsdev/devkitPro/libnds/lib/libnds9.a(sprite_alloc.o) (malloc)
/home/hansung/ndsdev/devkitPro/devkitARM/bin/../lib/gcc/arm-none-eabi/4.7.1/../../../../arm-none-eabi/lib/thumb/libg.a(lib_a-mallocr.o)
                              /home/hansung/ndsdev/devkitPro/devkitARM/bin/../lib/gcc/arm-none-eabi/4.7.1/../../../../arm-none-eabi/lib/thumb/libg.a(lib_a-malloc.o) (_malloc_r)
/home/hansung/ndsdev/devkitPro/devkitARM/bin/../lib/gcc/arm-none-eabi/4.7.1/../../../../arm-none-eabi/lib/thumb/libg.a(lib_a-memcpy-stub.o)
                              /home/hansung/ndsdev/devkitPro/libnds/lib/libnds9.a(fifosystem.o) (memcpy)
/home/hansung/ndsdev/devkitPro/devkitARM/bin/../lib/gcc/arm-none-eabi/4.7.1/../../../../arm-none-eabi/lib/thumb/libg.a(lib_a-memset.o)
                              main.o (memset)
/home/hansung/ndsdev/devkitPro/devkitARM/bin/../lib/gcc/arm-none-eabi/4.7.1/../../../../arm-none-eabi/lib/thumb/libg.a(lib_a-mlock.o)
                              /home/hansung/ndsdev/devkitPro/devkitARM/bin/../lib/gcc/arm-none-eabi/4.7.1/../../../../arm-none-eabi/lib/thumb/libg.a(lib_a-mallocr.o) (__malloc_lock)
/home/hansung/ndsdev/devkitPro/devkitARM/bin/../lib/gcc/arm-none-eabi/4.7.1/../../../../arm-none-eabi/lib/thumb/libg.a(lib_a-realloc.o)
                              /home/hansung/ndsdev/devkitPro/libnds/lib/libnds9.a(sprite_alloc.o) (realloc)
/home/hansung/ndsdev/devkitPro/devkitARM/bin/../lib/gcc/arm-none-eabi/4.7.1/../../../../arm-none-eabi/lib/thumb/libg.a(lib_a-reallocr.o)
                              /home/hansung/ndsdev/devkitPro/devkitARM/bin/../lib/gcc/arm-none-eabi/4.7.1/../../../../arm-none-eabi/lib/thumb/libg.a(lib_a-realloc.o) (_realloc_r)
/home/hansung/ndsdev/devkitPro/devkitARM/bin/../lib/gcc/arm-none-eabi/4.7.1/../../../../arm-none-eabi/lib/thumb/libg.a(lib_a-freer.o)
                              /home/hansung/ndsdev/devkitPro/devkitARM/bin/../lib/gcc/arm-none-eabi/4.7.1/../../../../arm-none-eabi/lib/thumb/libg.a(lib_a-malloc.o) (_free_r)
/home/hansung/ndsdev/devkitPro/devkitARM/bin/../lib/gcc/arm-none-eabi/4.7.1/../../../../arm-none-eabi/lib/thumb/libg.a(lib_a-impure.o)
                              /home/hansung/ndsdev/devkitPro/devkitARM/bin/../lib/gcc/arm-none-eabi/4.7.1/../../../../arm-none-eabi/lib/thumb/libg.a(lib_a-malloc.o) (_impure_ptr)
/home/hansung/ndsdev/devkitPro/devkitARM/bin/../lib/gcc/arm-none-eabi/4.7.1/../../../../arm-none-eabi/lib/thumb/libg.a(lib_a-memmove.o)
                              /home/hansung/ndsdev/devkitPro/devkitARM/bin/../lib/gcc/arm-none-eabi/4.7.1/../../../../arm-none-eabi/lib/thumb/libg.a(lib_a-reallocr.o) (memmove)
/home/hansung/ndsdev/devkitPro/devkitARM/bin/../lib/gcc/arm-none-eabi/4.7.1/../../../../arm-none-eabi/lib/thumb/libsysbase.a(sbrk.o)
                              /home/hansung/ndsdev/devkitPro/devkitARM/bin/../lib/gcc/arm-none-eabi/4.7.1/../../../../arm-none-eabi/lib/thumb/libg.a(lib_a-mallocr.o) (_sbrk_r)
/home/hansung/ndsdev/devkitPro/devkitARM/bin/../lib/gcc/arm-none-eabi/4.7.1/../../../../arm-none-eabi/lib/thumb/libsysbase.a(times.o)
                              /home/hansung/ndsdev/devkitPro/libnds/lib/libnds9.a(initSystem.o) (punixTime)
/home/hansung/ndsdev/devkitPro/devkitARM/bin/../lib/gcc/arm-none-eabi/4.7.1/../../../../arm-none-eabi/lib/thumb/libsysbase.a(malloc_vars.o)
                              /home/hansung/ndsdev/devkitPro/devkitARM/bin/../lib/gcc/arm-none-eabi/4.7.1/../../../../arm-none-eabi/lib/thumb/ds_arm9_crt0.o (fake_heap_start)
/home/hansung/ndsdev/devkitPro/devkitARM/bin/../lib/gcc/arm-none-eabi/4.7.1/../../../../arm-none-eabi/lib/thumb/libsysbase.a(build_argv.o)
                              /home/hansung/ndsdev/devkitPro/devkitARM/bin/../lib/gcc/arm-none-eabi/4.7.1/../../../../arm-none-eabi/lib/thumb/ds_arm9_crt0.o (build_argv)
/home/hansung/ndsdev/devkitPro/devkitARM/bin/../lib/gcc/arm-none-eabi/4.7.1/../../../../arm-none-eabi/lib/thumb/libsysbase.a(syscall_support.o)
                              /home/hansung/ndsdev/devkitPro/libnds/lib/libnds9.a(initSystem.o) (__syscalls)
/home/hansung/ndsdev/devkitPro/devkitARM/bin/../lib/gcc/arm-none-eabi/4.7.1/../../../../arm-none-eabi/lib/thumb/libg.a(lib_a-errno.o)
                              /home/hansung/ndsdev/devkitPro/devkitARM/bin/../lib/gcc/arm-none-eabi/4.7.1/../../../../arm-none-eabi/lib/thumb/libsysbase.a(times.o) (__errno)

Allocating common symbols
Common symbol       size              file

fifo_datamsg_data   0x40              /home/hansung/ndsdev/devkitPro/libnds/lib/libnds9.a(fifosystem.o)
__dsimode           0x1               /home/hansung/ndsdev/devkitPro/libnds/lib/libnds9.a(initSystem.o)
fifo_buffer         0x800             /home/hansung/ndsdev/devkitPro/libnds/lib/libnds9.a(fifosystem.o)
fifo_value32_func   0x40              /home/hansung/ndsdev/devkitPro/libnds/lib/libnds9.a(fifosystem.o)
fifo_address_func   0x40              /home/hansung/ndsdev/devkitPro/libnds/lib/libnds9.a(fifosystem.o)
fifo_value32_data   0x40              /home/hansung/ndsdev/devkitPro/libnds/lib/libnds9.a(fifosystem.o)
fifo_value32_queue  0x40              /home/hansung/ndsdev/devkitPro/libnds/lib/libnds9.a(fifosystem.o)
fifo_data_queue     0x40              /home/hansung/ndsdev/devkitPro/libnds/lib/libnds9.a(fifosystem.o)
OamMemorySub        0x400             /home/hansung/ndsdev/devkitPro/libnds/lib/libnds9.a(sprite.o)
punixTime           0x4               /home/hansung/ndsdev/devkitPro/devkitARM/bin/../lib/gcc/arm-none-eabi/4.7.1/../../../../arm-none-eabi/lib/thumb/libsysbase.a(times.o)
fifo_address_data   0x40              /home/hansung/ndsdev/devkitPro/libnds/lib/libnds9.a(fifosystem.o)
fifo_datamsg_func   0x40              /home/hansung/ndsdev/devkitPro/libnds/lib/libnds9.a(fifosystem.o)
OamMemory           0x400             /home/hansung/ndsdev/devkitPro/libnds/lib/libnds9.a(sprite.o)
fifo_address_queue  0x40              /home/hansung/ndsdev/devkitPro/libnds/lib/libnds9.a(fifosystem.o)

Memory Configuration

Name             Origin             Length             Attributes
rom              0x08000000         0x02000000
ewram            0x02000000         0x003ff000
dtcm             0x0b000000         0x00004000
vectors          0x01000000         0x00000100
itcm             0x01000100         0x00007f00
*default*        0x00000000         0xffffffff

Linker script and memory map

                0x01000000                __vectors_start = ORIGIN (vectors)
                0x01000100                __itcm_start = ORIGIN (itcm)
                0x023ff000                __ewram_end = (ORIGIN (ewram) + 0x3ff000)
                0x023ff000                __eheap_end = (ORIGIN (ewram) + 0x3ff000)
                0x0b000000                __dtcm_start = ORIGIN (dtcm)
                0x0b004000                __dtcm_top = (ORIGIN (dtcm) + 0x4000)
                0x0b003ff8                __irq_flags = (__dtcm_top - 0x8)
                0x0b003ffc                __irq_vector = (__dtcm_top - 0x4)
                0x0b003f00                __sp_svc = (__dtcm_top - 0x100)
                0x0b003e00                __sp_irq = (__sp_svc - 0x100)
                0x0b003d00                __sp_usr = (__sp_irq - 0x100)

.init           0x02000000      0x23c
                0x02000000                __text_start = .
 *(.init)
 .init          0x02000000      0x230 /home/hansung/ndsdev/devkitPro/devkitARM/bin/../lib/gcc/arm-none-eabi/4.7.1/../../../../arm-none-eabi/lib/thumb/ds_arm9_crt0.o
                0x02000000                _start
 .init          0x02000230        0x4 /home/hansung/ndsdev/devkitPro/devkitARM/bin/../lib/gcc/arm-none-eabi/4.7.1/thumb/crti.o
                0x02000230                _init
 .init          0x02000234        0x8 /home/hansung/ndsdev/devkitPro/devkitARM/bin/../lib/gcc/arm-none-eabi/4.7.1/thumb/crtn.o
                0x0200023c                . = ALIGN (0x4)

.plt
 *(.plt)

.text           0x02000240     0x3478
 *(EXCLUDE_FILE(*.itcm*) .text)
 .text          0x02000240        0x0 /home/hansung/ndsdev/devkitPro/devkitARM/bin/../lib/gcc/arm-none-eabi/4.7.1/../../../../arm-none-eabi/lib/thumb/ds_arm9_crt0.o
 .text          0x02000240        0x0 /home/hansung/ndsdev/devkitPro/devkitARM/bin/../lib/gcc/arm-none-eabi/4.7.1/thumb/crti.o
 .text          0x02000240       0xd0 /home/hansung/ndsdev/devkitPro/devkitARM/bin/../lib/gcc/arm-none-eabi/4.7.1/thumb/crtbegin.o
 .text          0x02000310        0x0 down.o
 .text          0x02000310        0x0 man.o
 .text          0x02000310        0x0 up.o
 .text          0x02000310        0x0 woman.o
 .text          0x02000310       0xd0 main.o
                0x02000310                animateMan
                0x0200034c                initMan
                0x0200036c                animateWoman
                0x0200037c                initWoman
 .text          0x020003e0       0xf4 /home/hansung/ndsdev/devkitPro/libnds/lib/libnds9.a(keys.o)
                0x020003e0                scanKeys
                0x0200044c                keysHeld
                0x02000458                keysDown
                0x02000468                keysDownRepeat
                0x02000478                keysSetRepeat
                0x02000490                keysUp
                0x020004a0                keysCurrent
 .text          0x020004d4      0x3f4 /home/hansung/ndsdev/devkitPro/libnds/lib/libnds9.a(sprite.o)
                0x020004d4                oamInit
                0x020005e8                oamDisable
                0x02000618                oamEnable
                0x0200063c                oamGetGfxPtr
                0x02000670                oamClear
                0x02000698                oamGfxPtrToOffset
                0x020006cc                oamSet
                0x0200081c                oamUpdate
                0x0200087c                oamRotateScale
 .text          0x020008c8      0x450 /home/hansung/ndsdev/devkitPro/libnds/lib/libnds9.a(sprite_alloc.o)
                0x020008f8                oamAllocReset
                0x0200092c                oamAllocateGfx
                0x02000b30                oamFreeGfx
                0x02000ccc                oamCountFragments
 .text          0x02000d18      0x244 /home/hansung/ndsdev/devkitPro/libnds/lib/libnds9.a(trig.o)
                0x02000d18                asinComp
                0x02000d40                sinLutLookup
                0x02000d7c                sinLerp
                0x02000db4                cosLerp
                0x02000dc8                tanLutLookup
                0x02000e00                tanLerp
                0x02000ea4                asinLerp
                0x02000f20                acosLerp
                0x02000f34                atanComp
 .text          0x02000f5c      0x140 /home/hansung/ndsdev/devkitPro/libnds/lib/libnds9.a(initSystem.o)
                0x02000f5c                initSystem
 .text          0x0200109c      0xc58 /home/hansung/ndsdev/devkitPro/libnds/lib/libnds9.a(fifosystem.o)
                0x020012f0                fifoSendAddress
                0x0200131c                fifoSendValue32
                0x0200135c                fifoSendDatamsg
                0x020013cc                fifoGetAddress
                0x02001444                fifoSetAddressHandler
                0x020014b8                fifoGetValue32
                0x0200152c                fifoSetValue32Handler
                0x020015a0                fifoGetDatamsg
                0x02001a24                fifoSetDatamsgHandler
                0x02001abc                fifoCheckAddress
                0x02001ae0                fifoCheckDatamsg
                0x02001b04                fifoCheckValue32
                0x02001b28                fifoInit
 .text          0x02001cf4      0x1ec /home/hansung/ndsdev/devkitPro/libnds/lib/libnds9.a(interrupts.o)
                0x02001cf4                irqDummy
                0x02001cf8                irqSet
                0x02001d64                irqInit
                0x02001db0                irqInitHandler
                0x02001de0                irqEnable
                0x02001e44                irqDisable
                0x02001ea8                irqClear
 .text          0x02001ee0       0x58 /home/hansung/ndsdev/devkitPro/libnds/lib/libnds9.a(libnds_exit.arm.o)
                0x02001ee0                systemErrorExit
                0x02001ee4                __libnds_exit
 .text          0x02001f38       0x70 /home/hansung/ndsdev/devkitPro/libnds/lib/libnds9.a(dcache.o)
                0x02001f38                DC_FlushAll
                0x02001f64                DC_FlushRange
                0x02001f80                DC_InvalidateAll
                0x02001f8c                DC_InvalidateRange
 .text          0x02001fa8      0x1b4 /home/hansung/ndsdev/devkitPro/libnds/lib/libnds9.a(mpu_setup.o)
                0x02001fa8                __libnds_mpu_setup
                0x020020e8                memCached
                0x02002100                memUncached
 *fill*         0x0200215c        0x4 ff
 .text          0x02002160       0x70 /home/hansung/ndsdev/devkitPro/libnds/lib/libnds9.a(biosCalls.o)
                0x02002160                swiDelay
                0x02002164                swiIntrWait
                0x02002168                swiWaitForVBlank
                0x0200216c                swiSleep
                0x02002170                swiChangeSoundBias
                0x02002174                swiDivide
                0x02002178                swiRemainder
                0x0200217e                swiDivMod
                0x0200218a                swiCopy
                0x0200218e                swiFastCopy
                0x02002192                swiSqrt
                0x02002196                swiCRC16
                0x0200219a                swiIsDebugger
                0x0200219e                swiUnpackBits
                0x020021a2                swiDecompressLZSSWram
                0x020021a6                swiDecompressLZSSVramNTR
                0x020021aa                swiDecompressLZSSVramTWL
                0x020021ae                swiDecompressHuffman
                0x020021b2                swiDecompressRLEWram
                0x020021b6                swiDecompressRLEVram
                0x020021ba                swiWaitForIRQ
                0x020021be                swiDecodeDelta8
                0x020021c2                swiDecodeDelta16
                0x020021c6                swiSetHaltCR
 .text          0x020021d0        0x0 /home/hansung/ndsdev/devkitPro/libnds/lib/libnds9.a(interruptDispatcher.o)
 .text          0x020021d0       0x30 /home/hansung/ndsdev/devkitPro/libnds/lib/libnds9.a(swiSoftReset.o)
                0x020021d0                swiSoftReset
 .text          0x02002200      0x128 /home/hansung/ndsdev/devkitPro/libnds/lib/libnds9.a(system.o)
                0x02002200                setSDcallback
                0x0200220c                systemMsgHandler
                0x02002250                systemSleep
                0x02002268                systemValueHandler
                0x020022a4                powerOn
                0x020022d0                powerOff
                0x020022f8                ledBlink
                0x02002308                getBatteryLevel
 .text          0x02002328      0x1f8 /home/hansung/ndsdev/devkitPro/libnds/lib/libnds9.a(video.o)
                0x02002328                vramSetPrimaryBanks
                0x0200236c                vramSetMainBanks
                0x020023b0                vramSetBanks_EFG
                0x020023e8                vramRestorePrimaryBanks
                0x020023f4                vramRestoreMainBanks
                0x02002400                vramRestoreBanks_EFG
                0x0200240c                setBrightness
                0x0200244c                vramDefault
 .text          0x02002520       0x64 /home/hansung/ndsdev/devkitPro/devkitARM/bin/../lib/gcc/arm-none-eabi/4.7.1/../../../../arm-none-eabi/lib/thumb/libg.a(lib_a-bsearch.o)
                0x02002520                bsearch
 .text          0x02002584       0x54 /home/hansung/ndsdev/devkitPro/devkitARM/bin/../lib/gcc/arm-none-eabi/4.7.1/../../../../arm-none-eabi/lib/thumb/libg.a(lib_a-init.o)
                0x02002584                __libc_init_array
 .text          0x020025d8       0x30 /home/hansung/ndsdev/devkitPro/devkitARM/bin/../lib/gcc/arm-none-eabi/4.7.1/../../../../arm-none-eabi/lib/thumb/libg.a(lib_a-malloc.o)
                0x020025d8                malloc
                0x020025f0                free
 .text          0x02002608      0x51c /home/hansung/ndsdev/devkitPro/devkitARM/bin/../lib/gcc/arm-none-eabi/4.7.1/../../../../arm-none-eabi/lib/thumb/libg.a(lib_a-mallocr.o)
                0x02002608                _malloc_r
 .text          0x02002b24       0x90 /home/hansung/ndsdev/devkitPro/devkitARM/bin/../lib/gcc/arm-none-eabi/4.7.1/../../../../arm-none-eabi/lib/thumb/libg.a(lib_a-memcpy-stub.o)
                0x02002b24                memcpy
 .text          0x02002bb4       0x98 /home/hansung/ndsdev/devkitPro/devkitARM/bin/../lib/gcc/arm-none-eabi/4.7.1/../../../../arm-none-eabi/lib/thumb/libg.a(lib_a-memset.o)
                0x02002bb4                memset
 .text          0x02002c4c        0x8 /home/hansung/ndsdev/devkitPro/devkitARM/bin/../lib/gcc/arm-none-eabi/4.7.1/../../../../arm-none-eabi/lib/thumb/libg.a(lib_a-mlock.o)
                0x02002c4c                __malloc_lock
                0x02002c50                __malloc_unlock
 .text          0x02002c54       0x1c /home/hansung/ndsdev/devkitPro/devkitARM/bin/../lib/gcc/arm-none-eabi/4.7.1/../../../../arm-none-eabi/lib/thumb/libg.a(lib_a-realloc.o)
                0x02002c54                realloc
 .text          0x02002c70      0x3e8 /home/hansung/ndsdev/devkitPro/devkitARM/bin/../lib/gcc/arm-none-eabi/4.7.1/../../../../arm-none-eabi/lib/thumb/libg.a(lib_a-reallocr.o)
                0x02002c70                _realloc_r
 .text          0x02003058      0x238 /home/hansung/ndsdev/devkitPro/devkitARM/bin/../lib/gcc/arm-none-eabi/4.7.1/../../../../arm-none-eabi/lib/thumb/libg.a(lib_a-freer.o)
                0x02003058                _malloc_trim_r
                0x020030fc                _free_r
 .text          0x02003290        0x0 /home/hansung/ndsdev/devkitPro/devkitARM/bin/../lib/gcc/arm-none-eabi/4.7.1/../../../../arm-none-eabi/lib/thumb/libg.a(lib_a-impure.o)
 .text          0x02003290       0xb0 /home/hansung/ndsdev/devkitPro/devkitARM/bin/../lib/gcc/arm-none-eabi/4.7.1/../../../../arm-none-eabi/lib/thumb/libg.a(lib_a-memmove.o)
                0x02003290                memmove
 .text          0x02003340       0x54 /home/hansung/ndsdev/devkitPro/devkitARM/bin/../lib/gcc/arm-none-eabi/4.7.1/../../../../arm-none-eabi/lib/thumb/libsysbase.a(sbrk.o)
                0x02003340                _sbrk_r
 .text          0x02003394       0x44 /home/hansung/ndsdev/devkitPro/devkitARM/bin/../lib/gcc/arm-none-eabi/4.7.1/../../../../arm-none-eabi/lib/thumb/libsysbase.a(times.o)
                0x02003394                _times
                0x020033a8                _times_r
                0x020033b0                _gettimeofday_r
 .text          0x020033d8        0x0 /home/hansung/ndsdev/devkitPro/devkitARM/bin/../lib/gcc/arm-none-eabi/4.7.1/../../../../arm-none-eabi/lib/thumb/libsysbase.a(malloc_vars.o)
 .text          0x020033d8       0x4c /home/hansung/ndsdev/devkitPro/devkitARM/bin/../lib/gcc/arm-none-eabi/4.7.1/../../../../arm-none-eabi/lib/thumb/libsysbase.a(build_argv.o)
                0x020033d8                build_argv
 .text          0x02003424        0x0 /home/hansung/ndsdev/devkitPro/devkitARM/bin/../lib/gcc/arm-none-eabi/4.7.1/../../../../arm-none-eabi/lib/thumb/libsysbase.a(syscall_support.o)
 .text          0x02003424        0xc /home/hansung/ndsdev/devkitPro/devkitARM/bin/../lib/gcc/arm-none-eabi/4.7.1/../../../../arm-none-eabi/lib/thumb/libg.a(lib_a-errno.o)
                0x02003424                __errno
 .text          0x02003430        0x0 /home/hansung/ndsdev/devkitPro/devkitARM/bin/../lib/gcc/arm-none-eabi/4.7.1/thumb/crtend.o
 .text          0x02003430        0x0 /home/hansung/ndsdev/devkitPro/devkitARM/bin/../lib/gcc/arm-none-eabi/4.7.1/thumb/crtn.o
 *(.text.*)
 .text.startup  0x02003430      0x25c main.o
                0x02003430                main
 *fill*         0x0200368c        0x4 ff
 .text.startup.stub
                0x02003690       0x24 linker stubs
 *(.stub)
 *(.gnu.warning)
 *(.gnu.linkonce.t*)
 *(.glue_7)
 .glue_7        0x00000000        0x0 linker stubs
 *(.glue_7t)
 .glue_7t       0x00000000        0x0 linker stubs
                0x020036b4                . = ALIGN (0x4)

.vfp11_veneer   0x020036b8        0x0
 .vfp11_veneer  0x00000000        0x0 linker stubs

.v4_bx          0x020036b8        0x0
 .v4_bx         0x00000000        0x0 linker stubs

.iplt           0x020036b8        0x0
 .iplt          0x00000000        0x0 /home/hansung/ndsdev/devkitPro/devkitARM/bin/../lib/gcc/arm-none-eabi/4.7.1/../../../../arm-none-eabi/lib/thumb/ds_arm9_crt0.o

.fini           0x020036b8        0xc
 *(.fini)
 .fini          0x020036b8        0x4 /home/hansung/ndsdev/devkitPro/devkitARM/bin/../lib/gcc/arm-none-eabi/4.7.1/thumb/crti.o
                0x020036b8                _fini
 .fini          0x020036bc        0x8 /home/hansung/ndsdev/devkitPro/devkitARM/bin/../lib/gcc/arm-none-eabi/4.7.1/thumb/crtn.o
                0x020036c4                __text_end = .

.rodata         0x020036c4    0x1eb10
 *(.rodata)
 .rodata        0x020036c4     0xc200 down.o
                0x020036c4                downTiles
                0x0200f6c4                downPal
 .rodata        0x0200f8c4     0x3200 man.o
                0x0200f8c4                manTiles
                0x020128c4                manPal
 .rodata        0x02012ac4     0xc200 up.o
                0x02012ac4                upTiles
                0x0201eac4                upPal
 .rodata        0x0201ecc4     0x3200 woman.o
                0x0201ecc4                womanTiles
                0x02021cc4                womanPal
 .rodata        0x02021ec4      0x308 /home/hansung/ndsdev/devkitPro/libnds/lib/libnds9.a(trig.o)
                0x02021ec4                SIN_LUT
                0x02021fc8                TAN_LUT
 .rodata        0x020221cc        0x4 /home/hansung/ndsdev/devkitPro/devkitARM/bin/../lib/gcc/arm-none-eabi/4.7.1/../../../../arm-none-eabi/lib/thumb/libg.a(lib_a-impure.o)
                0x020221cc                _global_impure_ptr
 *all.rodata*(*)
 *(.roda)
 *(.rodata.*)
 .rodata.str1.4
                0x020221d0        0x4 /home/hansung/ndsdev/devkitPro/devkitARM/bin/../lib/gcc/arm-none-eabi/4.7.1/../../../../arm-none-eabi/lib/thumb/libg.a(lib_a-impure.o)
 *(.gnu.linkonce.r*)
                0x020221d4                . = ALIGN (0x4)

.rel.dyn        0x020221d4        0x0
 .rel.iplt      0x00000000        0x0 /home/hansung/ndsdev/devkitPro/devkitARM/bin/../lib/gcc/arm-none-eabi/4.7.1/../../../../arm-none-eabi/lib/thumb/ds_arm9_crt0.o

.ARM.extab
 *(.ARM.extab* .gnu.linkonce.armextab.*)
                0x020221d4                __exidx_start = .

ARM.exidx
 *(.ARM.exidx* .gnu.linkonce.armexidx.*)
                0x020221d4                __exidx_end = .
                0x020221d4                . = ALIGN (0x4)
                0x020221d4                PROVIDE (__preinit_array_start, .)

.preinit_array
 *(.preinit_array)
                0x020221d4                PROVIDE (__preinit_array_end, .)
                0x020221d4                PROVIDE (__init_array_start, .)

.init_array     0x020221d4        0x4
 *(SORT(.init_array.*))
 *(.init_array)
 .init_array    0x020221d4        0x4 /home/hansung/ndsdev/devkitPro/devkitARM/bin/../lib/gcc/arm-none-eabi/4.7.1/thumb/crtbegin.o
                0x020221d8                PROVIDE (__init_array_end, .)
                0x020221d8                PROVIDE (__fini_array_start, .)

.fini_array     0x020221d8        0x4
 *(.fini_array)
 .fini_array    0x020221d8        0x4 /home/hansung/ndsdev/devkitPro/devkitARM/bin/../lib/gcc/arm-none-eabi/4.7.1/thumb/crtbegin.o
 *(SORT(.fini_array.*))
                0x020221dc                PROVIDE (__fini_array_end, .)

.ctors          0x020221dc        0x0
 *crtbegin.o(.ctors)
 *(EXCLUDE_FILE(*crtend.o) .ctors)
 *(SORT(.ctors.*))
 *(.ctors)
                0x020221dc                . = ALIGN (0x4)

.dtors          0x020221dc        0x0
 *crtbegin.o(.dtors)
 *(EXCLUDE_FILE(*crtend.o) .dtors)
 *(SORT(.dtors.*))
 *(.dtors)
                0x020221dc                . = ALIGN (0x4)

.eh_frame       0x020221dc        0x4
 *(.eh_frame)
 .eh_frame      0x020221dc        0x0 /home/hansung/ndsdev/devkitPro/devkitARM/bin/../lib/gcc/arm-none-eabi/4.7.1/thumb/crtbegin.o
 .eh_frame      0x020221dc        0x4 /home/hansung/ndsdev/devkitPro/devkitARM/bin/../lib/gcc/arm-none-eabi/4.7.1/thumb/crtend.o
                0x020221e0                . = ALIGN (0x4)

.gcc_except_table
                0x020221e0        0x0
 *(.gcc_except_table)
                0x020221e0                . = ALIGN (0x4)

.jcr            0x020221e0        0x4
 *(.jcr)
 .jcr           0x020221e0        0x0 /home/hansung/ndsdev/devkitPro/devkitARM/bin/../lib/gcc/arm-none-eabi/4.7.1/thumb/crtbegin.o
 .jcr           0x020221e0        0x4 /home/hansung/ndsdev/devkitPro/devkitARM/bin/../lib/gcc/arm-none-eabi/4.7.1/thumb/crtend.o

.got
 *(.got.plt)
 *(.got)
 *(.rel.got)

.ewram          0x020221e4        0x0
                0x020221e4                __ewram_start = ABSOLUTE (.)
 *(.ewram)
 *ewram.*(.text)
                0x020221e4                . = ALIGN (0x4)

.data           0x020221e4      0x88c
                0x020221e4                __data_start = ABSOLUTE (.)
 *(.data)
 .data          0x020221e4        0x0 /home/hansung/ndsdev/devkitPro/devkitARM/bin/../lib/gcc/arm-none-eabi/4.7.1/../../../../arm-none-eabi/lib/thumb/ds_arm9_crt0.o
 .data          0x020221e4        0x0 /home/hansung/ndsdev/devkitPro/devkitARM/bin/../lib/gcc/arm-none-eabi/4.7.1/thumb/crti.o
 .data          0x020221e4        0x4 /home/hansung/ndsdev/devkitPro/devkitARM/bin/../lib/gcc/arm-none-eabi/4.7.1/thumb/crtbegin.o
                0x020221e4                __dso_handle
 .data          0x020221e8        0x0 down.o
 .data          0x020221e8        0x0 man.o
 .data          0x020221e8        0x0 up.o
 .data          0x020221e8        0x0 woman.o
 .data          0x020221e8        0x0 main.o
 .data          0x020221e8        0x3 /home/hansung/ndsdev/devkitPro/libnds/lib/libnds9.a(keys.o)
 *fill*         0x020221eb        0x1 ff
 .data          0x020221ec       0x30 /home/hansung/ndsdev/devkitPro/libnds/lib/libnds9.a(sprite.o)
                0x020221ec                oamMain
                0x02022204                oamSub
 .data          0x0202221c        0x0 /home/hansung/ndsdev/devkitPro/libnds/lib/libnds9.a(sprite_alloc.o)
 .data          0x0202221c        0x0 /home/hansung/ndsdev/devkitPro/libnds/lib/libnds9.a(trig.o)
 .data          0x0202221c        0x0 /home/hansung/ndsdev/devkitPro/libnds/lib/libnds9.a(initSystem.o)
 .data          0x0202221c       0x10 /home/hansung/ndsdev/devkitPro/libnds/lib/libnds9.a(fifosystem.o)
                0x0202221c                fifo_buffer_free
                0x02022220                fifo_freewords
                0x02022224                fifo_send_queue
                0x02022228                fifo_receive_queue
 .data          0x0202222c        0x0 /home/hansung/ndsdev/devkitPro/libnds/lib/libnds9.a(interrupts.o)
 .data          0x0202222c        0x0 /home/hansung/ndsdev/devkitPro/libnds/lib/libnds9.a(libnds_exit.arm.o)
 .data          0x0202222c        0x0 /home/hansung/ndsdev/devkitPro/libnds/lib/libnds9.a(dcache.o)
 .data          0x0202222c        0x0 /home/hansung/ndsdev/devkitPro/libnds/lib/libnds9.a(mpu_setup.o)
 .data          0x0202222c        0x0 /home/hansung/ndsdev/devkitPro/libnds/lib/libnds9.a(biosCalls.o)
 .data          0x0202222c        0x0 /home/hansung/ndsdev/devkitPro/libnds/lib/libnds9.a(interruptDispatcher.o)
 .data          0x0202222c        0x0 /home/hansung/ndsdev/devkitPro/libnds/lib/libnds9.a(swiSoftReset.o)
 .data          0x0202222c        0x0 /home/hansung/ndsdev/devkitPro/libnds/lib/libnds9.a(system.o)
 .data          0x0202222c        0x0 /home/hansung/ndsdev/devkitPro/libnds/lib/libnds9.a(video.o)
 .data          0x0202222c        0x0 /home/hansung/ndsdev/devkitPro/devkitARM/bin/../lib/gcc/arm-none-eabi/4.7.1/../../../../arm-none-eabi/lib/thumb/libg.a(lib_a-bsearch.o)
 .data          0x0202222c        0x0 /home/hansung/ndsdev/devkitPro/devkitARM/bin/../lib/gcc/arm-none-eabi/4.7.1/../../../../arm-none-eabi/lib/thumb/libg.a(lib_a-init.o)
 .data          0x0202222c        0x0 /home/hansung/ndsdev/devkitPro/devkitARM/bin/../lib/gcc/arm-none-eabi/4.7.1/../../../../arm-none-eabi/lib/thumb/libg.a(lib_a-malloc.o)
 .data          0x0202222c      0x410 /home/hansung/ndsdev/devkitPro/devkitARM/bin/../lib/gcc/arm-none-eabi/4.7.1/../../../../arm-none-eabi/lib/thumb/libg.a(lib_a-mallocr.o)
                0x0202222c                __malloc_av_
                0x02022634                __malloc_sbrk_base
                0x02022638                __malloc_trim_threshold
 .data          0x0202263c        0x0 /home/hansung/ndsdev/devkitPro/devkitARM/bin/../lib/gcc/arm-none-eabi/4.7.1/../../../../arm-none-eabi/lib/thumb/libg.a(lib_a-memcpy-stub.o)
 .data          0x0202263c        0x0 /home/hansung/ndsdev/devkitPro/devkitARM/bin/../lib/gcc/arm-none-eabi/4.7.1/../../../../arm-none-eabi/lib/thumb/libg.a(lib_a-memset.o)
 .data          0x0202263c        0x0 /home/hansung/ndsdev/devkitPro/devkitARM/bin/../lib/gcc/arm-none-eabi/4.7.1/../../../../arm-none-eabi/lib/thumb/libg.a(lib_a-mlock.o)
 .data          0x0202263c        0x0 /home/hansung/ndsdev/devkitPro/devkitARM/bin/../lib/gcc/arm-none-eabi/4.7.1/../../../../arm-none-eabi/lib/thumb/libg.a(lib_a-realloc.o)
 .data          0x0202263c        0x0 /home/hansung/ndsdev/devkitPro/devkitARM/bin/../lib/gcc/arm-none-eabi/4.7.1/../../../../arm-none-eabi/lib/thumb/libg.a(lib_a-reallocr.o)
 .data          0x0202263c        0x0 /home/hansung/ndsdev/devkitPro/devkitARM/bin/../lib/gcc/arm-none-eabi/4.7.1/../../../../arm-none-eabi/lib/thumb/libg.a(lib_a-freer.o)
 *fill*         0x0202263c        0x4 ff
 .data          0x02022640      0x430 /home/hansung/ndsdev/devkitPro/devkitARM/bin/../lib/gcc/arm-none-eabi/4.7.1/../../../../arm-none-eabi/lib/thumb/libg.a(lib_a-impure.o)
                0x02022640                _impure_ptr
 .data          0x02022a70        0x0 /home/hansung/ndsdev/devkitPro/devkitARM/bin/../lib/gcc/arm-none-eabi/4.7.1/../../../../arm-none-eabi/lib/thumb/libg.a(lib_a-memmove.o)
 .data          0x02022a70        0x0 /home/hansung/ndsdev/devkitPro/devkitARM/bin/../lib/gcc/arm-none-eabi/4.7.1/../../../../arm-none-eabi/lib/thumb/libsysbase.a(sbrk.o)
 .data          0x02022a70        0x0 /home/hansung/ndsdev/devkitPro/devkitARM/bin/../lib/gcc/arm-none-eabi/4.7.1/../../../../arm-none-eabi/lib/thumb/libsysbase.a(times.o)
 .data          0x02022a70        0x0 /home/hansung/ndsdev/devkitPro/devkitARM/bin/../lib/gcc/arm-none-eabi/4.7.1/../../../../arm-none-eabi/lib/thumb/libsysbase.a(malloc_vars.o)
 .data          0x02022a70        0x0 /home/hansung/ndsdev/devkitPro/devkitARM/bin/../lib/gcc/arm-none-eabi/4.7.1/../../../../arm-none-eabi/lib/thumb/libsysbase.a(build_argv.o)
 .data          0x02022a70        0x0 /home/hansung/ndsdev/devkitPro/devkitARM/bin/../lib/gcc/arm-none-eabi/4.7.1/../../../../arm-none-eabi/lib/thumb/libsysbase.a(syscall_support.o)
 .data          0x02022a70        0x0 /home/hansung/ndsdev/devkitPro/devkitARM/bin/../lib/gcc/arm-none-eabi/4.7.1/../../../../arm-none-eabi/lib/thumb/libg.a(lib_a-errno.o)
 .data          0x02022a70        0x0 /home/hansung/ndsdev/devkitPro/devkitARM/bin/../lib/gcc/arm-none-eabi/4.7.1/thumb/crtend.o
 .data          0x02022a70        0x0 /home/hansung/ndsdev/devkitPro/devkitARM/bin/../lib/gcc/arm-none-eabi/4.7.1/thumb/crtn.o
 *(.data.*)
 *(.gnu.linkonce.d*)
                0x02022a70                . = ALIGN (0x4)
                0x02022a70                __data_end = ABSOLUTE (.)
                0x02022a70                __dtcm_lma = .
                0x02022a70                __bss_vma = .

.igot.plt       0x02022a70        0x0
 .igot.plt      0x00000000        0x0 /home/hansung/ndsdev/devkitPro/devkitARM/bin/../lib/gcc/arm-none-eabi/4.7.1/../../../../arm-none-eabi/lib/thumb/ds_arm9_crt0.o

.tm_clone_table
                0x02022a70        0x0
 .tm_clone_table
                0x02022a70        0x0 /home/hansung/ndsdev/devkitPro/devkitARM/bin/../lib/gcc/arm-none-eabi/4.7.1/thumb/crtbegin.o
 .tm_clone_table
                0x02022a70        0x0 /home/hansung/ndsdev/devkitPro/devkitARM/bin/../lib/gcc/arm-none-eabi/4.7.1/thumb/crtend.o

.dtcm           0x0b000000        0x0 load address 0x02022a70
 *(.dtcm)
 *(.dtcm.*)
                0x0b000000                . = ALIGN (0x4)
                0x0b000000                __dtcm_end = ABSOLUTE (.)
                0x02022a70                __itcm_lma = (__dtcm_lma + SIZEOF (.dtcm))

.itcm           0x01000100      0x194 load address 0x02022a70
 *(.itcm)
 .itcm          0x01000100       0xc8 /home/hansung/ndsdev/devkitPro/libnds/lib/libnds9.a(interrupts.o)
                0x01000100                irqTable
 .itcm          0x010001c8       0xcc /home/hansung/ndsdev/devkitPro/libnds/lib/libnds9.a(interruptDispatcher.o)
                0x010001c8                IntrMain
 *itcm.*(.text)
                0x01000294                . = ALIGN (0x4)
                0x01000294                __itcm_end = ABSOLUTE (.)
                0x02022c04                __vectors_lma = (__itcm_lma + SIZEOF (.itcm))

.vectors        0x01000000        0x0 load address 0x02022c04
 *(.vectors)
 *vectors.*(.text)
                0x01000000                . = ALIGN (0x4)
                0x01000000                __vectors_end = ABSOLUTE (.)

.sbss           0x0b000000        0x0
                0x0b000000                __sbss_start = ABSOLUTE (.)
                0x0b000000                __sbss_start__ = ABSOLUTE (.)
 *(.sbss)
                0x0b000000                . = ALIGN (0x4)
                0x0b000000                __sbss_end = ABSOLUTE (.)

.bss            0x02022a70     0x12c0
                0x02022a70                __bss_start = ABSOLUTE (.)
                0x02022a70                __bss_start__ = ABSOLUTE (.)
 *(.dynbss)
 *(.gnu.linkonce.b*)
 *(.bss*)
 .bss           0x02022a70        0x0 /home/hansung/ndsdev/devkitPro/devkitARM/bin/../lib/gcc/arm-none-eabi/4.7.1/../../../../arm-none-eabi/lib/thumb/ds_arm9_crt0.o
 .bss           0x02022a70        0x0 /home/hansung/ndsdev/devkitPro/devkitARM/bin/../lib/gcc/arm-none-eabi/4.7.1/thumb/crti.o
 .bss           0x02022a70       0x1c /home/hansung/ndsdev/devkitPro/devkitARM/bin/../lib/gcc/arm-none-eabi/4.7.1/thumb/crtbegin.o
 .bss           0x02022a8c        0x0 down.o
 .bss           0x02022a8c        0x0 man.o
 .bss           0x02022a8c        0x0 up.o
 .bss           0x02022a8c        0x0 woman.o
 .bss           0x02022a8c        0x0 main.o
 .bss           0x02022a8c        0x6 /home/hansung/ndsdev/devkitPro/libnds/lib/libnds9.a(keys.o)
 .bss           0x02022a92        0x0 /home/hansung/ndsdev/devkitPro/libnds/lib/libnds9.a(sprite.o)
 .bss           0x02022a92        0x0 /home/hansung/ndsdev/devkitPro/libnds/lib/libnds9.a(sprite_alloc.o)
 .bss           0x02022a92        0x0 /home/hansung/ndsdev/devkitPro/libnds/lib/libnds9.a(trig.o)
 .bss           0x02022a92        0x0 /home/hansung/ndsdev/devkitPro/libnds/lib/libnds9.a(initSystem.o)
 *fill*         0x02022a92        0x2 00
 .bss           0x02022a94        0x8 /home/hansung/ndsdev/devkitPro/libnds/lib/libnds9.a(fifosystem.o)
                0x02022a98                processing
 .bss           0x02022a9c        0x0 /home/hansung/ndsdev/devkitPro/libnds/lib/libnds9.a(interrupts.o)
 .bss           0x02022a9c        0x0 /home/hansung/ndsdev/devkitPro/libnds/lib/libnds9.a(libnds_exit.arm.o)
 .bss           0x02022a9c        0x0 /home/hansung/ndsdev/devkitPro/libnds/lib/libnds9.a(dcache.o)
 .bss           0x02022a9c        0x0 /home/hansung/ndsdev/devkitPro/libnds/lib/libnds9.a(mpu_setup.o)
 .bss           0x02022a9c        0x0 /home/hansung/ndsdev/devkitPro/libnds/lib/libnds9.a(biosCalls.o)
 .bss           0x02022a9c        0x0 /home/hansung/ndsdev/devkitPro/libnds/lib/libnds9.a(interruptDispatcher.o)
 .bss           0x02022a9c        0x0 /home/hansung/ndsdev/devkitPro/libnds/lib/libnds9.a(swiSoftReset.o)
 .bss           0x02022a9c        0x4 /home/hansung/ndsdev/devkitPro/libnds/lib/libnds9.a(system.o)
 .bss           0x02022aa0        0x0 /home/hansung/ndsdev/devkitPro/libnds/lib/libnds9.a(video.o)
 .bss           0x02022aa0        0x0 /home/hansung/ndsdev/devkitPro/devkitARM/bin/../lib/gcc/arm-none-eabi/4.7.1/../../../../arm-none-eabi/lib/thumb/libg.a(lib_a-bsearch.o)
 .bss           0x02022aa0        0x0 /home/hansung/ndsdev/devkitPro/devkitARM/bin/../lib/gcc/arm-none-eabi/4.7.1/../../../../arm-none-eabi/lib/thumb/libg.a(lib_a-init.o)
 .bss           0x02022aa0        0x0 /home/hansung/ndsdev/devkitPro/devkitARM/bin/../lib/gcc/arm-none-eabi/4.7.1/../../../../arm-none-eabi/lib/thumb/libg.a(lib_a-malloc.o)
 .bss           0x02022aa0       0x34 /home/hansung/ndsdev/devkitPro/devkitARM/bin/../lib/gcc/arm-none-eabi/4.7.1/../../../../arm-none-eabi/lib/thumb/libg.a(lib_a-mallocr.o)
                0x02022aa0                __malloc_top_pad
                0x02022aa4                __malloc_current_mallinfo
                0x02022acc                __malloc_max_sbrked_mem
                0x02022ad0                __malloc_max_total_mem
 .bss           0x02022ad4        0x0 /home/hansung/ndsdev/devkitPro/devkitARM/bin/../lib/gcc/arm-none-eabi/4.7.1/../../../../arm-none-eabi/lib/thumb/libg.a(lib_a-memcpy-stub.o)
 .bss           0x02022ad4        0x0 /home/hansung/ndsdev/devkitPro/devkitARM/bin/../lib/gcc/arm-none-eabi/4.7.1/../../../../arm-none-eabi/lib/thumb/libg.a(lib_a-memset.o)
 .bss           0x02022ad4        0x0 /home/hansung/ndsdev/devkitPro/devkitARM/bin/../lib/gcc/arm-none-eabi/4.7.1/../../../../arm-none-eabi/lib/thumb/libg.a(lib_a-mlock.o)
 .bss           0x02022ad4        0x0 /home/hansung/ndsdev/devkitPro/devkitARM/bin/../lib/gcc/arm-none-eabi/4.7.1/../../../../arm-none-eabi/lib/thumb/libg.a(lib_a-realloc.o)
 .bss           0x02022ad4        0x0 /home/hansung/ndsdev/devkitPro/devkitARM/bin/../lib/gcc/arm-none-eabi/4.7.1/../../../../arm-none-eabi/lib/thumb/libg.a(lib_a-reallocr.o)
 .bss           0x02022ad4        0x0 /home/hansung/ndsdev/devkitPro/devkitARM/bin/../lib/gcc/arm-none-eabi/4.7.1/../../../../arm-none-eabi/lib/thumb/libg.a(lib_a-freer.o)
 .bss           0x02022ad4        0x0 /home/hansung/ndsdev/devkitPro/devkitARM/bin/../lib/gcc/arm-none-eabi/4.7.1/../../../../arm-none-eabi/lib/thumb/libg.a(lib_a-impure.o)
 .bss           0x02022ad4        0x0 /home/hansung/ndsdev/devkitPro/devkitARM/bin/../lib/gcc/arm-none-eabi/4.7.1/../../../../arm-none-eabi/lib/thumb/libg.a(lib_a-memmove.o)
 .bss           0x02022ad4        0x4 /home/hansung/ndsdev/devkitPro/devkitARM/bin/../lib/gcc/arm-none-eabi/4.7.1/../../../../arm-none-eabi/lib/thumb/libsysbase.a(sbrk.o)
 .bss           0x02022ad8        0x0 /home/hansung/ndsdev/devkitPro/devkitARM/bin/../lib/gcc/arm-none-eabi/4.7.1/../../../../arm-none-eabi/lib/thumb/libsysbase.a(times.o)
 .bss           0x02022ad8        0x8 /home/hansung/ndsdev/devkitPro/devkitARM/bin/../lib/gcc/arm-none-eabi/4.7.1/../../../../arm-none-eabi/lib/thumb/libsysbase.a(malloc_vars.o)
                0x02022ad8                fake_heap_start
                0x02022adc                fake_heap_end
 .bss           0x02022ae0        0x0 /home/hansung/ndsdev/devkitPro/devkitARM/bin/../lib/gcc/arm-none-eabi/4.7.1/../../../../arm-none-eabi/lib/thumb/libsysbase.a(build_argv.o)
 .bss           0x02022ae0        0x8 /home/hansung/ndsdev/devkitPro/devkitARM/bin/../lib/gcc/arm-none-eabi/4.7.1/../../../../arm-none-eabi/lib/thumb/libsysbase.a(syscall_support.o)
                0x02022ae0                __syscalls
 .bss           0x02022ae8        0x0 /home/hansung/ndsdev/devkitPro/devkitARM/bin/../lib/gcc/arm-none-eabi/4.7.1/../../../../arm-none-eabi/lib/thumb/libg.a(lib_a-errno.o)
 .bss           0x02022ae8        0x0 /home/hansung/ndsdev/devkitPro/devkitARM/bin/../lib/gcc/arm-none-eabi/4.7.1/thumb/crtend.o
 .bss           0x02022ae8        0x0 /home/hansung/ndsdev/devkitPro/devkitARM/bin/../lib/gcc/arm-none-eabi/4.7.1/thumb/crtn.o
 *(COMMON)
 COMMON         0x02022ae8      0x800 /home/hansung/ndsdev/devkitPro/libnds/lib/libnds9.a(sprite.o)
                0x02022ae8                OamMemorySub
                0x02022ee8                OamMemory
 COMMON         0x020232e8        0x1 /home/hansung/ndsdev/devkitPro/libnds/lib/libnds9.a(initSystem.o)
                0x020232e8                __dsimode
 *fill*         0x020232e9        0x3 00
 COMMON         0x020232ec      0xa40 /home/hansung/ndsdev/devkitPro/libnds/lib/libnds9.a(fifosystem.o)
                0x020232ec                fifo_datamsg_data
                0x0202332c                fifo_buffer
                0x02023b2c                fifo_value32_func
                0x02023b6c                fifo_address_func
                0x02023bac                fifo_value32_data
                0x02023bec                fifo_value32_queue
                0x02023c2c                fifo_data_queue
                0x02023c6c                fifo_address_data
                0x02023cac                fifo_datamsg_func
                0x02023cec                fifo_address_queue
 COMMON         0x02023d2c        0x4 /home/hansung/ndsdev/devkitPro/devkitARM/bin/../lib/gcc/arm-none-eabi/4.7.1/../../../../arm-none-eabi/lib/thumb/libsysbase.a(times.o)
                0x02023d2c                punixTime
                0x02023d30                . = ALIGN (0x4)
                0x02023d30                __bss_end__ = ABSOLUTE (.)
                0x02023d30                __end__ = ABSOLUTE (.)

.stab
 *(.stab)

.stabstr
 *(.stabstr)

.stab.excl
 *(.stab.excl)

.stab.exclstr
 *(.stab.exclstr)

.stab.index
 *(.stab.index)

.stab.indexstr
 *(.stab.indexstr)

.comment        0x00000000       0x44
 *(.comment)
 .comment       0x00000000       0x22 /home/hansung/ndsdev/devkitPro/devkitARM/bin/../lib/gcc/arm-none-eabi/4.7.1/thumb/crtbegin.o
                                 0x23 (size before relaxing)
 .comment       0x00000000       0x23 main.o
 .comment       0x00000022       0x22 /home/hansung/ndsdev/devkitPro/libnds/lib/libnds9.a(keys.o)
                                 0x23 (size before relaxing)
 .comment       0x00000000       0x23 /home/hansung/ndsdev/devkitPro/libnds/lib/libnds9.a(sprite.o)
 .comment       0x00000000       0x23 /home/hansung/ndsdev/devkitPro/libnds/lib/libnds9.a(sprite_alloc.o)
 .comment       0x00000000       0x23 /home/hansung/ndsdev/devkitPro/libnds/lib/libnds9.a(trig.o)
 .comment       0x00000000       0x23 /home/hansung/ndsdev/devkitPro/libnds/lib/libnds9.a(initSystem.o)
 .comment       0x00000000       0x23 /home/hansung/ndsdev/devkitPro/libnds/lib/libnds9.a(fifosystem.o)
 .comment       0x00000000       0x23 /home/hansung/ndsdev/devkitPro/libnds/lib/libnds9.a(interrupts.o)
 .comment       0x00000000       0x23 /home/hansung/ndsdev/devkitPro/libnds/lib/libnds9.a(libnds_exit.arm.o)
 .comment       0x00000000       0x23 /home/hansung/ndsdev/devkitPro/libnds/lib/libnds9.a(system.o)
 .comment       0x00000000       0x23 /home/hansung/ndsdev/devkitPro/libnds/lib/libnds9.a(video.o)
 .comment       0x00000000       0x23 /home/hansung/ndsdev/devkitPro/devkitARM/bin/../lib/gcc/arm-none-eabi/4.7.1/../../../../arm-none-eabi/lib/thumb/libg.a(lib_a-bsearch.o)
 .comment       0x00000000       0x23 /home/hansung/ndsdev/devkitPro/devkitARM/bin/../lib/gcc/arm-none-eabi/4.7.1/../../../../arm-none-eabi/lib/thumb/libg.a(lib_a-init.o)
 .comment       0x00000000       0x23 /home/hansung/ndsdev/devkitPro/devkitARM/bin/../lib/gcc/arm-none-eabi/4.7.1/../../../../arm-none-eabi/lib/thumb/libg.a(lib_a-malloc.o)
 .comment       0x00000000       0x23 /home/hansung/ndsdev/devkitPro/devkitARM/bin/../lib/gcc/arm-none-eabi/4.7.1/../../../../arm-none-eabi/lib/thumb/libg.a(lib_a-mallocr.o)
 .comment       0x00000000       0x23 /home/hansung/ndsdev/devkitPro/devkitARM/bin/../lib/gcc/arm-none-eabi/4.7.1/../../../../arm-none-eabi/lib/thumb/libg.a(lib_a-memcpy-stub.o)
 .comment       0x00000000       0x23 /home/hansung/ndsdev/devkitPro/devkitARM/bin/../lib/gcc/arm-none-eabi/4.7.1/../../../../arm-none-eabi/lib/thumb/libg.a(lib_a-memset.o)
 .comment       0x00000000       0x23 /home/hansung/ndsdev/devkitPro/devkitARM/bin/../lib/gcc/arm-none-eabi/4.7.1/../../../../arm-none-eabi/lib/thumb/libg.a(lib_a-mlock.o)
 .comment       0x00000000       0x23 /home/hansung/ndsdev/devkitPro/devkitARM/bin/../lib/gcc/arm-none-eabi/4.7.1/../../../../arm-none-eabi/lib/thumb/libg.a(lib_a-realloc.o)
 .comment       0x00000000       0x23 /home/hansung/ndsdev/devkitPro/devkitARM/bin/../lib/gcc/arm-none-eabi/4.7.1/../../../../arm-none-eabi/lib/thumb/libg.a(lib_a-reallocr.o)
 .comment       0x00000000       0x23 /home/hansung/ndsdev/devkitPro/devkitARM/bin/../lib/gcc/arm-none-eabi/4.7.1/../../../../arm-none-eabi/lib/thumb/libg.a(lib_a-freer.o)
 .comment       0x00000000       0x23 /home/hansung/ndsdev/devkitPro/devkitARM/bin/../lib/gcc/arm-none-eabi/4.7.1/../../../../arm-none-eabi/lib/thumb/libg.a(lib_a-impure.o)
 .comment       0x00000000       0x23 /home/hansung/ndsdev/devkitPro/devkitARM/bin/../lib/gcc/arm-none-eabi/4.7.1/../../../../arm-none-eabi/lib/thumb/libg.a(lib_a-memmove.o)
 .comment       0x00000000       0x23 /home/hansung/ndsdev/devkitPro/devkitARM/bin/../lib/gcc/arm-none-eabi/4.7.1/../../../../arm-none-eabi/lib/thumb/libsysbase.a(sbrk.o)
 .comment       0x00000000       0x23 /home/hansung/ndsdev/devkitPro/devkitARM/bin/../lib/gcc/arm-none-eabi/4.7.1/../../../../arm-none-eabi/lib/thumb/libsysbase.a(times.o)
 .comment       0x00000000       0x23 /home/hansung/ndsdev/devkitPro/devkitARM/bin/../lib/gcc/arm-none-eabi/4.7.1/../../../../arm-none-eabi/lib/thumb/libsysbase.a(malloc_vars.o)
 .comment       0x00000000       0x23 /home/hansung/ndsdev/devkitPro/devkitARM/bin/../lib/gcc/arm-none-eabi/4.7.1/../../../../arm-none-eabi/lib/thumb/libsysbase.a(build_argv.o)
 .comment       0x00000000       0x23 /home/hansung/ndsdev/devkitPro/devkitARM/bin/../lib/gcc/arm-none-eabi/4.7.1/../../../../arm-none-eabi/lib/thumb/libsysbase.a(syscall_support.o)
 .comment       0x00000000       0x23 /home/hansung/ndsdev/devkitPro/devkitARM/bin/../lib/gcc/arm-none-eabi/4.7.1/../../../../arm-none-eabi/lib/thumb/libg.a(lib_a-errno.o)
 .comment       0x00000000       0x23 /home/hansung/ndsdev/devkitPro/devkitARM/bin/../lib/gcc/arm-none-eabi/4.7.1/thumb/crtend.o

.ARM.attributes
                0x00000000       0x2f
 .ARM.attributes
                0x00000000       0x23 /home/hansung/ndsdev/devkitPro/devkitARM/bin/../lib/gcc/arm-none-eabi/4.7.1/../../../../arm-none-eabi/lib/thumb/ds_arm9_crt0.o
 .ARM.attributes
                0x00000023       0x18 /home/hansung/ndsdev/devkitPro/devkitARM/bin/../lib/gcc/arm-none-eabi/4.7.1/thumb/crti.o
 .ARM.attributes
                0x0000003b       0x32 /home/hansung/ndsdev/devkitPro/devkitARM/bin/../lib/gcc/arm-none-eabi/4.7.1/thumb/crtbegin.o
 .ARM.attributes
                0x0000006d       0x16 down.o
 .ARM.attributes
                0x00000083       0x16 man.o
 .ARM.attributes
                0x00000099       0x16 up.o
 .ARM.attributes
                0x000000af       0x16 woman.o
 .ARM.attributes
                0x000000c5       0x29 main.o
 .ARM.attributes
                0x000000ee       0x29 /home/hansung/ndsdev/devkitPro/libnds/lib/libnds9.a(keys.o)
 .ARM.attributes
                0x00000117       0x29 /home/hansung/ndsdev/devkitPro/libnds/lib/libnds9.a(sprite.o)
 .ARM.attributes
                0x00000140       0x29 /home/hansung/ndsdev/devkitPro/libnds/lib/libnds9.a(sprite_alloc.o)
 .ARM.attributes
                0x00000169       0x29 /home/hansung/ndsdev/devkitPro/libnds/lib/libnds9.a(trig.o)
 .ARM.attributes
                0x00000192       0x29 /home/hansung/ndsdev/devkitPro/libnds/lib/libnds9.a(initSystem.o)
 .ARM.attributes
                0x000001bb       0x29 /home/hansung/ndsdev/devkitPro/libnds/lib/libnds9.a(fifosystem.o)
 .ARM.attributes
                0x000001e4       0x29 /home/hansung/ndsdev/devkitPro/libnds/lib/libnds9.a(interrupts.o)
 .ARM.attributes
                0x0000020d       0x29 /home/hansung/ndsdev/devkitPro/libnds/lib/libnds9.a(libnds_exit.arm.o)
 .ARM.attributes
                0x00000236       0x1d /home/hansung/ndsdev/devkitPro/libnds/lib/libnds9.a(dcache.o)
 .ARM.attributes
                0x00000253       0x23 /home/hansung/ndsdev/devkitPro/libnds/lib/libnds9.a(mpu_setup.o)
 .ARM.attributes
                0x00000276       0x1d /home/hansung/ndsdev/devkitPro/libnds/lib/libnds9.a(biosCalls.o)
 .ARM.attributes
                0x00000293       0x1d /home/hansung/ndsdev/devkitPro/libnds/lib/libnds9.a(interruptDispatcher.o)
 .ARM.attributes
                0x000002b0       0x23 /home/hansung/ndsdev/devkitPro/libnds/lib/libnds9.a(swiSoftReset.o)
 .ARM.attributes
                0x000002d3       0x29 /home/hansung/ndsdev/devkitPro/libnds/lib/libnds9.a(system.o)
 .ARM.attributes
                0x000002fc       0x29 /home/hansung/ndsdev/devkitPro/libnds/lib/libnds9.a(video.o)
 .ARM.attributes
                0x00000325       0x32 /home/hansung/ndsdev/devkitPro/devkitARM/bin/../lib/gcc/arm-none-eabi/4.7.1/../../../../arm-none-eabi/lib/thumb/libg.a(lib_a-bsearch.o)
 .ARM.attributes
                0x00000357       0x32 /home/hansung/ndsdev/devkitPro/devkitARM/bin/../lib/gcc/arm-none-eabi/4.7.1/../../../../arm-none-eabi/lib/thumb/libg.a(lib_a-init.o)
 .ARM.attributes
                0x00000389       0x32 /home/hansung/ndsdev/devkitPro/devkitARM/bin/../lib/gcc/arm-none-eabi/4.7.1/../../../../arm-none-eabi/lib/thumb/libg.a(lib_a-malloc.o)
 .ARM.attributes
                0x000003bb       0x32 /home/hansung/ndsdev/devkitPro/devkitARM/bin/../lib/gcc/arm-none-eabi/4.7.1/../../../../arm-none-eabi/lib/thumb/libg.a(lib_a-mallocr.o)
 .ARM.attributes
                0x000003ed       0x32 /home/hansung/ndsdev/devkitPro/devkitARM/bin/../lib/gcc/arm-none-eabi/4.7.1/../../../../arm-none-eabi/lib/thumb/libg.a(lib_a-memcpy-stub.o)
 .ARM.attributes
                0x0000041f       0x32 /home/hansung/ndsdev/devkitPro/devkitARM/bin/../lib/gcc/arm-none-eabi/4.7.1/../../../../arm-none-eabi/lib/thumb/libg.a(lib_a-memset.o)
 .ARM.attributes
                0x00000451       0x32 /home/hansung/ndsdev/devkitPro/devkitARM/bin/../lib/gcc/arm-none-eabi/4.7.1/../../../../arm-none-eabi/lib/thumb/libg.a(lib_a-mlock.o)
 .ARM.attributes
                0x00000483       0x32 /home/hansung/ndsdev/devkitPro/devkitARM/bin/../lib/gcc/arm-none-eabi/4.7.1/../../../../arm-none-eabi/lib/thumb/libg.a(lib_a-realloc.o)
 .ARM.attributes
                0x000004b5       0x32 /home/hansung/ndsdev/devkitPro/devkitARM/bin/../lib/gcc/arm-none-eabi/4.7.1/../../../../arm-none-eabi/lib/thumb/libg.a(lib_a-reallocr.o)
 .ARM.attributes
                0x000004e7       0x32 /home/hansung/ndsdev/devkitPro/devkitARM/bin/../lib/gcc/arm-none-eabi/4.7.1/../../../../arm-none-eabi/lib/thumb/libg.a(lib_a-freer.o)
 .ARM.attributes
                0x00000519       0x32 /home/hansung/ndsdev/devkitPro/devkitARM/bin/../lib/gcc/arm-none-eabi/4.7.1/../../../../arm-none-eabi/lib/thumb/libg.a(lib_a-impure.o)
 .ARM.attributes
                0x0000054b       0x32 /home/hansung/ndsdev/devkitPro/devkitARM/bin/../lib/gcc/arm-none-eabi/4.7.1/../../../../arm-none-eabi/lib/thumb/libg.a(lib_a-memmove.o)
 .ARM.attributes
                0x0000057d       0x32 /home/hansung/ndsdev/devkitPro/devkitARM/bin/../lib/gcc/arm-none-eabi/4.7.1/../../../../arm-none-eabi/lib/thumb/libsysbase.a(sbrk.o)
 .ARM.attributes
                0x000005af       0x32 /home/hansung/ndsdev/devkitPro/devkitARM/bin/../lib/gcc/arm-none-eabi/4.7.1/../../../../arm-none-eabi/lib/thumb/libsysbase.a(times.o)
 .ARM.attributes
                0x000005e1       0x32 /home/hansung/ndsdev/devkitPro/devkitARM/bin/../lib/gcc/arm-none-eabi/4.7.1/../../../../arm-none-eabi/lib/thumb/libsysbase.a(malloc_vars.o)
 .ARM.attributes
                0x00000613       0x32 /home/hansung/ndsdev/devkitPro/devkitARM/bin/../lib/gcc/arm-none-eabi/4.7.1/../../../../arm-none-eabi/lib/thumb/libsysbase.a(build_argv.o)
 .ARM.attributes
                0x00000645       0x32 /home/hansung/ndsdev/devkitPro/devkitARM/bin/../lib/gcc/arm-none-eabi/4.7.1/../../../../arm-none-eabi/lib/thumb/libsysbase.a(syscall_support.o)
 .ARM.attributes
                0x00000677       0x32 /home/hansung/ndsdev/devkitPro/devkitARM/bin/../lib/gcc/arm-none-eabi/4.7.1/../../../../arm-none-eabi/lib/thumb/libg.a(lib_a-errno.o)
 .ARM.attributes
                0x000006a9       0x32 /home/hansung/ndsdev/devkitPro/devkitARM/bin/../lib/gcc/arm-none-eabi/4.7.1/thumb/crtend.o
 .ARM.attributes
                0x000006db       0x18 /home/hansung/ndsdev/devkitPro/devkitARM/bin/../lib/gcc/arm-none-eabi/4.7.1/thumb/crtn.o

.debug
 *(.debug)

.line
 *(.line)

.debug_srcinfo
 *(.debug_srcinfo)

.debug_sfnames
 *(.debug_sfnames)

.debug_aranges  0x00000000      0x208
 *(.debug_aranges)
 .debug_aranges
                0x00000000       0x28 main.o
 .debug_aranges
                0x00000028       0x20 /home/hansung/ndsdev/devkitPro/libnds/lib/libnds9.a(keys.o)
 .debug_aranges
                0x00000048       0x20 /home/hansung/ndsdev/devkitPro/libnds/lib/libnds9.a(sprite.o)
 .debug_aranges
                0x00000068       0x20 /home/hansung/ndsdev/devkitPro/libnds/lib/libnds9.a(sprite_alloc.o)
 .debug_aranges
                0x00000088       0x20 /home/hansung/ndsdev/devkitPro/libnds/lib/libnds9.a(trig.o)
 .debug_aranges
                0x000000a8       0x20 /home/hansung/ndsdev/devkitPro/libnds/lib/libnds9.a(initSystem.o)
 .debug_aranges
                0x000000c8       0x20 /home/hansung/ndsdev/devkitPro/libnds/lib/libnds9.a(fifosystem.o)
 .debug_aranges
                0x000000e8       0x20 /home/hansung/ndsdev/devkitPro/libnds/lib/libnds9.a(interrupts.o)
 .debug_aranges
                0x00000108       0x20 /home/hansung/ndsdev/devkitPro/libnds/lib/libnds9.a(libnds_exit.arm.o)
 .debug_aranges
                0x00000128       0x20 /home/hansung/ndsdev/devkitPro/libnds/lib/libnds9.a(dcache.o)
 .debug_aranges
                0x00000148       0x20 /home/hansung/ndsdev/devkitPro/libnds/lib/libnds9.a(mpu_setup.o)
 .debug_aranges
                0x00000168       0x20 /home/hansung/ndsdev/devkitPro/libnds/lib/libnds9.a(biosCalls.o)
 .debug_aranges
                0x00000188       0x20 /home/hansung/ndsdev/devkitPro/libnds/lib/libnds9.a(interruptDispatcher.o)
 .debug_aranges
                0x000001a8       0x20 /home/hansung/ndsdev/devkitPro/libnds/lib/libnds9.a(swiSoftReset.o)
 .debug_aranges
                0x000001c8       0x20 /home/hansung/ndsdev/devkitPro/libnds/lib/libnds9.a(system.o)
 .debug_aranges
                0x000001e8       0x20 /home/hansung/ndsdev/devkitPro/libnds/lib/libnds9.a(video.o)

.debug_pubnames
 *(.debug_pubnames)

.debug_info     0x00000000     0x7e49
 *(.debug_info)
 .debug_info    0x00000000     0x1536 main.o
 .debug_info    0x00001536      0x415 /home/hansung/ndsdev/devkitPro/libnds/lib/libnds9.a(keys.o)
 .debug_info    0x0000194b      0xca8 /home/hansung/ndsdev/devkitPro/libnds/lib/libnds9.a(sprite.o)
 .debug_info    0x000025f3     0x10ac /home/hansung/ndsdev/devkitPro/libnds/lib/libnds9.a(sprite_alloc.o)
 .debug_info    0x0000369f      0x55c /home/hansung/ndsdev/devkitPro/libnds/lib/libnds9.a(trig.o)
 .debug_info    0x00003bfb     0x1030 /home/hansung/ndsdev/devkitPro/libnds/lib/libnds9.a(initSystem.o)
 .debug_info    0x00004c2b     0x1546 /home/hansung/ndsdev/devkitPro/libnds/lib/libnds9.a(fifosystem.o)
 .debug_info    0x00006171      0x5b4 /home/hansung/ndsdev/devkitPro/libnds/lib/libnds9.a(interrupts.o)
 .debug_info    0x00006725      0x323 /home/hansung/ndsdev/devkitPro/libnds/lib/libnds9.a(libnds_exit.arm.o)
 .debug_info    0x00006a48       0xba /home/hansung/ndsdev/devkitPro/libnds/lib/libnds9.a(dcache.o)
 .debug_info    0x00006b02       0xc4 /home/hansung/ndsdev/devkitPro/libnds/lib/libnds9.a(mpu_setup.o)
 .debug_info    0x00006bc6       0xbf /home/hansung/ndsdev/devkitPro/libnds/lib/libnds9.a(biosCalls.o)
 .debug_info    0x00006c85       0xc9 /home/hansung/ndsdev/devkitPro/libnds/lib/libnds9.a(interruptDispatcher.o)
 .debug_info    0x00006d4e       0xc2 /home/hansung/ndsdev/devkitPro/libnds/lib/libnds9.a(swiSoftReset.o)
 .debug_info    0x00006e10      0x91b /home/hansung/ndsdev/devkitPro/libnds/lib/libnds9.a(system.o)
 .debug_info    0x0000772b      0x71e /home/hansung/ndsdev/devkitPro/libnds/lib/libnds9.a(video.o)

.debug_abbrev   0x00000000     0x1db6
 *(.debug_abbrev)
 .debug_abbrev  0x00000000      0x406 main.o
 .debug_abbrev  0x00000406      0x185 /home/hansung/ndsdev/devkitPro/libnds/lib/libnds9.a(keys.o)
 .debug_abbrev  0x0000058b      0x34d /home/hansung/ndsdev/devkitPro/libnds/lib/libnds9.a(sprite.o)
 .debug_abbrev  0x000008d8      0x30e /home/hansung/ndsdev/devkitPro/libnds/lib/libnds9.a(sprite_alloc.o)
 .debug_abbrev  0x00000be6      0x1ff /home/hansung/ndsdev/devkitPro/libnds/lib/libnds9.a(trig.o)
 .debug_abbrev  0x00000de5      0x2dc /home/hansung/ndsdev/devkitPro/libnds/lib/libnds9.a(initSystem.o)
 .debug_abbrev  0x000010c1      0x470 /home/hansung/ndsdev/devkitPro/libnds/lib/libnds9.a(fifosystem.o)
 .debug_abbrev  0x00001531      0x239 /home/hansung/ndsdev/devkitPro/libnds/lib/libnds9.a(interrupts.o)
 .debug_abbrev  0x0000176a      0x175 /home/hansung/ndsdev/devkitPro/libnds/lib/libnds9.a(libnds_exit.arm.o)
 .debug_abbrev  0x000018df       0x14 /home/hansung/ndsdev/devkitPro/libnds/lib/libnds9.a(dcache.o)
 .debug_abbrev  0x000018f3       0x14 /home/hansung/ndsdev/devkitPro/libnds/lib/libnds9.a(mpu_setup.o)
 .debug_abbrev  0x00001907       0x14 /home/hansung/ndsdev/devkitPro/libnds/lib/libnds9.a(biosCalls.o)
 .debug_abbrev  0x0000191b       0x14 /home/hansung/ndsdev/devkitPro/libnds/lib/libnds9.a(interruptDispatcher.o)
 .debug_abbrev  0x0000192f       0x14 /home/hansung/ndsdev/devkitPro/libnds/lib/libnds9.a(swiSoftReset.o)
 .debug_abbrev  0x00001943      0x26a /home/hansung/ndsdev/devkitPro/libnds/lib/libnds9.a(system.o)
 .debug_abbrev  0x00001bad      0x209 /home/hansung/ndsdev/devkitPro/libnds/lib/libnds9.a(video.o)

.debug_line     0x00000000     0x2587
 *(.debug_line)
 .debug_line    0x00000000      0x370 main.o
 .debug_line    0x00000370      0x23f /home/hansung/ndsdev/devkitPro/libnds/lib/libnds9.a(keys.o)
 .debug_line    0x000005af      0x32f /home/hansung/ndsdev/devkitPro/libnds/lib/libnds9.a(sprite.o)
 .debug_line    0x000008de      0x2f9 /home/hansung/ndsdev/devkitPro/libnds/lib/libnds9.a(sprite_alloc.o)
 .debug_line    0x00000bd7      0x2a4 /home/hansung/ndsdev/devkitPro/libnds/lib/libnds9.a(trig.o)
 .debug_line    0x00000e7b      0x37e /home/hansung/ndsdev/devkitPro/libnds/lib/libnds9.a(initSystem.o)
 .debug_line    0x000011f9      0x6c9 /home/hansung/ndsdev/devkitPro/libnds/lib/libnds9.a(fifosystem.o)
 .debug_line    0x000018c2      0x26e /home/hansung/ndsdev/devkitPro/libnds/lib/libnds9.a(interrupts.o)
 .debug_line    0x00001b30      0x1cc /home/hansung/ndsdev/devkitPro/libnds/lib/libnds9.a(libnds_exit.arm.o)
 .debug_line    0x00001cfc       0xa2 /home/hansung/ndsdev/devkitPro/libnds/lib/libnds9.a(dcache.o)
 .debug_line    0x00001d9e      0x101 /home/hansung/ndsdev/devkitPro/libnds/lib/libnds9.a(mpu_setup.o)
 .debug_line    0x00001e9f       0xc3 /home/hansung/ndsdev/devkitPro/libnds/lib/libnds9.a(biosCalls.o)
 .debug_line    0x00001f62       0xc7 /home/hansung/ndsdev/devkitPro/libnds/lib/libnds9.a(interruptDispatcher.o)
 .debug_line    0x00002029       0x97 /home/hansung/ndsdev/devkitPro/libnds/lib/libnds9.a(swiSoftReset.o)
 .debug_line    0x000020c0      0x286 /home/hansung/ndsdev/devkitPro/libnds/lib/libnds9.a(system.o)
 .debug_line    0x00002346      0x241 /home/hansung/ndsdev/devkitPro/libnds/lib/libnds9.a(video.o)

.debug_frame    0x00000000      0x950
 *(.debug_frame)
 .debug_frame   0x00000000       0xa8 main.o
 .debug_frame   0x000000a8       0x8c /home/hansung/ndsdev/devkitPro/libnds/lib/libnds9.a(keys.o)
 .debug_frame   0x00000134      0x114 /home/hansung/ndsdev/devkitPro/libnds/lib/libnds9.a(sprite.o)
 .debug_frame   0x00000248       0xbc /home/hansung/ndsdev/devkitPro/libnds/lib/libnds9.a(sprite_alloc.o)
 .debug_frame   0x00000304       0xf0 /home/hansung/ndsdev/devkitPro/libnds/lib/libnds9.a(trig.o)
 .debug_frame   0x000003f4       0x2c /home/hansung/ndsdev/devkitPro/libnds/lib/libnds9.a(initSystem.o)
 .debug_frame   0x00000420      0x2b8 /home/hansung/ndsdev/devkitPro/libnds/lib/libnds9.a(fifosystem.o)
 .debug_frame   0x000006d8       0xb4 /home/hansung/ndsdev/devkitPro/libnds/lib/libnds9.a(interrupts.o)
 .debug_frame   0x0000078c       0x38 /home/hansung/ndsdev/devkitPro/libnds/lib/libnds9.a(libnds_exit.arm.o)
 .debug_frame   0x000007c4       0xc8 /home/hansung/ndsdev/devkitPro/libnds/lib/libnds9.a(system.o)
 .debug_frame   0x0000088c       0xc4 /home/hansung/ndsdev/devkitPro/libnds/lib/libnds9.a(video.o)

.debug_str      0x00000000     0x2b05
 *(.debug_str)
 .debug_str     0x00000000      0xd0b main.o
                                0xdb1 (size before relaxing)
 .debug_str     0x00000d0b      0x17f /home/hansung/ndsdev/devkitPro/libnds/lib/libnds9.a(keys.o)
                                0x2f5 (size before relaxing)
 .debug_str     0x00000e8a      0x1b3 /home/hansung/ndsdev/devkitPro/libnds/lib/libnds9.a(sprite.o)
                                0x7bf (size before relaxing)
 .debug_str     0x0000103d      0x104 /home/hansung/ndsdev/devkitPro/libnds/lib/libnds9.a(sprite_alloc.o)
                                0x75b (size before relaxing)
 .debug_str     0x00001141       0xf0 /home/hansung/ndsdev/devkitPro/libnds/lib/libnds9.a(trig.o)
                                0x1e9 (size before relaxing)
 .debug_str     0x00001231      0x72d /home/hansung/ndsdev/devkitPro/libnds/lib/libnds9.a(initSystem.o)
                                0xa02 (size before relaxing)
 .debug_str     0x0000195e      0x4ee /home/hansung/ndsdev/devkitPro/libnds/lib/libnds9.a(fifosystem.o)
                                0x793 (size before relaxing)
 .debug_str     0x00001e4c      0x10e /home/hansung/ndsdev/devkitPro/libnds/lib/libnds9.a(interrupts.o)
                                0x382 (size before relaxing)
 .debug_str     0x00001f5a      0x142 /home/hansung/ndsdev/devkitPro/libnds/lib/libnds9.a(libnds_exit.arm.o)
                                0x2c6 (size before relaxing)
 .debug_str     0x0000209c      0x294 /home/hansung/ndsdev/devkitPro/libnds/lib/libnds9.a(system.o)
                                0x5dd (size before relaxing)
 .debug_str     0x00002330      0x7d5 /home/hansung/ndsdev/devkitPro/libnds/lib/libnds9.a(video.o)
                                0xb3e (size before relaxing)

.debug_loc      0x00000000     0x3a83
 *(.debug_loc)
 .debug_loc     0x00000000      0x2a8 main.o
 .debug_loc     0x000002a8       0x20 /home/hansung/ndsdev/devkitPro/libnds/lib/libnds9.a(keys.o)
 .debug_loc     0x000002c8      0x731 /home/hansung/ndsdev/devkitPro/libnds/lib/libnds9.a(sprite.o)
 .debug_loc     0x000009f9      0x9c0 /home/hansung/ndsdev/devkitPro/libnds/lib/libnds9.a(sprite_alloc.o)
 .debug_loc     0x000013b9      0x9dd /home/hansung/ndsdev/devkitPro/libnds/lib/libnds9.a(trig.o)
 .debug_loc     0x00001d96       0x3f /home/hansung/ndsdev/devkitPro/libnds/lib/libnds9.a(initSystem.o)
 .debug_loc     0x00001dd5     0x149c /home/hansung/ndsdev/devkitPro/libnds/lib/libnds9.a(fifosystem.o)
 .debug_loc     0x00003271      0x22a /home/hansung/ndsdev/devkitPro/libnds/lib/libnds9.a(interrupts.o)
 .debug_loc     0x0000349b       0x78 /home/hansung/ndsdev/devkitPro/libnds/lib/libnds9.a(libnds_exit.arm.o)
 .debug_loc     0x00003513      0x2cf /home/hansung/ndsdev/devkitPro/libnds/lib/libnds9.a(system.o)
 .debug_loc     0x000037e2      0x2a1 /home/hansung/ndsdev/devkitPro/libnds/lib/libnds9.a(video.o)

.debug_macinfo
 *(.debug_macinfo)

.debug_weaknames
 *(.debug_weaknames)

.debug_funcnames
 *(.debug_funcnames)

.debug_typenames
 *(.debug_typenames)

.debug_varnames
 *(.debug_varnames)

.stack          0x00080000        0x0
                0x00080000                _stack = .
 *(.stack)
LOAD /home/hansung/ndsdev/devkitPro/devkitARM/bin/../lib/gcc/arm-none-eabi/4.7.1/../../../../arm-none-eabi/lib/thumb/ds_arm9_crt0.o
LOAD /home/hansung/ndsdev/devkitPro/devkitARM/bin/../lib/gcc/arm-none-eabi/4.7.1/thumb/crti.o
LOAD /home/hansung/ndsdev/devkitPro/devkitARM/bin/../lib/gcc/arm-none-eabi/4.7.1/thumb/crtbegin.o
LOAD down.o
LOAD man.o
LOAD up.o
LOAD woman.o
LOAD main.o
LOAD /home/hansung/ndsdev/devkitPro/libnds/lib/libnds9.a
START GROUP
LOAD /home/hansung/ndsdev/devkitPro/devkitARM/bin/../lib/gcc/arm-none-eabi/4.7.1/thumb/libgcc.a
LOAD /home/hansung/ndsdev/devkitPro/devkitARM/bin/../lib/gcc/arm-none-eabi/4.7.1/../../../../arm-none-eabi/lib/thumb/libg.a
LOAD /home/hansung/ndsdev/devkitPro/devkitARM/bin/../lib/gcc/arm-none-eabi/4.7.1/../../../../arm-none-eabi/lib/thumb/libc.a
LOAD /home/hansung/ndsdev/devkitPro/devkitARM/bin/../lib/gcc/arm-none-eabi/4.7.1/../../../../arm-none-eabi/lib/thumb/libsysbase.a
END GROUP
LOAD /home/hansung/ndsdev/devkitPro/devkitARM/bin/../lib/gcc/arm-none-eabi/4.7.1/thumb/crtend.o
LOAD /home/hansung/ndsdev/devkitPro/devkitARM/bin/../lib/gcc/arm-none-eabi/4.7.1/thumb/crtn.o
OUTPUT(/home/hansung/ndsdev/workspace/MovingCharacter/MovingCharacter.elf elf32-littlearm)

.debug_ranges   0x00000000      0x7d0
 .debug_ranges  0x00000000       0x70 main.o
 .debug_ranges  0x00000070       0x58 /home/hansung/ndsdev/devkitPro/libnds/lib/libnds9.a(sprite.o)
 .debug_ranges  0x000000c8       0x70 /home/hansung/ndsdev/devkitPro/libnds/lib/libnds9.a(sprite_alloc.o)
 .debug_ranges  0x00000138       0x70 /home/hansung/ndsdev/devkitPro/libnds/lib/libnds9.a(trig.o)
 .debug_ranges  0x000001a8      0x490 /home/hansung/ndsdev/devkitPro/libnds/lib/libnds9.a(fifosystem.o)
 .debug_ranges  0x00000638      0x120 /home/hansung/ndsdev/devkitPro/libnds/lib/libnds9.a(interrupts.o)
 .debug_ranges  0x00000758       0x78 /home/hansung/ndsdev/devkitPro/libnds/lib/libnds9.a(video.o)
