Archive member included because of file (symbol)

/home/hansung/ndsdev/devkitPro/libnds/lib/libnds9.a(background.o)
                              sevencore_io.o (bgInit_call)
/home/hansung/ndsdev/devkitPro/libnds/lib/libnds9.a(console.o)
                              sevencore_io.o (consoleSelect)
/home/hansung/ndsdev/devkitPro/libnds/lib/libnds9.a(decompress.o)
                              sevencore_io.o (decompress)
/home/hansung/ndsdev/devkitPro/libnds/lib/libnds9.a(exceptions.o)
                              gdbStub.o (setExceptionHandler)
/home/hansung/ndsdev/devkitPro/libnds/lib/libnds9.a(keys.o)
                              gdbStub.o (scanKeys)
/home/hansung/ndsdev/devkitPro/libnds/lib/libnds9.a(sassert.o)
                              sevencore_io.o (__sassert)
/home/hansung/ndsdev/devkitPro/libnds/lib/libnds9.a(touch.o)
                              sevencore_io.o (touchRead)
/home/hansung/ndsdev/devkitPro/libnds/lib/libnds9.a(trig.o)
                              /home/hansung/ndsdev/devkitPro/libnds/lib/libnds9.a(background.o) (sinLerp)
/home/hansung/ndsdev/devkitPro/libnds/lib/libnds9.a(videoGL.o)
                              card_spi.o (glGlobalData)
/home/hansung/ndsdev/devkitPro/libnds/lib/libnds9.a(initSystem.o)
                              /home/hansung/ndsdev/devkitPro/devkitARM/bin/../lib/gcc/arm-none-eabi/4.7.1/../../../../arm-none-eabi/lib/thumb/ds_arm9_crt0.o (initSystem)
/home/hansung/ndsdev/devkitPro/libnds/lib/libnds9.a(fifosystem.o)
                              /home/hansung/ndsdev/devkitPro/libnds/lib/libnds9.a(initSystem.o) (fifoSendValue32)
/home/hansung/ndsdev/devkitPro/libnds/lib/libnds9.a(interrupts.o)
                              card_spi.o (irqSet)
/home/hansung/ndsdev/devkitPro/libnds/lib/libnds9.a(libnds_exit.arm.o)
                              /home/hansung/ndsdev/devkitPro/devkitARM/bin/../lib/gcc/arm-none-eabi/4.7.1/../../../../arm-none-eabi/lib/thumb/ds_arm9_crt0.o (__libnds_exit)
/home/hansung/ndsdev/devkitPro/libnds/lib/libnds9.a(syscalls.o)
                              /home/hansung/ndsdev/devkitPro/libnds/lib/libnds9.a(decompress.o) (swiDecompressLZSSVram)
/home/hansung/ndsdev/devkitPro/libnds/lib/libnds9.a(exceptionHandler.o)
                              gdbStub.o (getCPSR)
/home/hansung/ndsdev/devkitPro/libnds/lib/libnds9.a(mpu_setup.o)
                              /home/hansung/ndsdev/devkitPro/devkitARM/bin/../lib/gcc/arm-none-eabi/4.7.1/../../../../arm-none-eabi/lib/thumb/ds_arm9_crt0.o (__libnds_mpu_setup)
/home/hansung/ndsdev/devkitPro/libnds/lib/libnds9.a(biosCalls.o)
                              card_spi.o (swiDelay)
/home/hansung/ndsdev/devkitPro/libnds/lib/libnds9.a(debugprint.o)
                              /home/hansung/ndsdev/devkitPro/libnds/lib/libnds9.a(console.o) (nocashWrite)
/home/hansung/ndsdev/devkitPro/libnds/lib/libnds9.a(interruptDispatcher.o)
                              /home/hansung/ndsdev/devkitPro/libnds/lib/libnds9.a(interrupts.o) (IntrMain)
/home/hansung/ndsdev/devkitPro/libnds/lib/libnds9.a(swiSoftReset.o)
                              /home/hansung/ndsdev/devkitPro/libnds/lib/libnds9.a(fifosystem.o) (swiSoftReset)
/home/hansung/ndsdev/devkitPro/libnds/lib/libnds9.a(default_font.bin.o)
                              /home/hansung/ndsdev/devkitPro/libnds/lib/libnds9.a(console.o) (default_font_bin)
/home/hansung/ndsdev/devkitPro/libnds/lib/libnds9.a(dynamicArray.o)
                              /home/hansung/ndsdev/devkitPro/libnds/lib/libnds9.a(videoGL.o) (DynamicArrayInit)
/home/hansung/ndsdev/devkitPro/libnds/lib/libnds9.a(system.o)
                              /home/hansung/ndsdev/devkitPro/libnds/lib/libnds9.a(initSystem.o) (systemMsgHandler)
/home/hansung/ndsdev/devkitPro/libnds/lib/libnds9.a(video.o)
                              /home/hansung/ndsdev/devkitPro/libnds/lib/libnds9.a(videoGL.o) (vramSetPrimaryBanks)
/home/hansung/ndsdev/devkitPro/devkitARM/bin/../lib/gcc/arm-none-eabi/4.7.1/thumb/libgcc.a(_udivsi3.o)
                              sevencore_io.o (__aeabi_uidiv)
/home/hansung/ndsdev/devkitPro/devkitARM/bin/../lib/gcc/arm-none-eabi/4.7.1/thumb/libgcc.a(_divsi3.o)
                              /home/hansung/ndsdev/devkitPro/libnds/lib/libnds9.a(console.o) (__aeabi_idivmod)
/home/hansung/ndsdev/devkitPro/devkitARM/bin/../lib/gcc/arm-none-eabi/4.7.1/thumb/libgcc.a(_dvmd_tls.o)
                              /home/hansung/ndsdev/devkitPro/devkitARM/bin/../lib/gcc/arm-none-eabi/4.7.1/thumb/libgcc.a(_udivsi3.o) (__aeabi_idiv0)
/home/hansung/ndsdev/devkitPro/devkitARM/bin/../lib/gcc/arm-none-eabi/4.7.1/thumb/libgcc.a(_muldi3.o)
                              /home/hansung/ndsdev/devkitPro/libnds/lib/libnds9.a(videoGL.o) (__aeabi_lmul)
/home/hansung/ndsdev/devkitPro/devkitARM/bin/../lib/gcc/arm-none-eabi/4.7.1/../../../../arm-none-eabi/lib/thumb/libg.a(lib_a-bsearch.o)
                              /home/hansung/ndsdev/devkitPro/libnds/lib/libnds9.a(trig.o) (bsearch)
[...]
Memory Configuration

Name             Origin             Length             Attributes
rom              0x08000000         0x02000000
ewram            0x02000000         0x003ff000
dtcm             0x0b000000         0x00004000
vectors          0x01000000         0x00000100
itcm             0x01000100         0x00007f00
*default*        0x00000000         0xffffffff

Linker script and memory map

                0x01000000                __vectors_start = ORIGIN (vectors)
                0x01000100                __itcm_start = ORIGIN (itcm)
                0x023ff000                __ewram_end = (ORIGIN (ewram) + 0x3ff000)
                0x023ff000                __eheap_end = (ORIGIN (ewram) + 0x3ff000)
                0x0b000000                __dtcm_start = ORIGIN (dtcm)
                0x0b004000                __dtcm_top = (ORIGIN (dtcm) + 0x4000)
                0x0b003ff8                __irq_flags = (__dtcm_top - 0x8)
                0x0b003ffc                __irq_vector = (__dtcm_top - 0x4)
                0x0b003f00                __sp_svc = (__dtcm_top - 0x100)
                0x0b003e00                __sp_irq = (__sp_svc - 0x100)
                0x0b003d00                __sp_usr = (__sp_irq - 0x100)

.init           0x02000000      0x23c
                0x02000000                __text_start = .
 *(.init)
 .init          0x02000000      0x230 /home/hansung/ndsdev/devkitPro/devkitARM/bin/../lib/gcc/arm-none-eabi/4.7.1/../../../../arm-none-eabi/lib/thumb/ds_arm9_crt0.o
                0x02000000                _start
 .init          0x02000230        0x4 /home/hansung/ndsdev/devkitPro/devkitARM/bin/../lib/gcc/arm-none-eabi/4.7.1/thumb/crti.o
                0x02000230                _init
 .init          0x02000234        0x8 /home/hansung/ndsdev/devkitPro/devkitARM/bin/../lib/gcc/arm-none-eabi/4.7.1/thumb/crtn.o
                0x0200023c                . = ALIGN (0x4)

.plt
 *(.plt)

.text           0x02000240    0x13f70
 *(EXCLUDE_FILE(*.itcm*) .text)
 .text          0x02000240        0x0 /home/hansung/ndsdev/devkitPro/devkitARM/bin/../lib/gcc/arm-none-eabi/4.7.1/../../../../arm-none-eabi/lib/thumb/ds_arm9_crt0.o
 .text          0x02000240        0x0 /home/hansung/ndsdev/devkitPro/devkitARM/bin/../lib/gcc/arm-none-eabi/4.7.1/thumb/crti.o
 .text          0x02000240       0xd0 /home/hansung/ndsdev/devkitPro/devkitARM/bin/../lib/gcc/arm-none-eabi/4.7.1/thumb/crtbegin.o
 .text          0x02000310        0x0 Menu.o
 .text          0x02000310        0x0 background.o
 .text          0x02000310        0x0 dong.o
 .text          0x02000310        0x0 down.o
 .text          0x02000310        0x0 gameover.o
 .text          0x02000310        0x0 left.o
 .text          0x02000310        0x0 mainup.o
 .text          0x02000310        0x0 ranking.o
 .text          0x02000310        0x0 right.o
 .text          0x02000310        0x0 up.o
 .text          0x02000310      0x42c croutine.o
                0x02000310                xCoRoutineCreate
                0x020003d8                vCoRoutineAddToDelayedList
                0x020005d8                vCoRoutineSchedule
                0x020006e0                xCoRoutineRemoveFromEventList
 .text          0x0200073c      0x138 list.o
                0x0200073c                vListInitialise
                0x02000770                vListInitialiseItem
                0x02000780                vListInsertEnd
                0x020007c4                vListInsert
                0x0200082c                vListRemove
 .text          0x02000874      0x6e8 queue.o
                0x02000874                xQueueCreate
                0x02000928                xQueueCreateMutex
                0x020009a0                xQueueGenericSend
                0x02000aa8                xQueueGenericSendFromISR
                0x02000b18                xQueueGenericReceive
                0x02000c80                xQueueReceiveFromISR
                0x02000cf0                uxQueueMessagesWaiting
                0x02000d0c                uxQueueMessagesWaitingFromISR
                0x02000d20                vQueueDelete
                0x02000ef4                xQueueIsQueueEmptyFromISR
                0x02000f3c                xQueueIsQueueFullFromISR
 .text          0x02000f5c     0x119c tasks.o
                0x02000f5c                xTaskGenericCreate
                0x020010c4                vTaskDelete
                0x02001158                vTaskDelayUntil
                0x02001228                vTaskDelay
                0x020012b0                uxTaskPriorityGet
                0x020012e0                vTaskPrioritySet
                0x020013d4                vTaskSuspend
                0x02001468                xTaskIsTaskSuspended
                0x020014a8                vTaskResume
                0x02001534                xTaskResumeFromISR
                0x020015d4                vTaskStartScheduler
                0x02001630                vTaskEndScheduler
                0x02001648                vTaskSuspendAll
                0x02001658                xTaskResumeAll
                0x02001750                xTaskGetTickCount
                0x02001770                xTaskGetTickCountFromISR
                0x0200177c                uxTaskGetNumberOfTasks
                0x02001788                vTaskList
                0x0200187c                vTaskStartTrace
                0x020018c0                ulTaskEndTrace
                0x020018f4                vTaskIncrementTick
                0x020019c8                vTaskSwitchContext
                0x02001ac8                vTaskPlaceOnEventList
                0x02001b60                xTaskRemoveFromEventList
                0x02001c0c                vTaskSetTimeOutState
                0x02001c2c                xTaskCheckForTimeOut
                0x02001cb0                vTaskMissedYield
                0x02001fcc                xTaskGetCurrentTaskHandle
                0x02001fe0                vTaskPriorityInherit
                0x02002080                vTaskPriorityDisinherit
 .text          0x020020f8      0x4a8 card_spi.o
                0x02002148                cardLineIrqHandler
                0x0200214c                initSpi
                0x02002158                cardSpiBusy
                0x02002178                cardSpiStart
                0x020021c0                cardSpiStop
                0x020021e0                cardSpiInit
                0x02002210                cardSpiSetHandler
                0x0200224c                cardSpiEnable
                0x0200226c                cardSpiDisable
                0x02002288                cardSpiTransfer
                0x020022d0                cardSpiWriteBuffer
                0x02002390                cardSpiTransferBuffer
                0x02002474                poll_spi
                0x020024b4                getDebugChar
                0x02002540                putDebugChar
 .text          0x020025a0     0x15ec gdbStub.o
                0x02002a04                getRegister
                0x02002a7c                putRegister
                0x02002ad0                getRegisterAsBytes
                0x02002b34                putRegisterAsBytes
                0x02003944                initDebug
                0x02003b68                waitInput
 .text          0x02003b8c       0x44 heap_3.o
                0x02003b8c                pvPortMalloc
                0x02003bb0                vPortFree
 .text          0x02003bd0      0x16c port.o
                0x02003bd0                pxPortInitialiseStack
                0x02003cec                xPortStartScheduler
                0x02003d00                vPortEndScheduler
 .text          0x02003d3c       0x48 portISR.o
                0x02003d3c                vPortISRStartFirstTask
                0x02003d44                vPortEnterCritical
                0x02003d5c                vPortExitCritical
 .text          0x02003d84      0x99c sevencore_io.o
                0x0200420c                draw7SEGMENT
                0x02004500                init_virtual_io
                0x020045c0                init_printf
                0x0200461c                readb_virtual_io
                0x02004670                writeb_virtual_io
                0x0200471c                close_virtual_io
 .text          0x02004720      0x1c4 Exp_Homework.o
                0x0200487c                Exp_3_Homework
 .text          0x020048e4       0x4c main.o
                0x020048e4                main
                0x02004920                InitDebug
 .text          0x02004930       0xf0 gdbStubAsm.o
                0x02004930                BreakPoint
                0x02004938                ICInvalidateAll
                0x02004944                DCFlushAll
                0x02004970                enable_IRQs
                0x0200497c                disable_IRQs
                0x02004988                getSPSR
                0x02004990                setBankedReg
                0x020049b4                setRegs
                0x020049bc                getPC
                0x020049c4                test_func
                0x020049e8                v5T_semantics_asm
                0x020049f0                add
                0x02004a00                mul
 .text          0x02004a20      0x140 port_asm.o
                0x02004a20                vPortDisableInterruptsFromThumb
                0x02004a38                vPortEnableInterruptsFromThumb
                0x02004a50                portRESTORE_CONTEXT_FIRST
                0x02004a68                portRESTORE_CONTEXT
                0x02004aa0                vPreemptiveTick
                0x02004afc                vPortYIELD
 .text          0x02004b60      0x2e8 /home/hansung/ndsdev/devkitPro/libnds/lib/libnds9.a(background.o)
                0x02004b60                bgIsText
                0x02004b6c                checkIfText
                0x02004bc4                bgUpdate
                0x02004cb8                bgInit_call
                0x02004d7c                bgInitSub_call
 .text          0x02004e48      0xa4c /home/hansung/ndsdev/devkitPro/libnds/lib/libnds9.a(console.o)
                0x02004ee8                nocash_write
                0x02004ef8                consoleGetDefault
                0x02004f04                consoleSelect
                0x02004f14                consoleDebugInit
                0x02004f64                consolePrintChar
                0x02005130                consoleLoadFont
                0x020053b8                consoleSetFont
                0x020053d8                consoleInit
                0x02005540                consoleDemoInit
                0x02005584                con_write
                0x02005860                consoleClear
                0x02005870                consoleSetWindow
 .text          0x02005894       0x84 /home/hansung/ndsdev/devkitPro/libnds/lib/libnds9.a(decompress.o)
                0x02005894                getHeader
                0x02005898                readByte
                0x0200589c                decompress
                0x020058dc                decompressStream
 .text          0x02005918       0x28 /home/hansung/ndsdev/devkitPro/libnds/lib/libnds9.a(exceptions.o)
                0x02005918                setExceptionHandler
 .text          0x02005940       0xf4 /home/hansung/ndsdev/devkitPro/libnds/lib/libnds9.a(keys.o)
                0x02005940                scanKeys
                0x020059ac                keysHeld
                0x020059b8                keysDown
                0x020059c8                keysDownRepeat
                0x020059d8                keysSetRepeat
                0x020059f0                keysUp
                0x02005a00                keysCurrent
 .text          0x02005a34       0x24 /home/hansung/ndsdev/devkitPro/libnds/lib/libnds9.a(sassert.o)
                0x02005a34                __sassert
 .text          0x02005a58       0x4c /home/hansung/ndsdev/devkitPro/libnds/lib/libnds9.a(touch.o)
                0x02005a58                touchRead
                0x02005a80                touchReadXY
 .text          0x02005aa4      0x244 /home/hansung/ndsdev/devkitPro/libnds/lib/libnds9.a(trig.o)
                0x02005aa4                asinComp
                0x02005acc                sinLutLookup
                0x02005b08                sinLerp
                0x02005b40                cosLerp
                0x02005b54                tanLutLookup
                0x02005b8c                tanLerp
                0x02005c30                asinLerp
                0x02005cac                acosLerp
                0x02005cc0                atanComp
 .text          0x02005ce8     0x15cc /home/hansung/ndsdev/devkitPro/libnds/lib/libnds9.a(videoGL.o)
                0x02005ce8                glGetGlobals
                0x02005cf0                glRotatef32i
                0x02005fc4                glMaterialf
                0x02006030                glTexCoord2f32
                0x020060a4                vramBlock_init
                0x02006110                vramBlock_Construct
                0x02006138                vramBlock_terminate
                0x02006160                vramBlock_Deconstruct
                0x02006174                vramBlock__allocateBlock
                0x020062e0                vramBlock__deallocateBlock
                0x0200643c                vramBlock_examineSpecial
                0x0200665c                vramBlock_allocateSpecial
                0x020066c8                vramBlock_allocateBlock
                0x020066fc                vramBlock_deallocateBlock
                0x0200673c                vramBlock_deallocateAll
                0x0200674c                vramBlock_getAddr
                0x02006760                vramBlock_getSize
                0x02006774                glInit_C
                0x0200691c                glResetTextures
                0x020069a4                removePaletteFromTexture
                0x02006a14                glGenTextures
                0x02006ab0                glDeleteTextures
                0x02006b80                vramGetBank
                0x02006c40                glBindTexture
                0x02006ca0                glColorTableEXT
                0x02006e20                glColorSubTableEXT
                0x02006e70                glGetColorTableEXT
                0x02006eac                glAssignColorTable
                0x02006f20                glTexParameter
                0x02006f58                glGetTexturePointer
                0x02006f78                glGetTexParameter
                0x02006f98                glGetColorTableParameterEXT
                0x02006fd0                glTexImage2D
 .text          0x020072b4      0x140 /home/hansung/ndsdev/devkitPro/libnds/lib/libnds9.a(initSystem.o)
                0x020072b4                initSystem
 .text          0x020073f4      0xc58 /home/hansung/ndsdev/devkitPro/libnds/lib/libnds9.a(fifosystem.o)
                0x02007648                fifoSendAddress
                0x02007674                fifoSendValue32
                0x020076b4                fifoSendDatamsg
                0x02007724                fifoGetAddress
                0x0200779c                fifoSetAddressHandler
                0x02007810                fifoGetValue32
                0x02007884                fifoSetValue32Handler
                0x020078f8                fifoGetDatamsg
                0x02007d7c                fifoSetDatamsgHandler
                0x02007e14                fifoCheckAddress
                0x02007e38                fifoCheckDatamsg
                0x02007e5c                fifoCheckValue32
                0x02007e80                fifoInit
 .text          0x0200804c      0x1ec /home/hansung/ndsdev/devkitPro/libnds/lib/libnds9.a(interrupts.o)
                0x0200804c                irqDummy
                0x02008050                irqSet
                0x020080bc                irqInit
                0x02008108                irqInitHandler
                0x02008138                irqEnable
                0x0200819c                irqDisable
                0x02008200                irqClear
 .text          0x02008238       0x58 /home/hansung/ndsdev/devkitPro/libnds/lib/libnds9.a(libnds_exit.arm.o)
                0x02008238                systemErrorExit
                0x0200823c                __libnds_exit
 .text          0x02008290       0x1c /home/hansung/ndsdev/devkitPro/libnds/lib/libnds9.a(syscalls.o)
                0x02008290                swiDecompressLZSSVram
 .text          0x020082ac       0xdc /home/hansung/ndsdev/devkitPro/libnds/lib/libnds9.a(exceptionHandler.o)
                0x020082ac                getCPSR
                0x020082b4                enterException
                0x02008328                exceptionC
                0x0200832c                exceptionStack
                0x02008330                exceptionRegisters
 .text          0x02008388      0x1b4 /home/hansung/ndsdev/devkitPro/libnds/lib/libnds9.a(mpu_setup.o)
                0x02008388                __libnds_mpu_setup
                0x020084c8                memCached
                0x020084e0                memUncached
 *fill*         0x0200853c        0x4 ff
 .text          0x02008540       0x70 /home/hansung/ndsdev/devkitPro/libnds/lib/libnds9.a(biosCalls.o)
                0x02008540                swiDelay
                0x02008544                swiIntrWait
                0x02008548                swiWaitForVBlank
                0x0200854c                swiSleep
                0x02008550                swiChangeSoundBias
                0x02008554                swiDivide
                0x02008558                swiRemainder
                0x0200855e                swiDivMod
                0x0200856a                swiCopy
                0x0200856e                swiFastCopy
                0x02008572                swiSqrt
                0x02008576                swiCRC16
                0x0200857a                swiIsDebugger
                0x0200857e                swiUnpackBits
                0x02008582                swiDecompressLZSSWram
                0x02008586                swiDecompressLZSSVramNTR
                0x0200858a                swiDecompressLZSSVramTWL
                0x0200858e                swiDecompressHuffman
                0x02008592                swiDecompressRLEWram
                0x02008596                swiDecompressRLEVram
                0x0200859a                swiWaitForIRQ
                0x0200859e                swiDecodeDelta8
                0x020085a2                swiDecodeDelta16
                0x020085a6                swiSetHaltCR
 .text          0x020085b0       0xa4 /home/hansung/ndsdev/devkitPro/libnds/lib/libnds9.a(debugprint.o)
                0x020085b0                nocashWrite
                0x020085b2                nocashMessage
 .text          0x02008654        0x0 /home/hansung/ndsdev/devkitPro/libnds/lib/libnds9.a(interruptDispatcher.o)
 *fill*         0x02008654        0xc ff
 .text          0x02008660       0x30 /home/hansung/ndsdev/devkitPro/libnds/lib/libnds9.a(swiSoftReset.o)
                0x02008660                swiSoftReset
 .text          0x02008690        0x0 /home/hansung/ndsdev/devkitPro/libnds/lib/libnds9.a(default_font.bin.o)
 .text          0x02008690       0x8c /home/hansung/ndsdev/devkitPro/libnds/lib/libnds9.a(dynamicArray.o)
                0x02008690                DynamicArrayInit
                0x020086a8                DynamicArrayDelete
                0x020086bc                DynamicArrayGet
                0x020086d4                DynamicArraySet
 .text          0x0200871c      0x128 /home/hansung/ndsdev/devkitPro/libnds/lib/libnds9.a(system.o)
                0x0200871c                setSDcallback
                0x02008728                systemMsgHandler
                0x0200876c                systemSleep
                0x02008784                systemValueHandler
                0x020087c0                powerOn
                0x020087ec                powerOff
                0x02008814                ledBlink
                0x02008824                getBatteryLevel
 .text          0x02008844      0x1f8 /home/hansung/ndsdev/devkitPro/libnds/lib/libnds9.a(video.o)
                0x02008844                vramSetPrimaryBanks
                0x02008888                vramSetMainBanks
                0x020088cc                vramSetBanks_EFG
                0x02008904                vramRestorePrimaryBanks
                0x02008910                vramRestoreMainBanks
                0x0200891c                vramRestoreBanks_EFG
                0x02008928                setBrightness
                0x02008968                vramDefault
 .text          0x02008a3c      0x11c /home/hansung/ndsdev/devkitPro/devkitARM/bin/../lib/gcc/arm-none-eabi/4.7.1/thumb/libgcc.a(_udivsi3.o)
                0x02008a3c                __udivsi3
                0x02008a3c                __aeabi_uidiv
                0x02008b38                __aeabi_uidivmod
 .text          0x02008b58      0x150 /home/hansung/ndsdev/devkitPro/devkitARM/bin/../lib/gcc/arm-none-eabi/4.7.1/thumb/libgcc.a(_divsi3.o)
                0x02008b58                __aeabi_idiv
                0x02008b58                __divsi3
                0x02008c88                __aeabi_idivmod
 .text          0x02008ca8        0x4 /home/hansung/ndsdev/devkitPro/devkitARM/bin/../lib/gcc/arm-none-eabi/4.7.1/thumb/libgcc.a(_dvmd_tls.o)
                0x02008ca8                __aeabi_ldiv0
                0x02008ca8                __aeabi_idiv0
 .text          0x02008cac       0x4c /home/hansung/ndsdev/devkitPro/devkitARM/bin/../lib/gcc/arm-none-eabi/4.7.1/thumb/libgcc.a(_muldi3.o)
                0x02008cac                __aeabi_lmul
                0x02008cac                __muldi3
 .text          0x02008cf8       0x64 /home/hansung/ndsdev/devkitPro/devkitARM/bin/../lib/gcc/arm-none-eabi/4.7.1/../../../../arm-none-eabi/lib/thumb/libg.a(lib_a-bsearch.o)
                0x02008cf8                bsearch
 .text          0x02008d5c        0x0 /home/hansung/ndsdev/devkitPro/devkitARM/bin/../lib/gcc/arm-none-eabi/4.7.1/../../../../arm-none-eabi/lib/thumb/libg.a(lib_a-impure.o)
 .text          0x02008d5c       0x54 /home/hansung/ndsdev/devkitPro/devkitARM/bin/../lib/gcc/arm-none-eabi/4.7.1/../../../../arm-none-eabi/lib/thumb/libg.a(lib_a-init.o)
                0x02008d5c                __libc_init_array
 .text          0x02008db0       0x40 /home/hansung/ndsdev/devkitPro/devkitARM/bin/../lib/gcc/arm-none-eabi/4.7.1/../../../../arm-none-eabi/lib/thumb/libg.a(lib_a-iprintf.o)
                0x02008db0                iprintf
                0x02008dd4                _iprintf_r
 .text          0x02008df0       0x30 /home/hansung/ndsdev/devkitPro/devkitARM/bin/../lib/gcc/arm-none-eabi/4.7.1/../../../../arm-none-eabi/lib/thumb/libg.a(lib_a-malloc.o)
                0x02008df0                malloc
                0x02008e08                free
 .text          0x02008e20      0x51c /home/hansung/ndsdev/devkitPro/devkitARM/bin/../lib/gcc/arm-none-eabi/4.7.1/../../../../arm-none-eabi/lib/thumb/libg.a(lib_a-mallocr.o)
                0x02008e20                _malloc_r
 .text          0x0200933c       0x90 /home/hansung/ndsdev/devkitPro/devkitARM/bin/../lib/gcc/arm-none-eabi/4.7.1/../../../../arm-none-eabi/lib/thumb/libg.a(lib_a-memcpy-stub.o)
                0x0200933c                memcpy
 .text          0x020093cc       0x98 /home/hansung/ndsdev/devkitPro/devkitARM/bin/../lib/gcc/arm-none-eabi/4.7.1/../../../../arm-none-eabi/lib/thumb/libg.a(lib_a-memset.o)
                0x020093cc                memset
 .text          0x02009464        0x8 /home/hansung/ndsdev/devkitPro/devkitARM/bin/../lib/gcc/arm-none-eabi/4.7.1/../../../../arm-none-eabi/lib/thumb/libg.a(lib_a-mlock.o)
                0x02009464                __malloc_lock
                0x02009468                __malloc_unlock
 .text          0x0200946c       0x1c /home/hansung/ndsdev/devkitPro/devkitARM/bin/../lib/gcc/arm-none-eabi/4.7.1/../../../../arm-none-eabi/lib/thumb/libg.a(lib_a-realloc.o)
                0x0200946c                realloc
 .text          0x02009488      0x3e8 /home/hansung/ndsdev/devkitPro/devkitARM/bin/../lib/gcc/arm-none-eabi/4.7.1/../../../../arm-none-eabi/lib/thumb/libg.a(lib_a-reallocr.o)
                0x02009488                _realloc_r
 .text          0x02009870      0x120 /home/hansung/ndsdev/devkitPro/devkitARM/bin/../lib/gcc/arm-none-eabi/4.7.1/../../../../arm-none-eabi/lib/thumb/libg.a(lib_a-setvbuf.o)
                0x02009870                setvbuf
 .text          0x02009990       0xa0 /home/hansung/ndsdev/devkitPro/devkitARM/bin/../lib/gcc/arm-none-eabi/4.7.1/../../../../arm-none-eabi/lib/thumb/libg.a(lib_a-siscanf.o)
                0x02009990                siscanf
                0x020099e0                _siscanf_r
 .text          0x02009a30       0x84 /home/hansung/ndsdev/devkitPro/devkitARM/bin/../lib/gcc/arm-none-eabi/4.7.1/../../../../arm-none-eabi/lib/thumb/libg.a(lib_a-sprintf.o)
                0x02009a30                _sprintf_r
                0x02009a70                sprintf
 .text          0x02009ab4       0xac /home/hansung/ndsdev/devkitPro/devkitARM/bin/../lib/gcc/arm-none-eabi/4.7.1/../../../../arm-none-eabi/lib/thumb/libg.a(lib_a-stdio.o)
                0x02009ab4                __sread
                0x02009ae0                __seofread
                0x02009ae4                __swrite
                0x02009b20                __sseek
                0x02009b50                __sclose
 .text          0x02009b60       0x50 /home/hansung/ndsdev/devkitPro/devkitARM/bin/../lib/gcc/arm-none-eabi/4.7.1/../../../../arm-none-eabi/lib/thumb/libg.a(lib_a-strcat.o)
                0x02009b60                strcat
 .text          0x02009bb0       0x10 /home/hansung/ndsdev/devkitPro/devkitARM/bin/../lib/gcc/arm-none-eabi/4.7.1/../../../../arm-none-eabi/lib/thumb/libg.a(lib_a-strcpy.o)
                0x02009bb0                strcpy
 .text          0x02009bc0       0x10 /home/hansung/ndsdev/devkitPro/devkitARM/bin/../lib/gcc/arm-none-eabi/4.7.1/../../../../arm-none-eabi/lib/thumb/libg.a(lib_a-strlen.o)
                0x02009bc0                strlen
 .text          0x02009bd0       0x60 /home/hansung/ndsdev/devkitPro/devkitARM/bin/../lib/gcc/arm-none-eabi/4.7.1/../../../../arm-none-eabi/lib/thumb/libg.a(lib_a-strncpy.o)
                0x02009bd0                strncpy
 .text          0x02009c30      0xa98 /home/hansung/ndsdev/devkitPro/devkitARM/bin/../lib/gcc/arm-none-eabi/4.7.1/../../../../arm-none-eabi/lib/thumb/libg.a(lib_a-svfiscanf.o)
                0x02009c30                _sungetc_r
                0x02009cb8                __ssrefill_r
                0x02009cfc                _sfread_r
                0x02009d88                __ssvfiscanf_r
 .text          0x0200a6c8     0x1728 /home/hansung/ndsdev/devkitPro/devkitARM/bin/../lib/gcc/arm-none-eabi/4.7.1/../../../../arm-none-eabi/lib/thumb/libg.a(lib_a-svfprintf.o)
                0x0200a6c8                _svfprintf_r
 .text          0x0200bdf0      0x188 /home/hansung/ndsdev/devkitPro/devkitARM/bin/../lib/gcc/arm-none-eabi/4.7.1/../../../../arm-none-eabi/lib/thumb/libg.a(lib_a-ungetc.o)
                0x0200bdf0                __submore
                0x0200be78                _ungetc_r
                0x0200bf5c                ungetc
 .text          0x0200bf78      0xed4 /home/hansung/ndsdev/devkitPro/devkitARM/bin/../lib/gcc/arm-none-eabi/4.7.1/../../../../arm-none-eabi/lib/thumb/libg.a(lib_a-vfiprintf.o)
                0x0200bf78                __sprint_r
                0x0200bffc                _vfiprintf_r
                0x0200ce28                vfiprintf
 .text          0x0200ce4c       0xe8 /home/hansung/ndsdev/devkitPro/devkitARM/bin/../lib/gcc/arm-none-eabi/4.7.1/../../../../arm-none-eabi/lib/thumb/libg.a(lib_a-wcrtomb.o)
                0x0200ce4c                _wcrtomb_r
                0x0200ceb4                wcrtomb
 .text          0x0200cf34       0x40 /home/hansung/ndsdev/devkitPro/devkitARM/bin/../lib/gcc/arm-none-eabi/4.7.1/../../../../arm-none-eabi/lib/thumb/libg.a(lib_a-wcsrtombs.o)
                0x0200cf34                _wcsrtombs_r
                0x0200cf4c                wcsrtombs
 .text          0x0200cf74      0x2a4 /home/hansung/ndsdev/devkitPro/devkitARM/bin/../lib/gcc/arm-none-eabi/4.7.1/../../../../arm-none-eabi/lib/thumb/libg.a(lib_a-wctomb_r.o)
                0x0200cf74                __utf8_wctomb
                0x0200d028                _wctomb_r
                0x0200d060                __ascii_wctomb
                0x0200d080                __sjis_wctomb
                0x0200d0fc                __eucjp_wctomb
                0x0200d198                __jis_wctomb
 .text          0x0200d218       0xd0 /home/hansung/ndsdev/devkitPro/devkitARM/bin/../lib/gcc/arm-none-eabi/4.7.1/../../../../arm-none-eabi/lib/thumb/libg.a(lib_a-wsetup.o)
                0x0200d218                __swsetup_r
 .text          0x0200d2e8       0x10 /home/hansung/ndsdev/devkitPro/devkitARM/bin/../lib/gcc/arm-none-eabi/4.7.1/../../../../arm-none-eabi/lib/thumb/libg.a(lib_a-ctype_.o)
                0x0200d2e8                __set_ctype
 .text          0x0200d2f8     0x10a0 /home/hansung/ndsdev/devkitPro/devkitARM/bin/../lib/gcc/arm-none-eabi/4.7.1/../../../../arm-none-eabi/lib/thumb/libg.a(lib_a-dtoa.o)
                0x0200d450                _dtoa_r
 .text          0x0200e398      0x1b8 /home/hansung/ndsdev/devkitPro/devkitARM/bin/../lib/gcc/arm-none-eabi/4.7.1/../../../../arm-none-eabi/lib/thumb/libg.a(lib_a-fflush.o)
                0x0200e398                __sflush_r
                0x0200e4f0                _fflush_r
                0x0200e520                fflush
 .text          0x0200e550      0x1d8 /home/hansung/ndsdev/devkitPro/devkitARM/bin/../lib/gcc/arm-none-eabi/4.7.1/../../../../arm-none-eabi/lib/thumb/libg.a(lib_a-findfp.o)
                0x0200e558                _cleanup_r
                0x0200e5b8                __sfmoreglue
                0x0200e5e8                _cleanup
                0x0200e5fc                __sinit
                0x0200e650                __sfp
                0x0200e6e0                __sfp_lock_acquire
                0x0200e6e4                __sfp_lock_release
                0x0200e6e8                __sinit_lock_acquire
                0x0200e6ec                __sinit_lock_release
                0x0200e6f0                __fp_lock_all
                0x0200e70c                __fp_unlock_all
 .text          0x0200e728      0x104 /home/hansung/ndsdev/devkitPro/devkitARM/bin/../lib/gcc/arm-none-eabi/4.7.1/../../../../arm-none-eabi/lib/thumb/libg.a(lib_a-fputwc.o)
                0x0200e728                _fputwc_r
                0x0200e800                fputwc
 .text          0x0200e82c      0x238 /home/hansung/ndsdev/devkitPro/devkitARM/bin/../lib/gcc/arm-none-eabi/4.7.1/../../../../arm-none-eabi/lib/thumb/libg.a(lib_a-freer.o)
                0x0200e82c                _malloc_trim_r
                0x0200e8d0                _free_r
 .text          0x0200ea64      0x2fc /home/hansung/ndsdev/devkitPro/devkitARM/bin/../lib/gcc/arm-none-eabi/4.7.1/../../../../arm-none-eabi/lib/thumb/libg.a(lib_a-fvwrite.o)
                0x0200ea64                __sfvwrite_r
 .text          0x0200ed60       0xb4 /home/hansung/ndsdev/devkitPro/devkitARM/bin/../lib/gcc/arm-none-eabi/4.7.1/../../../../arm-none-eabi/lib/thumb/libg.a(lib_a-fwalk.o)
                0x0200ed60                _fwalk
                0x0200edb4                _fwalk_reent
 .text          0x0200ee14       0x78 /home/hansung/ndsdev/devkitPro/devkitARM/bin/../lib/gcc/arm-none-eabi/4.7.1/../../../../arm-none-eabi/lib/thumb/libg.a(lib_a-iswspace.o)
                0x0200ee14                iswspace
 .text          0x0200ee8c      0x1f0 /home/hansung/ndsdev/devkitPro/devkitARM/bin/../lib/gcc/arm-none-eabi/4.7.1/../../../../arm-none-eabi/lib/thumb/libg.a(lib_a-jp2uc.o)
                0x0200f018                _jp2uc
 .text          0x0200f07c      0x950 /home/hansung/ndsdev/devkitPro/devkitARM/bin/../lib/gcc/arm-none-eabi/4.7.1/../../../../arm-none-eabi/lib/thumb/libg.a(lib_a-locale.o)
                0x0200f770                _setlocale_r
                0x0200f96c                __locale_charset
                0x0200f974                __locale_mb_cur_max
                0x0200f980                __locale_msgcharset
                0x0200f98c                __locale_cjk_lang
                0x0200f998                _localeconv_r
                0x0200f9a4                setlocale
                0x0200f9c0                localeconv
 .text          0x0200f9cc       0xe0 /home/hansung/ndsdev/devkitPro/devkitARM/bin/../lib/gcc/arm-none-eabi/4.7.1/../../../../arm-none-eabi/lib/thumb/libg.a(lib_a-makebuf.o)
                0x0200f9cc                __smakebuf_r
 .text          0x0200faac      0x104 /home/hansung/ndsdev/devkitPro/devkitARM/bin/../lib/gcc/arm-none-eabi/4.7.1/../../../../arm-none-eabi/lib/thumb/libg.a(lib_a-mbrtowc.o)
                0x0200faac                _mbrtowc_r
                0x0200fb24                mbrtowc
 .text          0x0200fbb0      0x584 /home/hansung/ndsdev/devkitPro/devkitARM/bin/../lib/gcc/arm-none-eabi/4.7.1/../../../../arm-none-eabi/lib/thumb/libg.a(lib_a-mbtowc_r.o)
                0x0200fbb0                __utf8_mbtowc
                0x0200fe10                _mbtowc_r
                0x0200fe4c                __ascii_mbtowc
                0x0200fe7c                __sjis_mbtowc
                0x0200ff3c                __eucjp_mbtowc
                0x02010004                __jis_mbtowc
 .text          0x02010134       0x98 /home/hansung/ndsdev/devkitPro/devkitARM/bin/../lib/gcc/arm-none-eabi/4.7.1/../../../../arm-none-eabi/lib/thumb/libg.a(lib_a-memchr-stub.o)
                0x02010134                memchr
 .text          0x020101cc       0xb0 /home/hansung/ndsdev/devkitPro/devkitARM/bin/../lib/gcc/arm-none-eabi/4.7.1/../../../../arm-none-eabi/lib/thumb/libg.a(lib_a-memmove.o)
                0x020101cc                memmove
 *fill*         0x0201027c        0x4 ff
 .text          0x02010280      0x978 /home/hansung/ndsdev/devkitPro/devkitARM/bin/../lib/gcc/arm-none-eabi/4.7.1/../../../../arm-none-eabi/lib/thumb/libg.a(lib_a-mprec.o)
                0x02010280                _Balloc
                0x020102d4                _Bfree
                0x020102ec                __multadd
                0x02010398                __s2b
                0x02010434                __hi0bits
                0x0201046c                __lo0bits
                0x020104cc                __i2b
                0x020104e4                __multiply
                0x02010648                __pow5mult
                0x020106f8                __lshift
                0x020107c8                __mcmp
                0x02010804                __mdiff
                0x020108f4                __ulp
                0x0201093c                __b2d
                0x020109e0                __d2b
                0x02010a98                __ratio
                0x02010b14                _mprec_log10
                0x02010b54                __copybits
                0x02010b9c                __any_on
 .text          0x02010bf8       0x7c /home/hansung/ndsdev/devkitPro/devkitARM/bin/../lib/gcc/arm-none-eabi/4.7.1/../../../../arm-none-eabi/lib/thumb/libg.a(lib_a-sccl.o)
                0x02010bf8                __sccl
 .text          0x02010c74       0x5c /home/hansung/ndsdev/devkitPro/devkitARM/bin/../lib/gcc/arm-none-eabi/4.7.1/../../../../arm-none-eabi/lib/thumb/libg.a(lib_a-s_fpclassify.o)
                0x02010c74                __fpclassifyd
 .text          0x02010cd0       0x50 /home/hansung/ndsdev/devkitPro/devkitARM/bin/../lib/gcc/arm-none-eabi/4.7.1/../../../../arm-none-eabi/lib/thumb/libg.a(lib_a-strcasecmp.o)
                0x02010cd0                strcasecmp
 .text          0x02010d20       0xd4 /home/hansung/ndsdev/devkitPro/devkitARM/bin/../lib/gcc/arm-none-eabi/4.7.1/../../../../arm-none-eabi/lib/thumb/libg.a(lib_a-strchr.o)
                0x02010d20                strchr
 .text          0x02010df4       0x14 /home/hansung/ndsdev/devkitPro/devkitARM/bin/../lib/gcc/arm-none-eabi/4.7.1/../../../../arm-none-eabi/lib/thumb/libg.a(lib_a-strcmp.o)
                0x02010df4                strcmp
 .text          0x02010e08       0x48 /home/hansung/ndsdev/devkitPro/devkitARM/bin/../lib/gcc/arm-none-eabi/4.7.1/../../../../arm-none-eabi/lib/thumb/libg.a(lib_a-strlcpy.o)
                0x02010e08                strlcpy
 .text          0x02010e50       0x60 /home/hansung/ndsdev/devkitPro/devkitARM/bin/../lib/gcc/arm-none-eabi/4.7.1/../../../../arm-none-eabi/lib/thumb/libg.a(lib_a-strncasecmp.o)
                0x02010e50                strncasecmp
 .text          0x02010eb0       0xbc /home/hansung/ndsdev/devkitPro/devkitARM/bin/../lib/gcc/arm-none-eabi/4.7.1/../../../../arm-none-eabi/lib/thumb/libg.a(lib_a-strncmp.o)
                0x02010eb0                strncmp
 *fill*         0x02010f6c        0x4 ff
 .text          0x02010f70      0x208 /home/hansung/ndsdev/devkitPro/devkitARM/bin/../lib/gcc/arm-none-eabi/4.7.1/../../../../arm-none-eabi/lib/thumb/libg.a(lib_a-strtoll_r.o)
                0x02010f70                _strtoll_r
 .text          0x02011178      0x190 /home/hansung/ndsdev/devkitPro/devkitARM/bin/../lib/gcc/arm-none-eabi/4.7.1/../../../../arm-none-eabi/lib/thumb/libg.a(lib_a-strtol.o)
                0x02011178                _strtol_r
                0x020112e8                strtol
 .text          0x02011308      0x238 /home/hansung/ndsdev/devkitPro/devkitARM/bin/../lib/gcc/arm-none-eabi/4.7.1/../../../../arm-none-eabi/lib/thumb/libg.a(lib_a-strtoull_r.o)
                0x02011308                _strtoull_r
 .text          0x02011540      0x198 /home/hansung/ndsdev/devkitPro/devkitARM/bin/../lib/gcc/arm-none-eabi/4.7.1/../../../../arm-none-eabi/lib/thumb/libg.a(lib_a-strtoul.o)
                0x02011540                _strtoul_r
                0x020116b8                strtoul
 .text          0x020116d8      0xeb4 /home/hansung/ndsdev/devkitPro/devkitARM/bin/../lib/gcc/arm-none-eabi/4.7.1/../../../../arm-none-eabi/lib/thumb/libg.a(lib_a-svfiprintf.o)
                0x020116d8                __ssprint_r
                0x02011808                _svfiprintf_r
 .text          0x0201258c       0xd0 /home/hansung/ndsdev/devkitPro/devkitARM/bin/../lib/gcc/arm-none-eabi/4.7.1/../../../../arm-none-eabi/lib/thumb/libg.a(lib_a-wbuf.o)
                0x0201258c                __swbuf_r
                0x02012640                __swbuf
 .text          0x0201265c      0x150 /home/hansung/ndsdev/devkitPro/devkitARM/bin/../lib/gcc/arm-none-eabi/4.7.1/../../../../arm-none-eabi/lib/thumb/libg.a(lib_a-wcsnrtombs.o)
                0x0201265c                _wcsnrtombs_r
                0x0201277c                wcsnrtombs
 .text          0x020127ac       0x64 /home/hansung/ndsdev/devkitPro/devkitARM/bin/../lib/gcc/arm-none-eabi/4.7.1/../../../../arm-none-eabi/lib/thumb/libg.a(lib_a-callocr.o)
                0x020127ac                _calloc_r
 .text          0x02012810       0xb0 /home/hansung/ndsdev/devkitPro/devkitARM/bin/../lib/gcc/arm-none-eabi/4.7.1/../../../../arm-none-eabi/lib/thumb/libg.a(lib_a-fclose.o)
                0x02012810                _fclose_r
                0x020128a4                fclose
 .text          0x020128c0       0xa8 /home/hansung/ndsdev/devkitPro/devkitARM/bin/../lib/gcc/arm-none-eabi/4.7.1/../../../../arm-none-eabi/lib/thumb/libg.a(lib_a-getenv_r.o)
                0x020128c0                _findenv_r
                0x02012958                _getenv_r
 .text          0x02012968        0x0 /home/hansung/ndsdev/devkitPro/devkitARM/bin/../lib/gcc/arm-none-eabi/4.7.1/../../../../arm-none-eabi/lib/thumb/libg.a(lib_a-environ.o)
 .text          0x02012968        0x8 /home/hansung/ndsdev/devkitPro/devkitARM/bin/../lib/gcc/arm-none-eabi/4.7.1/../../../../arm-none-eabi/lib/thumb/libg.a(lib_a-envlock.o)
                0x02012968                __env_lock
                0x0201296c                __env_unlock
 .text          0x02012970      0x144 /home/hansung/ndsdev/devkitPro/devkitARM/bin/../lib/gcc/arm-none-eabi/4.7.1/../../../../arm-none-eabi/lib/thumb/libsysbase.a(iosupport.o)
                0x02012970                setDefaultDevice
                0x02012984                FindDevice
                0x020129f4                RemoveDevice
                0x02012a18                AddDevice
                0x02012a94                GetDeviceOpTab
 .text          0x02012ab4       0x50 /home/hansung/ndsdev/devkitPro/devkitARM/bin/../lib/gcc/arm-none-eabi/4.7.1/../../../../arm-none-eabi/lib/thumb/libsysbase.a(close.o)
                0x02012ab4                _close_r
 .text          0x02012b04       0x50 /home/hansung/ndsdev/devkitPro/devkitARM/bin/../lib/gcc/arm-none-eabi/4.7.1/../../../../arm-none-eabi/lib/thumb/libsysbase.a(fstat.o)
                0x02012b04                _fstat_r
 .text          0x02012b54        0x4 /home/hansung/ndsdev/devkitPro/devkitARM/bin/../lib/gcc/arm-none-eabi/4.7.1/../../../../arm-none-eabi/lib/thumb/libsysbase.a(isatty.o)
                0x02012b54                _isatty_r
 .text          0x02012b58       0x50 /home/hansung/ndsdev/devkitPro/devkitARM/bin/../lib/gcc/arm-none-eabi/4.7.1/../../../../arm-none-eabi/lib/thumb/libsysbase.a(lseek.o)
                0x02012b58                _lseek_r
 .text          0x02012ba8       0x50 /home/hansung/ndsdev/devkitPro/devkitARM/bin/../lib/gcc/arm-none-eabi/4.7.1/../../../../arm-none-eabi/lib/thumb/libsysbase.a(read.o)
                0x02012ba8                _read_r
 .text          0x02012bf8       0x54 /home/hansung/ndsdev/devkitPro/devkitARM/bin/../lib/gcc/arm-none-eabi/4.7.1/../../../../arm-none-eabi/lib/thumb/libsysbase.a(sbrk.o)
                0x02012bf8                _sbrk_r
 .text          0x02012c4c       0x44 /home/hansung/ndsdev/devkitPro/devkitARM/bin/../lib/gcc/arm-none-eabi/4.7.1/../../../../arm-none-eabi/lib/thumb/libsysbase.a(times.o)
                0x02012c4c                _times
                0x02012c60                _times_r
                0x02012c68                _gettimeofday_r
 .text          0x02012c90       0x58 /home/hansung/ndsdev/devkitPro/devkitARM/bin/../lib/gcc/arm-none-eabi/4.7.1/../../../../arm-none-eabi/lib/thumb/libsysbase.a(write.o)
                0x02012c90                _write_r
 .text          0x02012ce8        0x0 /home/hansung/ndsdev/devkitPro/devkitARM/bin/../lib/gcc/arm-none-eabi/4.7.1/../../../../arm-none-eabi/lib/thumb/libsysbase.a(malloc_vars.o)
 .text          0x02012ce8       0x4c /home/hansung/ndsdev/devkitPro/devkitARM/bin/../lib/gcc/arm-none-eabi/4.7.1/../../../../arm-none-eabi/lib/thumb/libsysbase.a(build_argv.o)
                0x02012ce8                build_argv
 .text          0x02012d34        0x0 /home/hansung/ndsdev/devkitPro/devkitARM/bin/../lib/gcc/arm-none-eabi/4.7.1/../../../../arm-none-eabi/lib/thumb/libsysbase.a(syscall_support.o)
 .text          0x02012d34       0x84 /home/hansung/ndsdev/devkitPro/devkitARM/bin/../lib/gcc/arm-none-eabi/4.7.1/../../../../arm-none-eabi/lib/thumb/libsysbase.a(handle_manager.o)
                0x02012d34                __release_handle
                0x02012d60                __alloc_handle
                0x02012d98                __get_handle
 .text          0x02012db8      0x41c /home/hansung/ndsdev/devkitPro/devkitARM/bin/../lib/gcc/arm-none-eabi/4.7.1/thumb/libgcc.a(_arm_addsubdf3.o)
                0x02012db8                __aeabi_drsub
                0x02012dc0                __aeabi_dsub
                0x02012dc0                __subdf3
                0x02012dc4                __adddf3
                0x02012dc4                __aeabi_dadd
                0x020130d4                __aeabi_ui2d
                0x020130d4                __floatunsidf
                0x020130f8                __floatsidf
                0x020130f8                __aeabi_i2d
                0x02013120                __extendsfdf2
                0x02013120                __aeabi_f2d
                0x02013160                __aeabi_ul2d
                0x02013160                __floatundidf
                0x02013174                __floatdidf
                0x02013174                __aeabi_l2d
 .text          0x020131d4      0x49c /home/hansung/ndsdev/devkitPro/devkitARM/bin/../lib/gcc/arm-none-eabi/4.7.1/thumb/libgcc.a(_arm_muldivdf3.o)
                0x020131d4                __aeabi_dmul
                0x020131d4                __muldf3
                0x02013464                __aeabi_ddiv
                0x02013464                __divdf3
 .text          0x02013670      0x144 /home/hansung/ndsdev/devkitPro/devkitARM/bin/../lib/gcc/arm-none-eabi/4.7.1/thumb/libgcc.a(_arm_cmpdf2.o)
                0x02013670                __gtdf2
                0x02013670                __gedf2
                0x02013678                __ltdf2
                0x02013678                __ledf2
                0x02013680                __cmpdf2
                0x02013680                __eqdf2
                0x02013680                __nedf2
                0x02013708                __aeabi_cdrcmple
                0x02013724                __aeabi_cdcmple
                0x02013724                __aeabi_cdcmpeq
                0x0201373c                __aeabi_dcmpeq
                0x02013754                __aeabi_dcmplt
                0x0201376c                __aeabi_dcmple
                0x02013784                __aeabi_dcmpge
                0x0201379c                __aeabi_dcmpgt
 .text          0x020137b4       0x5c /home/hansung/ndsdev/devkitPro/devkitARM/bin/../lib/gcc/arm-none-eabi/4.7.1/thumb/libgcc.a(_arm_fixdfsi.o)
                0x020137b4                __fixdfsi
                0x020137b4                __aeabi_d2iz
 .text          0x02013810       0x3c /home/hansung/ndsdev/devkitPro/devkitARM/bin/../lib/gcc/arm-none-eabi/4.7.1/thumb/libgcc.a(_aeabi_uldivmod.o)
                0x02013810                __aeabi_uldivmod
 .text          0x0201384c       0x7c /home/hansung/ndsdev/devkitPro/devkitARM/bin/../lib/gcc/arm-none-eabi/4.7.1/thumb/libgcc.a(bpabi.o)
                0x0201384c                __gnu_ldivmod_helper
                0x0201388c                __gnu_uldivmod_helper
 .text          0x020138c8      0x3d4 /home/hansung/ndsdev/devkitPro/devkitARM/bin/../lib/gcc/arm-none-eabi/4.7.1/thumb/libgcc.a(_divdi3.o)
                0x020138c8                __divdi3
 .text          0x02013c9c      0x3a0 /home/hansung/ndsdev/devkitPro/devkitARM/bin/../lib/gcc/arm-none-eabi/4.7.1/thumb/libgcc.a(_udivdi3.o)
                0x02013c9c                __udivdi3
 .text          0x0201403c       0x48 /home/hansung/ndsdev/devkitPro/devkitARM/bin/../lib/gcc/arm-none-eabi/4.7.1/thumb/libgcc.a(_clzsi2.o)
                0x0201403c                __clzsi2
 .text          0x02014084        0xc /home/hansung/ndsdev/devkitPro/devkitARM/bin/../lib/gcc/arm-none-eabi/4.7.1/../../../../arm-none-eabi/lib/thumb/libg.a(lib_a-errno.o)
                0x02014084                __errno
 .text          0x02014090        0x0 /home/hansung/ndsdev/devkitPro/devkitARM/bin/../lib/gcc/arm-none-eabi/4.7.1/thumb/crtend.o
 .text          0x02014090        0x0 /home/hansung/ndsdev/devkitPro/devkitARM/bin/../lib/gcc/arm-none-eabi/4.7.1/thumb/crtn.o
 .text.stub     0x02014090      0x108 linker stubs
 *(.text.*)
 *(.stub)
 *(.gnu.warning)
 *(.gnu.linkonce.t*)
 *(.glue_7)
 .glue_7        0x00000000        0x0 linker stubs
 *(.glue_7t)
 .glue_7t       0x00000000        0x0 linker stubs
                0x02014198                . = ALIGN (0x4)

.vfp11_veneer   0x020141b0        0x0
 .vfp11_veneer  0x00000000        0x0 linker stubs

.v4_bx          0x020141b0        0x0
 .v4_bx         0x00000000        0x0 linker stubs

.iplt           0x020141b0        0x0
 .iplt          0x00000000        0x0 /home/hansung/ndsdev/devkitPro/devkitARM/bin/../lib/gcc/arm-none-eabi/4.7.1/../../../../arm-none-eabi/lib/thumb/ds_arm9_crt0.o

.fini           0x020141b0        0xc
 *(.fini)
 .fini          0x020141b0        0x4 /home/hansung/ndsdev/devkitPro/devkitARM/bin/../lib/gcc/arm-none-eabi/4.7.1/thumb/crti.o
                0x020141b0                _fini
 .fini          0x020141b4        0x8 /home/hansung/ndsdev/devkitPro/devkitARM/bin/../lib/gcc/arm-none-eabi/4.7.1/thumb/crtn.o
                0x020141bc                __text_end = .

.rodata         0x020141c0    0x5cca0
 *(.rodata)
 .rodata        0x020141c0     0xa2a8 Menu.o
                0x020141c0                MenuBitmap
 .rodata        0x0201e468     0x94fc background.o
                0x0201e468                backgroundBitmap
 .rodata        0x02027964      0x13c dong.o
                0x02027964                dongBitmap
 .rodata        0x02027aa0     0x3038 down.o
                0x02027aa0                downBitmap
 .rodata        0x0202aad8    0x172e8 gameover.o
                0x0202aad8                gameoverBitmap
 .rodata        0x02041dc0      0x300 left.o
                0x02041dc0                leftBitmap
 .rodata        0x020420c0     0xec2c mainup.o
                0x020420c0                mainupBitmap
 .rodata        0x02050cec    0x15fa4 ranking.o
                0x02050cec                rankingBitmap
 .rodata        0x02066c90      0x2e8 right.o
                0x02066c90                rightBitmap
 .rodata        0x02066f78     0x2eac up.o
                0x02066f78                upBitmap
 .rodata        0x02069e24       0x20 tasks.o
 .rodata        0x02069e44      0x1b8 gdbStub.o
 .rodata        0x02069ffc      0x354 sevencore_io.o
 .rodata        0x0206a350      0x254 Exp_Homework.o
 .rodata        0x0206a5a4        0xc main.o
 .rodata        0x0206a5b0      0x200 /home/hansung/ndsdev/devkitPro/libnds/lib/libnds9.a(console.o)
 .rodata        0x0206a7b0       0x14 /home/hansung/ndsdev/devkitPro/libnds/lib/libnds9.a(decompress.o)
 .rodata        0x0206a7c4      0x308 /home/hansung/ndsdev/devkitPro/libnds/lib/libnds9.a(trig.o)
                0x0206a7c4                SIN_LUT
                0x0206a8c8                TAN_LUT
 .rodata        0x0206aacc       0x8c /home/hansung/ndsdev/devkitPro/libnds/lib/libnds9.a(videoGL.o)
 .rodata        0x0206ab58     0x2004 /home/hansung/ndsdev/devkitPro/libnds/lib/libnds9.a(default_font.bin.o)
                0x0206ab58                default_font_bin
                0x0206cb58                default_font_bin_end
                0x0206cb58                default_font_bin_size
 .rodata        0x0206cb5c        0x4 /home/hansung/ndsdev/devkitPro/devkitARM/bin/../lib/gcc/arm-none-eabi/4.7.1/../../../../arm-none-eabi/lib/thumb/libg.a(lib_a-impure.o)
                0x0206cb5c                _global_impure_ptr
 .rodata        0x0206cb60      0x340 /home/hansung/ndsdev/devkitPro/devkitARM/bin/../lib/gcc/arm-none-eabi/4.7.1/../../../../arm-none-eabi/lib/thumb/libg.a(lib_a-svfiscanf.o)
 .rodata        0x0206cea0      0x184 /home/hansung/ndsdev/devkitPro/devkitARM/bin/../lib/gcc/arm-none-eabi/4.7.1/../../../../arm-none-eabi/lib/thumb/libg.a(lib_a-svfprintf.o)
 .rodata        0x0206d024      0x184 /home/hansung/ndsdev/devkitPro/devkitARM/bin/../lib/gcc/arm-none-eabi/4.7.1/../../../../arm-none-eabi/lib/thumb/libg.a(lib_a-vfiprintf.o)
 .rodata        0x0206d1a8      0x104 /home/hansung/ndsdev/devkitPro/devkitARM/bin/../lib/gcc/arm-none-eabi/4.7.1/../../../../arm-none-eabi/lib/thumb/libg.a(lib_a-ctype_.o)
                0x0206d1a8                _ctype_
 .rodata        0x0206d2ac     0x34f0 /home/hansung/ndsdev/devkitPro/devkitARM/bin/../lib/gcc/arm-none-eabi/4.7.1/../../../../arm-none-eabi/lib/thumb/libg.a(lib_a-jp2uc.o)
 .rodata        0x0207079c       0xf0 /home/hansung/ndsdev/devkitPro/devkitARM/bin/../lib/gcc/arm-none-eabi/4.7.1/../../../../arm-none-eabi/lib/thumb/libg.a(lib_a-locale.o)
 .rodata        0x0207088c       0xa8 /home/hansung/ndsdev/devkitPro/devkitARM/bin/../lib/gcc/arm-none-eabi/4.7.1/../../../../arm-none-eabi/lib/thumb/libg.a(lib_a-mbtowc_r.o)
 *fill*         0x02070934        0x4 ff
 .rodata        0x02070938      0x128 /home/hansung/ndsdev/devkitPro/devkitARM/bin/../lib/gcc/arm-none-eabi/4.7.1/../../../../arm-none-eabi/lib/thumb/libg.a(lib_a-mprec.o)
                0x02070948                __mprec_tens
                0x02070a10                __mprec_tinytens
                0x02070a38                __mprec_bigtens
 .rodata        0x02070a60      0x184 /home/hansung/ndsdev/devkitPro/devkitARM/bin/../lib/gcc/arm-none-eabi/4.7.1/../../../../arm-none-eabi/lib/thumb/libg.a(lib_a-svfiprintf.o)
 .rodata        0x02070be4       0x64 /home/hansung/ndsdev/devkitPro/devkitARM/bin/../lib/gcc/arm-none-eabi/4.7.1/../../../../arm-none-eabi/lib/thumb/libsysbase.a(iosupport.o)
                0x02070be4                dotab_stdnull
 *all.rodata*(*)
 *(.roda)
 *(.rodata.*)
 .rodata.str1.4
                0x02070c48       0x49 /home/hansung/ndsdev/devkitPro/libnds/lib/libnds9.a(console.o)
                                 0x4c (size before relaxing)
 *fill*         0x02070c91        0x3 ff
 .rodata.str1.4
                0x02070c94       0x44 /home/hansung/ndsdev/devkitPro/libnds/lib/libnds9.a(sassert.o)
 .rodata.str1.4
                0x02070cd8        0x2 /home/hansung/ndsdev/devkitPro/devkitARM/bin/../lib/gcc/arm-none-eabi/4.7.1/../../../../arm-none-eabi/lib/thumb/libg.a(lib_a-impure.o)
                                  0x4 (size before relaxing)
 *fill*         0x02070cda        0x2 ff
 .rodata.str1.4
                0x02070cdc       0x42 /home/hansung/ndsdev/devkitPro/devkitARM/bin/../lib/gcc/arm-none-eabi/4.7.1/../../../../arm-none-eabi/lib/thumb/libg.a(lib_a-svfprintf.o)
                                 0x44 (size before relaxing)
 .rodata.str1.4
                0x00000000       0x30 /home/hansung/ndsdev/devkitPro/devkitARM/bin/../lib/gcc/arm-none-eabi/4.7.1/../../../../arm-none-eabi/lib/thumb/libg.a(lib_a-vfiprintf.o)
 *fill*         0x02070d1e        0x2 ff
 .rodata.str1.4
                0x02070d20       0x10 /home/hansung/ndsdev/devkitPro/devkitARM/bin/../lib/gcc/arm-none-eabi/4.7.1/../../../../arm-none-eabi/lib/thumb/libg.a(lib_a-dtoa.o)
                                 0x14 (size before relaxing)
 .rodata.str1.4
                0x02070d30       0x12 /home/hansung/ndsdev/devkitPro/devkitARM/bin/../lib/gcc/arm-none-eabi/4.7.1/../../../../arm-none-eabi/lib/thumb/libg.a(lib_a-jp2uc.o)
                                 0x14 (size before relaxing)
 *fill*         0x02070d42        0x2 ff
 .rodata.str1.4
                0x02070d44      0x112 /home/hansung/ndsdev/devkitPro/devkitARM/bin/../lib/gcc/arm-none-eabi/4.7.1/../../../../arm-none-eabi/lib/thumb/libg.a(lib_a-locale.o)
                                0x130 (size before relaxing)
 .rodata.str1.4
                0x00000000        0x4 /home/hansung/ndsdev/devkitPro/devkitARM/bin/../lib/gcc/arm-none-eabi/4.7.1/../../../../arm-none-eabi/lib/thumb/libg.a(lib_a-mbrtowc.o)
 .rodata.str1.4
                0x00000000       0x30 /home/hansung/ndsdev/devkitPro/devkitARM/bin/../lib/gcc/arm-none-eabi/4.7.1/../../../../arm-none-eabi/lib/thumb/libg.a(lib_a-svfiprintf.o)
 *fill*         0x02070e56        0x2 ff
 .rodata.str1.4
                0x02070e58        0x8 /home/hansung/ndsdev/devkitPro/devkitARM/bin/../lib/gcc/arm-none-eabi/4.7.1/../../../../arm-none-eabi/lib/thumb/libsysbase.a(iosupport.o)
 *(.gnu.linkonce.r*)
                0x02070e60                . = ALIGN (0x4)

.rel.dyn        0x02070e60        0x0
 .rel.iplt      0x00000000        0x0 /home/hansung/ndsdev/devkitPro/devkitARM/bin/../lib/gcc/arm-none-eabi/4.7.1/../../../../arm-none-eabi/lib/thumb/ds_arm9_crt0.o

.ARM.extab
 *(.ARM.extab* .gnu.linkonce.armextab.*)
                0x02070e60                __exidx_start = .

ARM.exidx
 *(.ARM.exidx* .gnu.linkonce.armexidx.*)
                0x02070e60                __exidx_end = .
                0x02070e60                . = ALIGN (0x4)
                0x02070e60                PROVIDE (__preinit_array_start, .)

.preinit_array
 *(.preinit_array)
                0x02070e60                PROVIDE (__preinit_array_end, .)
                0x02070e60                PROVIDE (__init_array_start, .)

.init_array     0x02070e60        0x4
 *(SORT(.init_array.*))
 *(.init_array)
 .init_array    0x02070e60        0x4 /home/hansung/ndsdev/devkitPro/devkitARM/bin/../lib/gcc/arm-none-eabi/4.7.1/thumb/crtbegin.o
                0x02070e64                PROVIDE (__init_array_end, .)
                0x02070e64                PROVIDE (__fini_array_start, .)

.fini_array     0x02070e64        0x4
 *(.fini_array)
 .fini_array    0x02070e64        0x4 /home/hansung/ndsdev/devkitPro/devkitARM/bin/../lib/gcc/arm-none-eabi/4.7.1/thumb/crtbegin.o
 *(SORT(.fini_array.*))
                0x02070e68                PROVIDE (__fini_array_end, .)

.ctors          0x02070e68        0x0
 *crtbegin.o(.ctors)
 *(EXCLUDE_FILE(*crtend.o) .ctors)
 *(SORT(.ctors.*))
 *(.ctors)
                0x02070e68                . = ALIGN (0x4)

.dtors          0x02070e68        0x0
 *crtbegin.o(.dtors)
 *(EXCLUDE_FILE(*crtend.o) .dtors)
 *(SORT(.dtors.*))
 *(.dtors)
                0x02070e68                . = ALIGN (0x4)

.eh_frame       0x02070e68        0x4
 *(.eh_frame)
 .eh_frame      0x02070e68        0x0 /home/hansung/ndsdev/devkitPro/devkitARM/bin/../lib/gcc/arm-none-eabi/4.7.1/thumb/crtbegin.o
 .eh_frame      0x02070e68        0x4 /home/hansung/ndsdev/devkitPro/devkitARM/bin/../lib/gcc/arm-none-eabi/4.7.1/thumb/crtend.o
                0x02070e6c                . = ALIGN (0x4)

.gcc_except_table
                0x02070e6c        0x0
 *(.gcc_except_table)
                0x02070e6c                . = ALIGN (0x4)

.jcr            0x02070e6c        0x4
 *(.jcr)
 .jcr           0x02070e6c        0x0 /home/hansung/ndsdev/devkitPro/devkitARM/bin/../lib/gcc/arm-none-eabi/4.7.1/thumb/crtbegin.o
 .jcr           0x02070e6c        0x4 /home/hansung/ndsdev/devkitPro/devkitARM/bin/../lib/gcc/arm-none-eabi/4.7.1/thumb/crtend.o

.got
 *(.got.plt)
 *(.got)
 *(.rel.got)

.ewram          0x02070e70        0x0
                0x02070e70                __ewram_start = ABSOLUTE (.)
 *(.ewram)
 *ewram.*(.text)
                0x02070e70                . = ALIGN (0x4)

.data           0x02070e70      0xb50
                0x02070e70                __data_start = ABSOLUTE (.)
 *(.data)
 .data          0x02070e70        0x0 /home/hansung/ndsdev/devkitPro/devkitARM/bin/../lib/gcc/arm-none-eabi/4.7.1/../../../../arm-none-eabi/lib/thumb/ds_arm9_crt0.o
 .data          0x02070e70        0x0 /home/hansung/ndsdev/devkitPro/devkitARM/bin/../lib/gcc/arm-none-eabi/4.7.1/thumb/crti.o
 .data          0x02070e70        0x4 /home/hansung/ndsdev/devkitPro/devkitARM/bin/../lib/gcc/arm-none-eabi/4.7.1/thumb/crtbegin.o
                0x02070e70                __dso_handle
 .data          0x02070e74        0x0 Menu.o
 .data          0x02070e74        0x0 background.o
 .data          0x02070e74        0x0 dong.o
 .data          0x02070e74        0x0 down.o
 .data          0x02070e74        0x0 gameover.o
 .data          0x02070e74        0x0 left.o
 .data          0x02070e74        0x0 mainup.o
 .data          0x02070e74        0x0 ranking.o
 .data          0x02070e74        0x0 right.o
 .data          0x02070e74        0x0 up.o
 .data          0x02070e74        0x0 croutine.o
 .data          0x02070e74        0x0 list.o
 .data          0x02070e74        0x0 queue.o
 .data          0x02070e74        0x4 tasks.o
 .data          0x02070e78        0x4 card_spi.o
 .data          0x02070e7c        0x8 gdbStub.o
                0x02070e80                pRegisters
 .data          0x02070e84        0x0 heap_3.o
 .data          0x02070e84        0x4 port.o
 .data          0x02070e88        0x4 portISR.o
                0x02070e88                ulCriticalNesting
 .data          0x02070e8c       0x34 sevencore_io.o
 .data          0x02070ec0        0x4 Exp_Homework.o
 .data          0x02070ec4        0x4 main.o
 .data          0x02070ec8        0x0 gdbStubAsm.o
 .data          0x02070ec8        0x0 port_asm.o
 .data          0x02070ec8       0x60 /home/hansung/ndsdev/devkitPro/libnds/lib/libnds9.a(background.o)
                0x02070ec8                bgScrollTable
                0x02070ee8                bgTransform
                0x02070f08                bgControl
 .data          0x02070f28       0x64 /home/hansung/ndsdev/devkitPro/libnds/lib/libnds9.a(console.o)
                0x02070f28                currentConsole
                0x02070f2c                defaultConsole
 .data          0x02070f8c        0xc /home/hansung/ndsdev/devkitPro/libnds/lib/libnds9.a(decompress.o)
                0x02070f8c                decomStream
 .data          0x02070f98        0x0 /home/hansung/ndsdev/devkitPro/libnds/lib/libnds9.a(exceptions.o)
 .data          0x02070f98        0x3 /home/hansung/ndsdev/devkitPro/libnds/lib/libnds9.a(keys.o)
 .data          0x02070f9b        0x0 /home/hansung/ndsdev/devkitPro/libnds/lib/libnds9.a(sassert.o)
 .data          0x02070f9b        0x0 /home/hansung/ndsdev/devkitPro/libnds/lib/libnds9.a(touch.o)
 .data          0x02070f9b        0x0 /home/hansung/ndsdev/devkitPro/libnds/lib/libnds9.a(trig.o)
 *fill*         0x02070f9b        0x1 ff
 .data          0x02070f9c        0x4 /home/hansung/ndsdev/devkitPro/libnds/lib/libnds9.a(videoGL.o)
 .data          0x02070fa0        0x0 /home/hansung/ndsdev/devkitPro/libnds/lib/libnds9.a(initSystem.o)
 .data          0x02070fa0       0x10 /home/hansung/ndsdev/devkitPro/libnds/lib/libnds9.a(fifosystem.o)
                0x02070fa0                fifo_buffer_free
                0x02070fa4                fifo_freewords
                0x02070fa8                fifo_send_queue
                0x02070fac                fifo_receive_queue
 .data          0x02070fb0        0x0 /home/hansung/ndsdev/devkitPro/libnds/lib/libnds9.a(interrupts.o)
 .data          0x02070fb0        0x0 /home/hansung/ndsdev/devkitPro/libnds/lib/libnds9.a(libnds_exit.arm.o)
 .data          0x02070fb0        0x0 /home/hansung/ndsdev/devkitPro/libnds/lib/libnds9.a(syscalls.o)
 .data          0x02070fb0        0x0 /home/hansung/ndsdev/devkitPro/libnds/lib/libnds9.a(exceptionHandler.o)
 .data          0x02070fb0        0x0 /home/hansung/ndsdev/devkitPro/libnds/lib/libnds9.a(mpu_setup.o)
 .data          0x02070fb0        0x0 /home/hansung/ndsdev/devkitPro/libnds/lib/libnds9.a(biosCalls.o)
 .data          0x02070fb0        0x0 /home/hansung/ndsdev/devkitPro/libnds/lib/libnds9.a(debugprint.o)
 .data          0x02070fb0        0x0 /home/hansung/ndsdev/devkitPro/libnds/lib/libnds9.a(interruptDispatcher.o)
 .data          0x02070fb0        0x0 /home/hansung/ndsdev/devkitPro/libnds/lib/libnds9.a(swiSoftReset.o)
 .data          0x02070fb0        0x0 /home/hansung/ndsdev/devkitPro/libnds/lib/libnds9.a(default_font.bin.o)
 .data          0x02070fb0        0x0 /home/hansung/ndsdev/devkitPro/libnds/lib/libnds9.a(dynamicArray.o)
 .data          0x02070fb0        0x0 /home/hansung/ndsdev/devkitPro/libnds/lib/libnds9.a(system.o)
 .data          0x02070fb0        0x0 /home/hansung/ndsdev/devkitPro/libnds/lib/libnds9.a(video.o)
 .data          0x02070fb0        0x0 /home/hansung/ndsdev/devkitPro/devkitARM/bin/../lib/gcc/arm-none-eabi/4.7.1/thumb/libgcc.a(_udivsi3.o)
 .data          0x02070fb0        0x0 /home/hansung/ndsdev/devkitPro/devkitARM/bin/../lib/gcc/arm-none-eabi/4.7.1/thumb/libgcc.a(_divsi3.o)
 .data          0x02070fb0        0x0 /home/hansung/ndsdev/devkitPro/devkitARM/bin/../lib/gcc/arm-none-eabi/4.7.1/thumb/libgcc.a(_dvmd_tls.o)
 .data          0x02070fb0        0x0 /home/hansung/ndsdev/devkitPro/devkitARM/bin/../lib/gcc/arm-none-eabi/4.7.1/thumb/libgcc.a(_muldi3.o)
 .data          0x02070fb0        0x0 /home/hansung/ndsdev/devkitPro/devkitARM/bin/../lib/gcc/arm-none-eabi/4.7.1/../../../../arm-none-eabi/lib/thumb/libg.a(lib_a-bsearch.o)
 .data          0x02070fb0      0x430 /home/hansung/ndsdev/devkitPro/devkitARM/bin/../lib/gcc/arm-none-eabi/4.7.1/../../../../arm-none-eabi/lib/thumb/libg.a(lib_a-impure.o)
                0x02070fb0                _impure_ptr
 .data          0x020713e0        0x0 /home/hansung/ndsdev/devkitPro/devkitARM/bin/../lib/gcc/arm-none-eabi/4.7.1/../../../../arm-none-eabi/lib/thumb/libg.a(lib_a-init.o)
 .data          0x020713e0        0x0 /home/hansung/ndsdev/devkitPro/devkitARM/bin/../lib/gcc/arm-none-eabi/4.7.1/../../../../arm-none-eabi/lib/thumb/libg.a(lib_a-iprintf.o)
 .data          0x020713e0        0x0 /home/hansung/ndsdev/devkitPro/devkitARM/bin/../lib/gcc/arm-none-eabi/4.7.1/../../../../arm-none-eabi/lib/thumb/libg.a(lib_a-malloc.o)
 .data          0x020713e0      0x410 /home/hansung/ndsdev/devkitPro/devkitARM/bin/../lib/gcc/arm-none-eabi/4.7.1/../../../../arm-none-eabi/lib/thumb/libg.a(lib_a-mallocr.o)
                0x020713e0                __malloc_av_
                0x020717e8                __malloc_sbrk_base
                0x020717ec                __malloc_trim_threshold
 .data          0x020717f0        0x0 /home/hansung/ndsdev/devkitPro/devkitARM/bin/../lib/gcc/arm-none-eabi/4.7.1/../../../../arm-none-eabi/lib/thumb/libg.a(lib_a-memcpy-stub.o)
 .data          0x020717f0        0x0 /home/hansung/ndsdev/devkitPro/devkitARM/bin/../lib/gcc/arm-none-eabi/4.7.1/../../../../arm-none-eabi/lib/thumb/libg.a(lib_a-memset.o)
 .data          0x020717f0        0x0 /home/hansung/ndsdev/devkitPro/devkitARM/bin/../lib/gcc/arm-none-eabi/4.7.1/../../../../arm-none-eabi/lib/thumb/libg.a(lib_a-mlock.o)
 .data          0x020717f0        0x0 /home/hansung/ndsdev/devkitPro/devkitARM/bin/../lib/gcc/arm-none-eabi/4.7.1/../../../../arm-none-eabi/lib/thumb/libg.a(lib_a-realloc.o)
 .data          0x020717f0        0x0 /home/hansung/ndsdev/devkitPro/devkitARM/bin/../lib/gcc/arm-none-eabi/4.7.1/../../../../arm-none-eabi/lib/thumb/libg.a(lib_a-reallocr.o)
 .data          0x020717f0        0x0 /home/hansung/ndsdev/devkitPro/devkitARM/bin/../lib/gcc/arm-none-eabi/4.7.1/../../../../arm-none-eabi/lib/thumb/libg.a(lib_a-setvbuf.o)
 .data          0x020717f0        0x0 /home/hansung/ndsdev/devkitPro/devkitARM/bin/../lib/gcc/arm-none-eabi/4.7.1/../../../../arm-none-eabi/lib/thumb/libg.a(lib_a-siscanf.o)
 .data          0x020717f0        0x0 /home/hansung/ndsdev/devkitPro/devkitARM/bin/../lib/gcc/arm-none-eabi/4.7.1/../../../../arm-none-eabi/lib/thumb/libg.a(lib_a-sprintf.o)
 .data          0x020717f0        0x0 /home/hansung/ndsdev/devkitPro/devkitARM/bin/../lib/gcc/arm-none-eabi/4.7.1/../../../../arm-none-eabi/lib/thumb/libg.a(lib_a-stdio.o)
 .data          0x020717f0        0x0 /home/hansung/ndsdev/devkitPro/devkitARM/bin/../lib/gcc/arm-none-eabi/4.7.1/../../../../arm-none-eabi/lib/thumb/libg.a(lib_a-strcat.o)
 .data          0x020717f0        0x0 /home/hansung/ndsdev/devkitPro/devkitARM/bin/../lib/gcc/arm-none-eabi/4.7.1/../../../../arm-none-eabi/lib/thumb/libg.a(lib_a-strcpy.o)
 .data          0x020717f0        0x0 /home/hansung/ndsdev/devkitPro/devkitARM/bin/../lib/gcc/arm-none-eabi/4.7.1/../../../../arm-none-eabi/lib/thumb/libg.a(lib_a-strlen.o)
 .data          0x020717f0        0x0 /home/hansung/ndsdev/devkitPro/devkitARM/bin/../lib/gcc/arm-none-eabi/4.7.1/../../../../arm-none-eabi/lib/thumb/libg.a(lib_a-strncpy.o)
 .data          0x020717f0        0x0 /home/hansung/ndsdev/devkitPro/devkitARM/bin/../lib/gcc/arm-none-eabi/4.7.1/../../../../arm-none-eabi/lib/thumb/libg.a(lib_a-svfiscanf.o)
 .data          0x020717f0        0x0 /home/hansung/ndsdev/devkitPro/devkitARM/bin/../lib/gcc/arm-none-eabi/4.7.1/../../../../arm-none-eabi/lib/thumb/libg.a(lib_a-svfprintf.o)
 .data          0x020717f0        0x0 /home/hansung/ndsdev/devkitPro/devkitARM/bin/../lib/gcc/arm-none-eabi/4.7.1/../../../../arm-none-eabi/lib/thumb/libg.a(lib_a-ungetc.o)
 .data          0x020717f0        0x0 /home/hansung/ndsdev/devkitPro/devkitARM/bin/../lib/gcc/arm-none-eabi/4.7.1/../../../../arm-none-eabi/lib/thumb/libg.a(lib_a-vfiprintf.o)
 .data          0x020717f0        0x0 /home/hansung/ndsdev/devkitPro/devkitARM/bin/../lib/gcc/arm-none-eabi/4.7.1/../../../../arm-none-eabi/lib/thumb/libg.a(lib_a-wcrtomb.o)
 .data          0x020717f0        0x0 /home/hansung/ndsdev/devkitPro/devkitARM/bin/../lib/gcc/arm-none-eabi/4.7.1/../../../../arm-none-eabi/lib/thumb/libg.a(lib_a-wcsrtombs.o)
 .data          0x020717f0        0x4 /home/hansung/ndsdev/devkitPro/devkitARM/bin/../lib/gcc/arm-none-eabi/4.7.1/../../../../arm-none-eabi/lib/thumb/libg.a(lib_a-wctomb_r.o)
                0x020717f0                __wctomb
 .data          0x020717f4        0x0 /home/hansung/ndsdev/devkitPro/devkitARM/bin/../lib/gcc/arm-none-eabi/4.7.1/../../../../arm-none-eabi/lib/thumb/libg.a(lib_a-wsetup.o)
 .data          0x020717f4        0x4 /home/hansung/ndsdev/devkitPro/devkitARM/bin/../lib/gcc/arm-none-eabi/4.7.1/../../../../arm-none-eabi/lib/thumb/libg.a(lib_a-ctype_.o)
                0x020717f4                __ctype_ptr__
 .data          0x020717f8        0x0 /home/hansung/ndsdev/devkitPro/devkitARM/bin/../lib/gcc/arm-none-eabi/4.7.1/../../../../arm-none-eabi/lib/thumb/libg.a(lib_a-dtoa.o)
 .data          0x020717f8        0x0 /home/hansung/ndsdev/devkitPro/devkitARM/bin/../lib/gcc/arm-none-eabi/4.7.1/../../../../arm-none-eabi/lib/thumb/libg.a(lib_a-fflush.o)
 .data          0x020717f8        0x0 /home/hansung/ndsdev/devkitPro/devkitARM/bin/../lib/gcc/arm-none-eabi/4.7.1/../../../../arm-none-eabi/lib/thumb/libg.a(lib_a-findfp.o)
 .data          0x020717f8        0x0 /home/hansung/ndsdev/devkitPro/devkitARM/bin/../lib/gcc/arm-none-eabi/4.7.1/../../../../arm-none-eabi/lib/thumb/libg.a(lib_a-fputwc.o)
 .data          0x020717f8        0x0 /home/hansung/ndsdev/devkitPro/devkitARM/bin/../lib/gcc/arm-none-eabi/4.7.1/../../../../arm-none-eabi/lib/thumb/libg.a(lib_a-freer.o)
 .data          0x020717f8        0x0 /home/hansung/ndsdev/devkitPro/devkitARM/bin/../lib/gcc/arm-none-eabi/4.7.1/../../../../arm-none-eabi/lib/thumb/libg.a(lib_a-fvwrite.o)
 .data          0x020717f8        0x0 /home/hansung/ndsdev/devkitPro/devkitARM/bin/../lib/gcc/arm-none-eabi/4.7.1/../../../../arm-none-eabi/lib/thumb/libg.a(lib_a-fwalk.o)
 .data          0x020717f8        0x0 /home/hansung/ndsdev/devkitPro/devkitARM/bin/../lib/gcc/arm-none-eabi/4.7.1/../../../../arm-none-eabi/lib/thumb/libg.a(lib_a-iswspace.o)
 .data          0x020717f8        0x0 /home/hansung/ndsdev/devkitPro/devkitARM/bin/../lib/gcc/arm-none-eabi/4.7.1/../../../../arm-none-eabi/lib/thumb/libg.a(lib_a-jp2uc.o)
 .data          0x020717f8      0x17c /home/hansung/ndsdev/devkitPro/devkitARM/bin/../lib/gcc/arm-none-eabi/4.7.1/../../../../arm-none-eabi/lib/thumb/libg.a(lib_a-locale.o)
                0x020717f8                __default_locale
                0x02071918                __mb_cur_max
 .data          0x02071974        0x0 /home/hansung/ndsdev/devkitPro/devkitARM/bin/../lib/gcc/arm-none-eabi/4.7.1/../../../../arm-none-eabi/lib/thumb/libg.a(lib_a-makebuf.o)
 .data          0x02071974        0x0 /home/hansung/ndsdev/devkitPro/devkitARM/bin/../lib/gcc/arm-none-eabi/4.7.1/../../../../arm-none-eabi/lib/thumb/libg.a(lib_a-mbrtowc.o)
 .data          0x02071974        0x4 /home/hansung/ndsdev/devkitPro/devkitARM/bin/../lib/gcc/arm-none-eabi/4.7.1/../../../../arm-none-eabi/lib/thumb/libg.a(lib_a-mbtowc_r.o)
                0x02071974                __mbtowc
 .data          0x02071978        0x0 /home/hansung/ndsdev/devkitPro/devkitARM/bin/../lib/gcc/arm-none-eabi/4.7.1/../../../../arm-none-eabi/lib/thumb/libg.a(lib_a-memchr-stub.o)
 .data          0x02071978        0x0 /home/hansung/ndsdev/devkitPro/devkitARM/bin/../lib/gcc/arm-none-eabi/4.7.1/../../../../arm-none-eabi/lib/thumb/libg.a(lib_a-memmove.o)
 .data          0x02071978        0x0 /home/hansung/ndsdev/devkitPro/devkitARM/bin/../lib/gcc/arm-none-eabi/4.7.1/../../../../arm-none-eabi/lib/thumb/libg.a(lib_a-mprec.o)
 .data          0x02071978        0x0 /home/hansung/ndsdev/devkitPro/devkitARM/bin/../lib/gcc/arm-none-eabi/4.7.1/../../../../arm-none-eabi/lib/thumb/libg.a(lib_a-sccl.o)
 .data          0x02071978        0x0 /home/hansung/ndsdev/devkitPro/devkitARM/bin/../lib/gcc/arm-none-eabi/4.7.1/../../../../arm-none-eabi/lib/thumb/libg.a(lib_a-s_fpclassify.o)
 .data          0x02071978        0x0 /home/hansung/ndsdev/devkitPro/devkitARM/bin/../lib/gcc/arm-none-eabi/4.7.1/../../../../arm-none-eabi/lib/thumb/libg.a(lib_a-strcasecmp.o)
 .data          0x02071978        0x0 /home/hansung/ndsdev/devkitPro/devkitARM/bin/../lib/gcc/arm-none-eabi/4.7.1/../../../../arm-none-eabi/lib/thumb/libg.a(lib_a-strchr.o)
 .data          0x02071978        0x0 /home/hansung/ndsdev/devkitPro/devkitARM/bin/../lib/gcc/arm-none-eabi/4.7.1/../../../../arm-none-eabi/lib/thumb/libg.a(lib_a-strcmp.o)
 .data          0x02071978        0x0 /home/hansung/ndsdev/devkitPro/devkitARM/bin/../lib/gcc/arm-none-eabi/4.7.1/../../../../arm-none-eabi/lib/thumb/libg.a(lib_a-strlcpy.o)
 .data          0x02071978        0x0 /home/hansung/ndsdev/devkitPro/devkitARM/bin/../lib/gcc/arm-none-eabi/4.7.1/../../../../arm-none-eabi/lib/thumb/libg.a(lib_a-strncasecmp.o)
 .data          0x02071978        0x0 /home/hansung/ndsdev/devkitPro/devkitARM/bin/../lib/gcc/arm-none-eabi/4.7.1/../../../../arm-none-eabi/lib/thumb/libg.a(lib_a-strncmp.o)
 .data          0x02071978        0x0 /home/hansung/ndsdev/devkitPro/devkitARM/bin/../lib/gcc/arm-none-eabi/4.7.1/../../../../arm-none-eabi/lib/thumb/libg.a(lib_a-strtoll_r.o)
 .data          0x02071978        0x0 /home/hansung/ndsdev/devkitPro/devkitARM/bin/../lib/gcc/arm-none-eabi/4.7.1/../../../../arm-none-eabi/lib/thumb/libg.a(lib_a-strtol.o)
 .data          0x02071978        0x0 /home/hansung/ndsdev/devkitPro/devkitARM/bin/../lib/gcc/arm-none-eabi/4.7.1/../../../../arm-none-eabi/lib/thumb/libg.a(lib_a-strtoull_r.o)
 .data          0x02071978        0x0 /home/hansung/ndsdev/devkitPro/devkitARM/bin/../lib/gcc/arm-none-eabi/4.7.1/../../../../arm-none-eabi/lib/thumb/libg.a(lib_a-strtoul.o)
 .data          0x02071978        0x0 /home/hansung/ndsdev/devkitPro/devkitARM/bin/../lib/gcc/arm-none-eabi/4.7.1/../../../../arm-none-eabi/lib/thumb/libg.a(lib_a-svfiprintf.o)
 .data          0x02071978        0x0 /home/hansung/ndsdev/devkitPro/devkitARM/bin/../lib/gcc/arm-none-eabi/4.7.1/../../../../arm-none-eabi/lib/thumb/libg.a(lib_a-wbuf.o)
 .data          0x02071978        0x0 /home/hansung/ndsdev/devkitPro/devkitARM/bin/../lib/gcc/arm-none-eabi/4.7.1/../../../../arm-none-eabi/lib/thumb/libg.a(lib_a-wcsnrtombs.o)
 .data          0x02071978        0x0 /home/hansung/ndsdev/devkitPro/devkitARM/bin/../lib/gcc/arm-none-eabi/4.7.1/../../../../arm-none-eabi/lib/thumb/libg.a(lib_a-callocr.o)
 .data          0x02071978        0x0 /home/hansung/ndsdev/devkitPro/devkitARM/bin/../lib/gcc/arm-none-eabi/4.7.1/../../../../arm-none-eabi/lib/thumb/libg.a(lib_a-fclose.o)
 .data          0x02071978        0x0 /home/hansung/ndsdev/devkitPro/devkitARM/bin/../lib/gcc/arm-none-eabi/4.7.1/../../../../arm-none-eabi/lib/thumb/libg.a(lib_a-getenv_r.o)
 .data          0x02071978        0x4 /home/hansung/ndsdev/devkitPro/devkitARM/bin/../lib/gcc/arm-none-eabi/4.7.1/../../../../arm-none-eabi/lib/thumb/libg.a(lib_a-environ.o)
                0x02071978                environ
 .data          0x0207197c        0x0 /home/hansung/ndsdev/devkitPro/devkitARM/bin/../lib/gcc/arm-none-eabi/4.7.1/../../../../arm-none-eabi/lib/thumb/libg.a(lib_a-envlock.o)
 .data          0x0207197c       0x44 /home/hansung/ndsdev/devkitPro/devkitARM/bin/../lib/gcc/arm-none-eabi/4.7.1/../../../../arm-none-eabi/lib/thumb/libsysbase.a(iosupport.o)
                0x02071980                devoptab_list
 .data          0x020719c0        0x0 /home/hansung/ndsdev/devkitPro/devkitARM/bin/../lib/gcc/arm-none-eabi/4.7.1/../../../../arm-none-eabi/lib/thumb/libsysbase.a(close.o)
 .data          0x020719c0        0x0 /home/hansung/ndsdev/devkitPro/devkitARM/bin/../lib/gcc/arm-none-eabi/4.7.1/../../../../arm-none-eabi/lib/thumb/libsysbase.a(fstat.o)
 .data          0x020719c0        0x0 /home/hansung/ndsdev/devkitPro/devkitARM/bin/../lib/gcc/arm-none-eabi/4.7.1/../../../../arm-none-eabi/lib/thumb/libsysbase.a(isatty.o)
 .data          0x020719c0        0x0 /home/hansung/ndsdev/devkitPro/devkitARM/bin/../lib/gcc/arm-none-eabi/4.7.1/../../../../arm-none-eabi/lib/thumb/libsysbase.a(lseek.o)
 .data          0x020719c0        0x0 /home/hansung/ndsdev/devkitPro/devkitARM/bin/../lib/gcc/arm-none-eabi/4.7.1/../../../../arm-none-eabi/lib/thumb/libsysbase.a(read.o)
 .data          0x020719c0        0x0 /home/hansung/ndsdev/devkitPro/devkitARM/bin/../lib/gcc/arm-none-eabi/4.7.1/../../../../arm-none-eabi/lib/thumb/libsysbase.a(sbrk.o)
 .data          0x020719c0        0x0 /home/hansung/ndsdev/devkitPro/devkitARM/bin/../lib/gcc/arm-none-eabi/4.7.1/../../../../arm-none-eabi/lib/thumb/libsysbase.a(times.o)
 .data          0x020719c0        0x0 /home/hansung/ndsdev/devkitPro/devkitARM/bin/../lib/gcc/arm-none-eabi/4.7.1/../../../../arm-none-eabi/lib/thumb/libsysbase.a(write.o)
 .data          0x020719c0        0x0 /home/hansung/ndsdev/devkitPro/devkitARM/bin/../lib/gcc/arm-none-eabi/4.7.1/../../../../arm-none-eabi/lib/thumb/libsysbase.a(malloc_vars.o)
 .data          0x020719c0        0x0 /home/hansung/ndsdev/devkitPro/devkitARM/bin/../lib/gcc/arm-none-eabi/4.7.1/../../../../arm-none-eabi/lib/thumb/libsysbase.a(build_argv.o)
 .data          0x020719c0        0x0 /home/hansung/ndsdev/devkitPro/devkitARM/bin/../lib/gcc/arm-none-eabi/4.7.1/../../../../arm-none-eabi/lib/thumb/libsysbase.a(syscall_support.o)
 .data          0x020719c0        0x0 /home/hansung/ndsdev/devkitPro/devkitARM/bin/../lib/gcc/arm-none-eabi/4.7.1/../../../../arm-none-eabi/lib/thumb/libsysbase.a(handle_manager.o)
 .data          0x020719c0        0x0 /home/hansung/ndsdev/devkitPro/devkitARM/bin/../lib/gcc/arm-none-eabi/4.7.1/thumb/libgcc.a(_arm_addsubdf3.o)
 .data          0x020719c0        0x0 /home/hansung/ndsdev/devkitPro/devkitARM/bin/../lib/gcc/arm-none-eabi/4.7.1/thumb/libgcc.a(_arm_muldivdf3.o)
 .data          0x020719c0        0x0 /home/hansung/ndsdev/devkitPro/devkitARM/bin/../lib/gcc/arm-none-eabi/4.7.1/thumb/libgcc.a(_arm_cmpdf2.o)
 .data          0x020719c0        0x0 /home/hansung/ndsdev/devkitPro/devkitARM/bin/../lib/gcc/arm-none-eabi/4.7.1/thumb/libgcc.a(_arm_fixdfsi.o)
 .data          0x020719c0        0x0 /home/hansung/ndsdev/devkitPro/devkitARM/bin/../lib/gcc/arm-none-eabi/4.7.1/thumb/libgcc.a(_aeabi_uldivmod.o)
 .data          0x020719c0        0x0 /home/hansung/ndsdev/devkitPro/devkitARM/bin/../lib/gcc/arm-none-eabi/4.7.1/thumb/libgcc.a(bpabi.o)
 .data          0x020719c0        0x0 /home/hansung/ndsdev/devkitPro/devkitARM/bin/../lib/gcc/arm-none-eabi/4.7.1/thumb/libgcc.a(_divdi3.o)
 .data          0x020719c0        0x0 /home/hansung/ndsdev/devkitPro/devkitARM/bin/../lib/gcc/arm-none-eabi/4.7.1/thumb/libgcc.a(_udivdi3.o)
 .data          0x020719c0        0x0 /home/hansung/ndsdev/devkitPro/devkitARM/bin/../lib/gcc/arm-none-eabi/4.7.1/thumb/libgcc.a(_clzsi2.o)
 .data          0x020719c0        0x0 /home/hansung/ndsdev/devkitPro/devkitARM/bin/../lib/gcc/arm-none-eabi/4.7.1/../../../../arm-none-eabi/lib/thumb/libg.a(lib_a-errno.o)
 .data          0x020719c0        0x0 /home/hansung/ndsdev/devkitPro/devkitARM/bin/../lib/gcc/arm-none-eabi/4.7.1/thumb/crtend.o
 .data          0x020719c0        0x0 /home/hansung/ndsdev/devkitPro/devkitARM/bin/../lib/gcc/arm-none-eabi/4.7.1/thumb/crtn.o
 *(.data.*)
 *(.gnu.linkonce.d*)
                0x020719c0                . = ALIGN (0x4)
                0x020719c0                __data_end = ABSOLUTE (.)
                0x020719c0                __dtcm_lma = .
                0x020719c0                __bss_vma = .

.igot.plt       0x020719c0        0x0
 .igot.plt      0x00000000        0x0 /home/hansung/ndsdev/devkitPro/devkitARM/bin/../lib/gcc/arm-none-eabi/4.7.1/../../../../arm-none-eabi/lib/thumb/ds_arm9_crt0.o

.tm_clone_table
                0x020719c0        0x0
 .tm_clone_table
                0x020719c0        0x0 /home/hansung/ndsdev/devkitPro/devkitARM/bin/../lib/gcc/arm-none-eabi/4.7.1/thumb/crtbegin.o
 .tm_clone_table
                0x020719c0        0x0 /home/hansung/ndsdev/devkitPro/devkitARM/bin/../lib/gcc/arm-none-eabi/4.7.1/thumb/crtend.o

.dtcm           0x0b000000        0x0 load address 0x020719c0
 *(.dtcm)
 *(.dtcm.*)
                0x0b000000                . = ALIGN (0x4)
                0x0b000000                __dtcm_end = ABSOLUTE (.)
                0x020719c0                __itcm_lma = (__dtcm_lma + SIZEOF (.dtcm))

.itcm           0x01000100      0x194 load address 0x020719c0
 *(.itcm)
 .itcm          0x01000100       0xc8 /home/hansung/ndsdev/devkitPro/libnds/lib/libnds9.a(interrupts.o)
                0x01000100                irqTable
 .itcm          0x010001c8       0xcc /home/hansung/ndsdev/devkitPro/libnds/lib/libnds9.a(interruptDispatcher.o)
                0x010001c8                IntrMain
 *itcm.*(.text)
                0x01000294                . = ALIGN (0x4)
                0x01000294                __itcm_end = ABSOLUTE (.)
                0x02071b54                __vectors_lma = (__itcm_lma + SIZEOF (.itcm))

.vectors        0x01000000        0x0 load address 0x02071b54
 *(.vectors)
 *vectors.*(.text)
                0x01000000                . = ALIGN (0x4)
                0x01000000                __vectors_end = ABSOLUTE (.)

.sbss           0x0b000000        0x0
                0x0b000000                __sbss_start = ABSOLUTE (.)
                0x0b000000                __sbss_start__ = ABSOLUTE (.)
 *(.sbss)
                0x0b000000                . = ALIGN (0x4)
                0x0b000000                __sbss_end = ABSOLUTE (.)

.bss            0x020719c0     0x465c
                0x020719c0                __bss_start = ABSOLUTE (.)
                0x020719c0                __bss_start__ = ABSOLUTE (.)
 *(.dynbss)
 *(.gnu.linkonce.b*)
 *(.bss*)
 .bss           0x020719c0        0x0 /home/hansung/ndsdev/devkitPro/devkitARM/bin/../lib/gcc/arm-none-eabi/4.7.1/../../../../arm-none-eabi/lib/thumb/ds_arm9_crt0.o
 .bss           0x020719c0        0x0 /home/hansung/ndsdev/devkitPro/devkitARM/bin/../lib/gcc/arm-none-eabi/4.7.1/thumb/crti.o
 .bss           0x020719c0       0x1c /home/hansung/ndsdev/devkitPro/devkitARM/bin/../lib/gcc/arm-none-eabi/4.7.1/thumb/crtbegin.o
 .bss           0x020719dc        0x0 Menu.o
 .bss           0x020719dc        0x0 background.o
 .bss           0x020719dc        0x0 dong.o
 .bss           0x020719dc        0x0 down.o
 .bss           0x020719dc        0x0 gameover.o
 .bss           0x020719dc        0x0 left.o
 .bss           0x020719dc        0x0 mainup.o
 .bss           0x020719dc        0x0 ranking.o
 .bss           0x020719dc        0x0 right.o
 .bss           0x020719dc        0x0 up.o
 .bss           0x020719dc       0x80 croutine.o
                0x02071a48                pxCurrentCoRoutine
 .bss           0x02071a5c        0x0 list.o
 .bss           0x02071a5c        0x0 queue.o
 .bss           0x02071a5c     0x14cc tasks.o
                0x02071a5c                pxCurrentTCB
 .bss           0x02072f28        0x8 card_spi.o
 .bss           0x02072f30     0x1050 gdbStub.o
                0x02073f30                regMem
 .bss           0x02073f80        0x0 heap_3.o
 .bss           0x02073f80        0x0 port.o
 .bss           0x02073f80        0x0 portISR.o
 .bss           0x02073f80       0x70 sevencore_io.o
 .bss           0x02073ff0        0x0 Exp_Homework.o
 .bss           0x02073ff0        0x0 main.o
 .bss           0x02073ff0        0x0 gdbStubAsm.o
 .bss           0x02073ff0        0x0 port_asm.o
 .bss           0x02073ff0        0x0 /home/hansung/ndsdev/devkitPro/libnds/lib/libnds9.a(background.o)
 .bss           0x02073ff0        0x0 /home/hansung/ndsdev/devkitPro/libnds/lib/libnds9.a(console.o)
 .bss           0x02073ff0        0x0 /home/hansung/ndsdev/devkitPro/libnds/lib/libnds9.a(decompress.o)
 .bss           0x02073ff0        0x0 /home/hansung/ndsdev/devkitPro/libnds/lib/libnds9.a(exceptions.o)
 .bss           0x02073ff0        0x6 /home/hansung/ndsdev/devkitPro/libnds/lib/libnds9.a(keys.o)
 .bss           0x02073ff6        0x0 /home/hansung/ndsdev/devkitPro/libnds/lib/libnds9.a(sassert.o)
 .bss           0x02073ff6        0x0 /home/hansung/ndsdev/devkitPro/libnds/lib/libnds9.a(touch.o)
 .bss           0x02073ff6        0x0 /home/hansung/ndsdev/devkitPro/libnds/lib/libnds9.a(trig.o)
 *fill*         0x02073ff6        0x2 00
 .bss           0x02073ff8        0x8 /home/hansung/ndsdev/devkitPro/libnds/lib/libnds9.a(videoGL.o)
 .bss           0x02074000        0x0 /home/hansung/ndsdev/devkitPro/libnds/lib/libnds9.a(initSystem.o)
 .bss           0x02074000        0x8 /home/hansung/ndsdev/devkitPro/libnds/lib/libnds9.a(fifosystem.o)
                0x02074004                processing
 .bss           0x02074008        0x0 /home/hansung/ndsdev/devkitPro/libnds/lib/libnds9.a(interrupts.o)
 .bss           0x02074008        0x0 /home/hansung/ndsdev/devkitPro/libnds/lib/libnds9.a(libnds_exit.arm.o)
 .bss           0x02074008        0x0 /home/hansung/ndsdev/devkitPro/libnds/lib/libnds9.a(syscalls.o)
 .bss           0x02074008        0x0 /home/hansung/ndsdev/devkitPro/libnds/lib/libnds9.a(exceptionHandler.o)
 .bss           0x02074008        0x0 /home/hansung/ndsdev/devkitPro/libnds/lib/libnds9.a(mpu_setup.o)
 .bss           0x02074008        0x0 /home/hansung/ndsdev/devkitPro/libnds/lib/libnds9.a(biosCalls.o)
 .bss           0x02074008        0x0 /home/hansung/ndsdev/devkitPro/libnds/lib/libnds9.a(debugprint.o)
 .bss           0x02074008        0x0 /home/hansung/ndsdev/devkitPro/libnds/lib/libnds9.a(interruptDispatcher.o)
 .bss           0x02074008        0x0 /home/hansung/ndsdev/devkitPro/libnds/lib/libnds9.a(swiSoftReset.o)
 .bss           0x02074008        0x0 /home/hansung/ndsdev/devkitPro/libnds/lib/libnds9.a(default_font.bin.o)
 .bss           0x02074008        0x0 /home/hansung/ndsdev/devkitPro/libnds/lib/libnds9.a(dynamicArray.o)
 .bss           0x02074008        0x4 /home/hansung/ndsdev/devkitPro/libnds/lib/libnds9.a(system.o)
 .bss           0x0207400c        0x0 /home/hansung/ndsdev/devkitPro/libnds/lib/libnds9.a(video.o)
 .bss           0x0207400c        0x0 /home/hansung/ndsdev/devkitPro/devkitARM/bin/../lib/gcc/arm-none-eabi/4.7.1/thumb/libgcc.a(_udivsi3.o)
 .bss           0x0207400c        0x0 /home/hansung/ndsdev/devkitPro/devkitARM/bin/../lib/gcc/arm-none-eabi/4.7.1/thumb/libgcc.a(_divsi3.o)
 .bss           0x0207400c        0x0 /home/hansung/ndsdev/devkitPro/devkitARM/bin/../lib/gcc/arm-none-eabi/4.7.1/thumb/libgcc.a(_dvmd_tls.o)
 .bss           0x0207400c        0x0 /home/hansung/ndsdev/devkitPro/devkitARM/bin/../lib/gcc/arm-none-eabi/4.7.1/thumb/libgcc.a(_muldi3.o)
 .bss           0x0207400c        0x0 /home/hansung/ndsdev/devkitPro/devkitARM/bin/../lib/gcc/arm-none-eabi/4.7.1/../../../../arm-none-eabi/lib/thumb/libg.a(lib_a-bsearch.o)
 .bss           0x0207400c        0x0 /home/hansung/ndsdev/devkitPro/devkitARM/bin/../lib/gcc/arm-none-eabi/4.7.1/../../../../arm-none-eabi/lib/thumb/libg.a(lib_a-impure.o)
 .bss           0x0207400c        0x0 /home/hansung/ndsdev/devkitPro/devkitARM/bin/../lib/gcc/arm-none-eabi/4.7.1/../../../../arm-none-eabi/lib/thumb/libg.a(lib_a-init.o)
 .bss           0x0207400c        0x0 /home/hansung/ndsdev/devkitPro/devkitARM/bin/../lib/gcc/arm-none-eabi/4.7.1/../../../../arm-none-eabi/lib/thumb/libg.a(lib_a-iprintf.o)
 .bss           0x0207400c        0x0 /home/hansung/ndsdev/devkitPro/devkitARM/bin/../lib/gcc/arm-none-eabi/4.7.1/../../../../arm-none-eabi/lib/thumb/libg.a(lib_a-malloc.o)
 .bss           0x0207400c       0x34 /home/hansung/ndsdev/devkitPro/devkitARM/bin/../lib/gcc/arm-none-eabi/4.7.1/../../../../arm-none-eabi/lib/thumb/libg.a(lib_a-mallocr.o)
                0x0207400c                __malloc_top_pad
                0x02074010                __malloc_current_mallinfo
                0x02074038                __malloc_max_sbrked_mem
                0x0207403c                __malloc_max_total_mem
 .bss           0x02074040        0x0 /home/hansung/ndsdev/devkitPro/devkitARM/bin/../lib/gcc/arm-none-eabi/4.7.1/../../../../arm-none-eabi/lib/thumb/libg.a(lib_a-memcpy-stub.o)
 .bss           0x02074040        0x0 /home/hansung/ndsdev/devkitPro/devkitARM/bin/../lib/gcc/arm-none-eabi/4.7.1/../../../../arm-none-eabi/lib/thumb/libg.a(lib_a-memset.o)
 .bss           0x02074040        0x0 /home/hansung/ndsdev/devkitPro/devkitARM/bin/../lib/gcc/arm-none-eabi/4.7.1/../../../../arm-none-eabi/lib/thumb/libg.a(lib_a-mlock.o)
 .bss           0x02074040        0x0 /home/hansung/ndsdev/devkitPro/devkitARM/bin/../lib/gcc/arm-none-eabi/4.7.1/../../../../arm-none-eabi/lib/thumb/libg.a(lib_a-realloc.o)
 .bss           0x02074040        0x0 /home/hansung/ndsdev/devkitPro/devkitARM/bin/../lib/gcc/arm-none-eabi/4.7.1/../../../../arm-none-eabi/lib/thumb/libg.a(lib_a-reallocr.o)
 .bss           0x02074040        0x0 /home/hansung/ndsdev/devkitPro/devkitARM/bin/../lib/gcc/arm-none-eabi/4.7.1/../../../../arm-none-eabi/lib/thumb/libg.a(lib_a-setvbuf.o)
 .bss           0x02074040        0x0 /home/hansung/ndsdev/devkitPro/devkitARM/bin/../lib/gcc/arm-none-eabi/4.7.1/../../../../arm-none-eabi/lib/thumb/libg.a(lib_a-siscanf.o)
 .bss           0x02074040        0x0 /home/hansung/ndsdev/devkitPro/devkitARM/bin/../lib/gcc/arm-none-eabi/4.7.1/../../../../arm-none-eabi/lib/thumb/libg.a(lib_a-sprintf.o)
 .bss           0x02074040        0x0 /home/hansung/ndsdev/devkitPro/devkitARM/bin/../lib/gcc/arm-none-eabi/4.7.1/../../../../arm-none-eabi/lib/thumb/libg.a(lib_a-stdio.o)
 .bss           0x02074040        0x0 /home/hansung/ndsdev/devkitPro/devkitARM/bin/../lib/gcc/arm-none-eabi/4.7.1/../../../../arm-none-eabi/lib/thumb/libg.a(lib_a-strcat.o)
 .bss           0x02074040        0x0 /home/hansung/ndsdev/devkitPro/devkitARM/bin/../lib/gcc/arm-none-eabi/4.7.1/../../../../arm-none-eabi/lib/thumb/libg.a(lib_a-strcpy.o)
 .bss           0x02074040        0x0 /home/hansung/ndsdev/devkitPro/devkitARM/bin/../lib/gcc/arm-none-eabi/4.7.1/../../../../arm-none-eabi/lib/thumb/libg.a(lib_a-strlen.o)
 .bss           0x02074040        0x0 /home/hansung/ndsdev/devkitPro/devkitARM/bin/../lib/gcc/arm-none-eabi/4.7.1/../../../../arm-none-eabi/lib/thumb/libg.a(lib_a-strncpy.o)
 .bss           0x02074040        0x0 /home/hansung/ndsdev/devkitPro/devkitARM/bin/../lib/gcc/arm-none-eabi/4.7.1/../../../../arm-none-eabi/lib/thumb/libg.a(lib_a-svfiscanf.o)
 .bss           0x02074040        0x0 /home/hansung/ndsdev/devkitPro/devkitARM/bin/../lib/gcc/arm-none-eabi/4.7.1/../../../../arm-none-eabi/lib/thumb/libg.a(lib_a-svfprintf.o)
 .bss           0x02074040        0x0 /home/hansung/ndsdev/devkitPro/devkitARM/bin/../lib/gcc/arm-none-eabi/4.7.1/../../../../arm-none-eabi/lib/thumb/libg.a(lib_a-ungetc.o)
 .bss           0x02074040        0x0 /home/hansung/ndsdev/devkitPro/devkitARM/bin/../lib/gcc/arm-none-eabi/4.7.1/../../../../arm-none-eabi/lib/thumb/libg.a(lib_a-vfiprintf.o)
 .bss           0x02074040        0x0 /home/hansung/ndsdev/devkitPro/devkitARM/bin/../lib/gcc/arm-none-eabi/4.7.1/../../../../arm-none-eabi/lib/thumb/libg.a(lib_a-wcrtomb.o)
 .bss           0x02074040        0x0 /home/hansung/ndsdev/devkitPro/devkitARM/bin/../lib/gcc/arm-none-eabi/4.7.1/../../../../arm-none-eabi/lib/thumb/libg.a(lib_a-wcsrtombs.o)
 .bss           0x02074040        0x0 /home/hansung/ndsdev/devkitPro/devkitARM/bin/../lib/gcc/arm-none-eabi/4.7.1/../../../../arm-none-eabi/lib/thumb/libg.a(lib_a-wctomb_r.o)
 .bss           0x02074040        0x0 /home/hansung/ndsdev/devkitPro/devkitARM/bin/../lib/gcc/arm-none-eabi/4.7.1/../../../../arm-none-eabi/lib/thumb/libg.a(lib_a-wsetup.o)
 .bss           0x02074040        0x0 /home/hansung/ndsdev/devkitPro/devkitARM/bin/../lib/gcc/arm-none-eabi/4.7.1/../../../../arm-none-eabi/lib/thumb/libg.a(lib_a-ctype_.o)
 .bss           0x02074040        0x0 /home/hansung/ndsdev/devkitPro/devkitARM/bin/../lib/gcc/arm-none-eabi/4.7.1/../../../../arm-none-eabi/lib/thumb/libg.a(lib_a-dtoa.o)
 .bss           0x02074040        0x0 /home/hansung/ndsdev/devkitPro/devkitARM/bin/../lib/gcc/arm-none-eabi/4.7.1/../../../../arm-none-eabi/lib/thumb/libg.a(lib_a-fflush.o)
 .bss           0x02074040        0x0 /home/hansung/ndsdev/devkitPro/devkitARM/bin/../lib/gcc/arm-none-eabi/4.7.1/../../../../arm-none-eabi/lib/thumb/libg.a(lib_a-findfp.o)
 .bss           0x02074040        0x0 /home/hansung/ndsdev/devkitPro/devkitARM/bin/../lib/gcc/arm-none-eabi/4.7.1/../../../../arm-none-eabi/lib/thumb/libg.a(lib_a-fputwc.o)
 .bss           0x02074040        0x0 /home/hansung/ndsdev/devkitPro/devkitARM/bin/../lib/gcc/arm-none-eabi/4.7.1/../../../../arm-none-eabi/lib/thumb/libg.a(lib_a-freer.o)
 .bss           0x02074040        0x0 /home/hansung/ndsdev/devkitPro/devkitARM/bin/../lib/gcc/arm-none-eabi/4.7.1/../../../../arm-none-eabi/lib/thumb/libg.a(lib_a-fvwrite.o)
 .bss           0x02074040        0x0 /home/hansung/ndsdev/devkitPro/devkitARM/bin/../lib/gcc/arm-none-eabi/4.7.1/../../../../arm-none-eabi/lib/thumb/libg.a(lib_a-fwalk.o)
 .bss           0x02074040        0x0 /home/hansung/ndsdev/devkitPro/devkitARM/bin/../lib/gcc/arm-none-eabi/4.7.1/../../../../arm-none-eabi/lib/thumb/libg.a(lib_a-iswspace.o)
 .bss           0x02074040        0x0 /home/hansung/ndsdev/devkitPro/devkitARM/bin/../lib/gcc/arm-none-eabi/4.7.1/../../../../arm-none-eabi/lib/thumb/libg.a(lib_a-jp2uc.o)
 .bss           0x02074040      0x2b8 /home/hansung/ndsdev/devkitPro/devkitARM/bin/../lib/gcc/arm-none-eabi/4.7.1/../../../../arm-none-eabi/lib/thumb/libg.a(lib_a-locale.o)
                0x020742ec                _PathLocale
                0x020742f0                __mlocale_changed
                0x020742f4                __nlocale_changed
 .bss           0x020742f8        0x0 /home/hansung/ndsdev/devkitPro/devkitARM/bin/../lib/gcc/arm-none-eabi/4.7.1/../../../../arm-none-eabi/lib/thumb/libg.a(lib_a-makebuf.o)